main.c:183:5:main	8	static
main.c:376:6:SystemClock_Config	248	static
main.c:455:13:MX_I2C1_Init	8	static
main.c:501:13:MX_LPUART1_UART_Init	8	static
main.c:549:13:MX_UART4_Init	8	static
main.c:597:13:MX_USART1_UART_Init	8	static
main.c:645:13:MX_USART2_UART_Init	8	static
main.c:693:13:MX_USART3_UART_Init	8	static
main.c:741:13:MX_TIM2_Init	64	static
main.c:800:13:MX_TIM4_Init	64	static
main.c:863:13:MX_TIM7_Init	24	static
main.c:901:13:MX_USB_OTG_FS_PCD_Init	8	static
main.c:935:13:MX_GPIO_Init	64	static
main.c:1033:6:QueueBuffer	24	static
main.c:1060:6:DelayMicro	24	static
main.c:1070:6:EXTI15_10_IRQHandler	8	static
main.c:1082:6:reverse	40	static
main.c:1099:5:intToStr	32	static
main.c:1119:6:ftoa	48	static
main.c:1148:6:PID	24	static
main.c:1178:6:ReceiveData_PC	24	static
main.c:1319:6:StartFusion	32	static
main.c:1475:6:StartRxSensors	56	static
main.c:1746:6:Start_Motors_Ctrl	16	static
main.c:1807:6:HAL_TIM_PeriodElapsedCallback	16	static
main.c:1824:6:Error_Handler	4	static
