******************************************************************************
                  TI ARM Linker PC v16.9.6                     
******************************************************************************
>> Linked Fri Jul 03 12:06:44 2020

OUTPUT FILE NAME:   <pa_18xx_mss.xer4f>
ENTRY POINT SYMBOL: "_c_int00"  address: 0000ed40


MEMORY CONFIGURATION

         name            origin    length      used     unused   attr    fill
----------------------  --------  ---------  --------  --------  ----  --------
  VECTORS               00000000   00000100  0000003c  000000c4     X
  PROG_RAM              00000100   0007ff00  00015ca0  0006a260  R  X
  DATA_RAM              08000000   00030000  0000c6ac  00023954  RW  
  L3_RAM                51000000   000a0000  00000000  000a0000  RW  
  HWA_RAM               52030000   00010000  00000000  00010000  RW  
  HS_RAM                52080000   00008000  00000000  00008000  RW  


SEGMENT ALLOCATION MAP

run origin  load origin   length   init length attrs members
----------  ----------- ---------- ----------- ----- -------
00000000    00000000    0000003c   0000003c    r--
  00000000    00000000    0000003c   0000003c    r-- .vecs
00000100    00000100    00015ca8   00015ca8    r-x
  00000100    00000100    000130a4   000130a4    r-x .text
  000131a8    000131a8    0000282c   0000282c    r-- .const
  000159d8    000159d8    000003d0   000003d0    r-- .cinit
08000000    08000000    0000c6b0   00000000    rw-
  08000000    08000000    00008000   00000000    rw- systemHeap
  08008000    08008000    00001ee0   00000000    rw- .bss
  08009ee0    08009ee0    00001000   00000000    rw- .stack
  0800aee0    0800aee0    00000fcc   00000000    rw- .data
  0800beb0    0800beb0    00000800   00000000    rw- .myFiqStack


SECTION ALLOCATION MAP

 output                                  attributes/
section   page    origin      length       input sections
--------  ----  ----------  ----------   ----------------
.text      0    00000100    000130a4     
                  00000100    0000107a     rtsv7R4_T_le_v3D16_eabi.lib : _printfi.obj (.text)
                  0000117a    00000006     libosal_xwr18xx.aer4f : HwiP_tirtos.oer4f (.text:HwiP_restore)
                  00001180    00000750     sysbios.aer4f : BIOS.obj (.text:xdc_runtime_System_doPrint__I)
                  000018d0    000004fc                   : BIOS.obj (.text:ti_sysbios_knl_Semaphore_pend__E)
                  00001dcc    0000047c     mss_main.obj (.text:MRR_MSS_initTask)
                  00002248    000003fc     libcli_xwr18xx.aer4f : cli_mmwave.oer4f (.text:CLI_MMWaveVersion)
                  00002644    0000000c     libmmwave_xwr18xx.aer4f : mmwave_dualcore.oer4f (.text:MMWave_deviceMailboxCallbackFxn)
                  00002650    000003f0     sysbios.aer4f : BIOS.obj (.text:ti_sysbios_heaps_HeapMem_freeUnprotected__E)
                  00002a40    0000038c     mss_pa_per4f.oer4f (.text:xdc_runtime_System_printfExtend__I)
                  00002dcc    00000004     libosal_xwr18xx.aer4f : HwiP_tirtos.oer4f (.text:HwiP_disableInterrupt)
                  00002dd0    00000388     sysbios.aer4f : BIOS.obj (.text:ti_sysbios_knl_Task_Instance_finalize__E)
                  00003158    00000008     libosal_xwr18xx.aer4f : HwiP_tirtos.oer4f (.text:HwiP_disable)
                  00003160    00000354     sysbios.aer4f : BIOS.obj (.text:ti_sysbios_heaps_HeapMem_allocUnprotected__E)
                  000034b4    0000000c     libmmwave_xwr18xx.aer4f : mmwave_osal.oer4f (.text:MMWave_osalMutexUnlock)
                  000034c0    0000030c     sysbios.aer4f : BIOS.obj (.text:ti_sysbios_knl_Task_sleep__E)
                  000037cc    00000300     libsoc_xwr18xx.aer4f : soc_xwr18xx_mss.oer4f (.text:SOC_deviceInit)
                  00003acc    00000004     libosal_xwr18xx.aer4f : HwiP_tirtos.oer4f (.text:HwiP_enableInterrupt)
                  00003ad0    000002fc     sysbios.aer4f : BIOS.obj (.text:ti_sysbios_family_arm_exc_Exception_excDumpContext__I)
                  00003dcc    00000004     libmmwave_xwr18xx.aer4f : mmwave_link.oer4f (.text:MMWave_disableDevice)
                  00003dd0    000002d4     sysbios.aer4f : BIOS.obj (.text:ti_sysbios_family_arm_v7r_vim_Hwi_dispatchIRQC__I)
                  000040a4    0000000c     libmmwave_xwr18xx.aer4f : mmwave_osal.oer4f (.text:MMWave_osalSemSignal)
                  000040b0    000002cc     sysbios.aer4f : BIOS.obj (.text:ti_sysbios_knl_Task_Instance_init__E)
                  0000437c    000002b8     rtsv7R4_T_le_v3D16_eabi.lib : ull_div32.obj (.text)
                  00004634    0000000c     mss_main.obj (.text:MmwDemo_mboxCallback)
                  00004640    0000029c     sysbios.aer4f : BIOS.obj (.text:ti_sysbios_family_arm_exc_Exception_excHandler__I)
                  000048dc    00000284     libmmwave_xwr18xx.aer4f : mmwave_dualcore.oer4f (.text:MMWave_deviceExecuteFxn)
                  00004b60    00000264     sysbios.aer4f : BIOS.obj (.text:xdc_runtime_Error_policyDefault__E)
                  00004dc4    00000260     libmailbox_xwr18xx.aer4f : mailbox.oer4f (.text:Mailbox_open)
                  00005024    0000000c     libuart_xwr18xx.aer4f : UART.oer4f (.text:UART_Params_init)
                  00005030    00000260     sysbios.aer4f : BIOS.obj (.text:ti_sysbios_knl_Semaphore_post__E)
                  00005290    00000260                   : BIOS.obj (.text:ti_sysbios_knl_Task_Module_startup__E)
                  000054f0    00000254     libcli_xwr18xx.aer4f : cli_mmwave.oer4f (.text:CLI_MMWaveProfileCfg)
                  00005744    0000000c     libuart_xwr18xx.aer4f : uartsci_dma.oer4f (.text:UartSci_isDMAEnabled)
                  00005750    00000254     sysbios.aer4f : BIOS.obj (.text:ti_sysbios_knl_Event_post__E)
                  000059a4    00000250     mss_pa_cli.obj (.text:MRR_MSS_CLIAdvancedFrameCfg)
                  00005bf4    0000000c     rtsv7R4_T_le_v3D16_eabi.lib : copy_zero_init.obj (.text:decompress:ZI)
                  00005c00    00000238     sysbios.aer4f : BIOS.obj (.text:ti_sysbios_timers_rti_Timer_Module_startup__E)
                  00005e38    00000214     libuart_xwr18xx.aer4f : uartsci.oer4f (.text:UartSci_open)
                  0000604c    00000204     libcli_xwr18xx.aer4f : cli_mmwave.oer4f (.text:CLI_MMWaveChirpCfg)
                  00006250    00000200     libcrc_xwr18xx.aer4f : crc.oer4f (.text:CRC_open)
                  00006450    000001f8     sysbios.aer4f : BIOS.obj (.text:ti_sysbios_family_arm_v7r_vim_Hwi_reconfig__E)
                  00006648    00000008     libmmwave_xwr18xx.aer4f : mmwave.oer4f (.text:MMWave_decodeErrorLevel)
                  00006650    000001f8     sysbios.aer4f : BIOS.obj (.text:ti_sysbios_heaps_HeapMem_Instance_init__E)
                  00006848    000001f0     libDMA_xwr18xx.aer4f : dma.oer4f (.text:DMA_setChannelParams)
                  00006a38    00000008     libmmwave_xwr18xx.aer4f : mmwave_link.oer4f (.text:MMWave_mboxCallbackFxn)
                  00006a40    000001ec     sysbios.aer4f : BIOS.obj (.text:xdc_runtime_Core_createObject__I)
                  00006c2c    000001e4     rtsv7R4_T_le_v3D16_eabi.lib : strtod.obj (.text)
                  00006e10    000001d8     mss_pa_cli.obj (.text:MRR_MSS_CLIBasicCfg)
                  00006fe8    00000008     libosal_xwr18xx.aer4f : SemaphoreP_tirtos.oer4f (.text:SemaphoreP_Params_init)
                  00006ff0    000001d4     sysbios.aer4f : BIOS.obj (.text:ti_sysbios_knl_Clock_workFunc__E)
                  000071c4    000001c8     rtsv7R4_T_le_v3D16_eabi.lib : fopen.obj (.text)
                  0000738c    000001bc     mss_pa_cli.obj (.text:MRR_MSS_CLIInit)
                  00007548    000001a8     libcli_xwr18xx.aer4f : cli_mmwave.oer4f (.text:CLI_MMWaveSubFrameCfg)
                  000076f0    000001a0     sysbios.aer4f : BIOS.obj (.text:ti_sysbios_knl_Swi_run__I)
                  00007890    00000190                   : BIOS.obj (.text:ti_sysbios_family_arm_v7r_vim_Hwi_Instance_init__E)
                  00007a20    00000190                   : BIOS.obj (.text:xdc_runtime_Core_constructObject__I)
                  00007bb0    0000018c     mss_main.obj (.text:MmwDemo_mboxReadTask)
                  00007d3c    00000184     libmmwavelink_xwr18xx.aer4f : rl_driver.oer4f (.text:rlDriverCmdInvoke)
                  00007ec0    00000184     sysbios.aer4f : BIOS.obj (.text:xdc_runtime_Startup_startMods__I)
                  00008044    00000180     libmmwavelink_xwr18xx.aer4f : rl_driver.oer4f (.text:rlDriverRxHdrRead)
                  000081c4    0000000c                                 : rl_driver.oer4f (.text:rlDriverGetPlatformId)
                  000081d0    00000174     sysbios.aer4f : BIOS.obj (.text:ti_sysbios_family_arm_v7r_vim_Hwi_Module_startup__E)
                  00008344    0000000c                   : tms570_Core_asm.obj (.text:ti_sysbios_family_arm_v7r_tms570_Core_getId__E)
                  00008350    00000174                   : BIOS.obj (.text:ti_sysbios_heaps_HeapBuf_Module_startup__E)
                  000084c4    0000000c     mss_pa_per4f.oer4f (.text:ti_sysbios_family_arm_v7r_vim_Hwi_Module__startupDone__S)
                  000084d0    00000174     sysbios.aer4f : BIOS.obj (.text:ti_sysbios_timers_rti_Timer_getFreq__E)
                  00008644    0000000c     mss_pa_per4f.oer4f (.text:ti_sysbios_hal_Hwi_HwiProxy_Module__startupDone__S)
                  00008650    00000154     sysbios.aer4f : BIOS.obj (.text:ti_sysbios_knl_Task_exit__E)
                  000087a4    0000014c     libcli_xwr18xx.aer4f : cli_mmwave.oer4f (.text:CLI_MMWaveFrameCfg)
                  000088f0    0000014c                          : cli.oer4f (.text:CLI_task)
                  00008a3c    0000014c     libmmwave_xwr18xx.aer4f : mmwave_link.oer4f (.text:MMWave_initMMWaveLink)
                  00008b88    0000014a     libuart_xwr18xx.aer4f : uartsci.oer4f (.text:UartSci_ISR)
                  00008cd2    00000002     libmmwave_xwr18xx.aer4f : mmwave_link.oer4f (.text:MMWave_maskHostIRQ)
                  00008cd4    00000148                             : mmwave_link.oer4f (.text:MMWave_openLink)
                  00008e1c    00000004                             : mmwave_link.oer4f (.text:MMWave_enableDevice)
                  00008e20    00000148     sysbios.aer4f : BIOS.obj (.text:ti_sysbios_knl_Task_checkStacks__E)
                  00008f68    00000008     libmmwavelink_xwr18xx.aer4f : rl_driver.oer4f (.text:rlDriverConstructOutMsg)
                  00008f70    00000138     sysbios.aer4f : BIOS.obj (.text:ti_sysbios_knl_Task_schedule__I)
                  000090a8    00000008     libmmwavelink_xwr18xx.aer4f : rl_driver.oer4f (.text:rlDriverGetHandle)
                  000090b0    00000130     sysbios.aer4f : BIOS.obj (.text:ti_sysbios_knl_Task_startCore__E)
                  000091e0    00000128     libmmwavelink_xwr18xx.aer4f : rl_driver.oer4f (.text:rlDriverMsgRead)
                  00009308    00000124     libcli_xwr18xx.aer4f : cli_mmwave.oer4f (.text:CLI_MMWaveAdvFrameCfg)
                  0000942c    00000124                          : cli_mmwave.oer4f (.text:CLI_MMWaveContModeCfg)
                  00009550    00000124     sysbios.aer4f : BIOS.obj (.text:ti_sysbios_gates_GateMutex_enter__E)
                  00009674    0000000c     mss_pa_per4f.oer4f (.text:ti_sysbios_hal_Hwi_HwiProxy_startup__E)
                  00009680    00000120     sysbios.aer4f : BIOS.obj (.text:ti_sysbios_knl_Swi_post__E)
                  000097a0    0000011c                   : BIOS.obj (.text:ti_sysbios_timers_rti_Timer_startup__E)
                  000098bc    00000118     mss_pa_cli.obj (.text:MRR_MSS_CLISensorStart)
                  000099d4    00000114     libmmwavelink_xwr18xx.aer4f : rl_driver.oer4f (.text:rlDriverCmdSendRetry)
                  00009ae8    0000010c     libmmwave_xwr18xx.aer4f : mmwave_dualcore.oer4f (.text:MMWave_deviceInitFxn)
                  00009bf4    00000108     libmailbox_xwr18xx.aer4f : mailbox.oer4f (.text:Mailbox_write)
                  00009cfc    00000004     libmmwave_xwr18xx.aer4f : mmwave_listlib.oer4f (.text:MMWave_listGetHead)
                  00009d00    00000108     sysbios.aer4f : BIOS.obj (.text:ti_sysbios_knl_Semaphore_Instance_init__E)
                  00009e08    00000008     mss_pa_per4f.oer4f (.text:ti_sysbios_family_arm_TaskSupport_Module__startupDone__S)
                  00009e10    00000106     sysbios.aer4f : BIOS.obj (.text:xdc_runtime_Text_putSite__E)
                  00009f16    00000002     mss_main.obj (.text:MRR_MSS_closeFxn)
                  00009f18    00000104     libmmwave_xwr18xx.aer4f : mmwave_link.oer4f (.text:MMWave_startLink)
                  0000a01c    00000104     mss_pa_per4f.oer4f (.text:ti_sysbios_BIOS_rtsUnlock__I)
                  0000a120    00000100     libcli_xwr18xx.aer4f : cli_mmwave.oer4f (.text:CLI_MMWaveBPMCfgAdvanced)
                  0000a220    00000100     sysbios.aer4f : BIOS.obj (.text:xdc_runtime_Text_putMod__E)
                  0000a320    000000fc     libcrc_xwr18xx.aer4f : crc.oer4f (.text:CRC_computeSignature)
                  0000a41c    000000fc     libDMA_xwr18xx.aer4f : dma.oer4f (.text:DMA_disableInterrupt)
                  0000a518    000000fc     libmmwavelink_xwr18xx.aer4f : rl_driver.oer4f (.text:rlDriverInit)
                  0000a614    0000000c     mss_pa_per4f.oer4f (.text:ti_sysbios_hal_Hwi_HwiProxy_switchFromBootStack__E)
                  0000a620    000000fc     sysbios.aer4f : BIOS.obj (.text:ti_sysbios_knl_Task_blockI__E)
                  0000a71c    000000f8     libmmwavelink_xwr18xx.aer4f : rl_driver.oer4f (.text:rlDriverRdVerifyMsg)
                  0000a814    0000000c     mss_pa_per4f.oer4f (.text:ti_sysbios_knl_Clock_TimerProxy_Module__startupDone__S)
                  0000a820    000000f8     sysbios.aer4f : BIOS.obj (.text:ti_sysbios_knl_Task_postInit__I)
                  0000a918    00000006     libmmwavelink_xwr18xx.aer4f : rl_controller.oer4f (.text:rlGetSubBlockId)
                  0000a91e    00000002     mss_main.obj (.text:MRR_MSS_openFxn)
                  0000a920    000000f4     sysbios.aer4f : BIOS.obj (.text:ti_sysbios_family_arm_v7r_vim_Hwi_mapChannel__I)
                  0000aa14    0000000c     mss_pa_per4f.oer4f (.text:ti_sysbios_knl_Task_SupportProxy_Module__startupDone__S)
                  0000aa20    000000f4     sysbios.aer4f : BIOS.obj (.text:ti_sysbios_knl_Task_unblockI__E)
                  0000ab14    000000ec     mss_pa_cli.obj (.text:MRR_MSS_CLISensorStop)
                  0000ac00    000000ec     auto_init.aer4f : auto_init.oer4f (.text)
                  0000acec    000000ec     rtsv7R4_T_le_v3D16_eabi.lib : s_scalbn.obj (.text)
                  0000add8    000000e4     libDMA_xwr18xx.aer4f : dma.oer4f (.text:DMA_clearChannelInterruptFlag)
                  0000aebc    000000e4     libmmwave_xwr18xx.aer4f : mmwave_link.oer4f (.text:MMWave_asyncEventHandler)
                  0000afa0    000000e0     libcli_xwr18xx.aer4f : cli.oer4f (.text:CLI_open)
                  0000b080    000000dc     rtsv7R4_T_le_v3D16_eabi.lib : setvbuf.obj (.text)
                  0000b15c    00000004     libmmwave_xwr18xx.aer4f : mmwave_listlib.oer4f (.text:MMWave_listGetNext)
                  0000b160    000000dc     sysbios.aer4f : BIOS.obj (.text:ti_sysbios_family_arm_v7r_vim_Hwi_initIntController__I)
                  0000b23c    00000004     libmmwave_xwr18xx.aer4f : mmwave_link.oer4f (.text:MMWave_mboxClose)
                  0000b240    000000dc     sysbios.aer4f : BIOS.obj (.text:xdc_runtime_Memory_alloc__E)
                  0000b31c    000000d8     libDMA_xwr18xx.aer4f : dma.oer4f (.text:DMA_enableInterrupt)
                  0000b3f4    000000d8     libmmwave_xwr18xx.aer4f : mmwave.oer4f (.text:MMWave_init)
                  0000b4cc    000000d4     libmailbox_xwr18xx.aer4f : mailbox.oer4f (.text:Mailbox_read)
                  0000b5a0    000000d0     libsoc_xwr18xx.aer4f : soc_xwr18xx_mss.oer4f (.text:SOC_controlSecureFirewall)
                  0000b670    000000d0     sysbios.aer4f : exc_Exception_asm.obj (.text:ti_sysbios_family_arm_exc_Exception_excHandlerAsm__I)
                  0000b740    000000cc     libmmwavelink_xwr18xx.aer4f : rl_sensor.oer4f (.text:rlRfCalibDataRestore)
                  0000b80c    000000cc                                 : rl_sensor.oer4f (.text:rlSetChirpConfig)
                  0000b8d8    000000cc     rtsv7R4_T_le_v3D16_eabi.lib : fflush.obj (.text)
                  0000b9a4    0000000c     mss_pa_per4f.oer4f (.text:ti_sysbios_knl_Task_SupportProxy_getStackAlignment__E)
                  0000b9b0    000000cc     sysbios.aer4f : BIOS.obj (.text:ti_sysbios_timers_rti_Timer_initDevice__I)
                  0000ba7c    000000c8     libmmwave_xwr18xx.aer4f : mmwave_fullcfg.oer4f (.text:MMWave_addChirp)
                  0000bb44    000000c8                             : mmwave_fullcfg.oer4f (.text:MMWave_flushCfg)
                  0000bc0c    00000004                             : mmwave_link.oer4f (.text:MMWave_mboxRead)
                  0000bc10    000000c4     sysbios.aer4f : BIOS.obj (.text:ti_sysbios_family_arm_v7r_vim_Hwi_Instance_finalize__E)
                  0000bcd4    000000c0     libmmwavelink_xwr18xx.aer4f : rl_driver.oer4f (.text:rlDriverMsgWrite)
                  0000bd94    000000c0                                 : rl_sensor.oer4f (.text:rlSetFrameConfig)
                  0000be54    000000bc     libcli_xwr18xx.aer4f : cli.oer4f (.text:CLI_help)
                  0000bf10    000000bc     libmmwave_xwr18xx.aer4f : mmwave_link.oer4f (.text:MMWave_computeCRC)
                  0000bfcc    000000bc     mss_main.obj (.text:main)
                  0000c088    000000bc     rtsv7R4_T_le_v3D16_eabi.lib : open.obj (.text)
                  0000c144    0000000c     mss_pa_per4f.oer4f (.text:ti_sysbios_timers_rti_Timer_Module__startupDone__S)
                  0000c150    000000bc     sysbios.aer4f : BIOS.obj (.text:xdc_runtime_Core_deleteObject__I)
                  0000c20c    000000b8     mss_pa_per4f.oer4f (.text:ti_sysbios_family_arm_v7r_vim_Hwi_create)
                  0000c2c4    000000b6     libsoc_xwr18xx.aer4f : soc_mpu.o (.text)
                  0000c37a    00000006     libmmwavelink_xwr18xx.aer4f : rl_controller.oer4f (.text:rlGetSubBlockLen)
                  0000c380    000000b4     sysbios.aer4f : BIOS.obj (.text:ti_sysbios_knl_Swi_restoreHwi__E)
                  0000c434    000000b2     libuart_xwr18xx.aer4f : uartsci_dma.oer4f (.text:UartSci_openDMA)
                  0000c4e6    00000002                           : uartsci.oer4f (.text:UartSci_init)
                  0000c4e8    000000b0     libmmwave_xwr18xx.aer4f : mmwave_fullcfg.oer4f (.text:MMWave_addProfile)
                  0000c598    000000b0     libmmwavelink_xwr18xx.aer4f : rl_sensor.oer4f (.text:rlSetProfileConfig)
                  0000c648    000000ae     rtsv7R4_T_le_v3D16_eabi.lib : _io_perm.obj (.text)
                  0000c6f6    00000002                                 : i_div0.obj (.text)
                  0000c6f8    000000ac     libesm_xwr18xx.aer4f : esm.oer4f (.text:ESM_processInterrupt)
                  0000c7a4    000000ac     mss_pa_per4f.oer4f (.text:ti_sysbios_knl_Task_create)
                  0000c850    000000a8     libcli_xwr18xx.aer4f : cli_mmwave.oer4f (.text:CLI_MMWaveExtensionHelp)
                  0000c8f8    000000a8     libpinmux_xwr18xx.aer4f : pinmux.oer4f (.text:Pinmux_Set_OverrideCtrl)
                  0000c9a0    000000a8     libmmwavelink_xwr18xx.aer4f : rl_sensor.oer4f (.text:rlSetAdvFrameConfig)
                  0000ca48    00000004     libmmwave_xwr18xx.aer4f : mmwave_link.oer4f (.text:MMWave_registerInterruptHandler)
                  0000ca4c    00000004                             : mmwave_link.oer4f (.text:MMWave_unmaskHostIRQ)
                  0000ca50    000000a8     sysbios.aer4f : BIOS.obj (.text:ti_sysbios_knl_Swi_schedule__I)
                  0000caf8    00000004     libmmwave_xwr18xx.aer4f : mmwave_link.oer4f (.text:MMWave_waitIRQStatus)
                  0000cafc    00000004     mss_pa_per4f.oer4f (.text:ti_sysbios_BIOS_nullFunc__I)
                  0000cb00    000000a8     sysbios.aer4f : BIOS.obj (.text:xdc_runtime_Error_print__E)
                  0000cba8    000000a4     libDMA_xwr18xx.aer4f : dma.oer4f (.text:DMA_assignChannel)
                  0000cc4c    000000a4                          : dma.oer4f (.text:DMA_getChannelInterruptFlag)
                  0000ccf0    000000a4     libesm_xwr18xx.aer4f : esm.oer4f (.text:ESM_init)
                  0000cd94    000000a4     libmmwave_xwr18xx.aer4f : mmwave_fullcfg.oer4f (.text:MMWave_addBpmChirp)
                  0000ce38    000000a4                             : mmwave.oer4f (.text:MMWave_start)
                  0000cedc    000000a4     libsoc_xwr18xx.aer4f : soc_xwr18xx_mss.oer4f (.text:SOC_unhaltDSS)
                  0000cf80    000000a0                          : soc.oer4f (.text:SOC_registerSysIntListener)
                  0000d020    000000a0     libmmwavelink_xwr18xx.aer4f : rl_driver.oer4f (.text:rlDriverWaitForResponse)
                  0000d0c0    000000a0     sysbios.aer4f : BIOS.obj (.text:xdc_runtime_Startup_exec__E)
                  0000d160    0000009f                   : BIOS.obj (.text:xdc_runtime_Text_putLab__E)
                  0000d1ff    00000001     --HOLE-- [fill = 0]
                  0000d200    0000009c     libmmwave_xwr18xx.aer4f : mmwave_fullcfg.oer4f (.text:MMWave_getProfileHandle)
                  0000d29c    0000009c     libuart_xwr18xx.aer4f : uartsci.oer4f (.text:UartSci_write)
                  0000d338    0000009c     rtsv7R4_T_le_v3D16_eabi.lib : memcpy_t2.obj (.text)
                  0000d3d4    0000000c     mss_pa_per4f.oer4f (.text:xdc_runtime_System_SupportProxy_ready__E)
                  0000d3e0    0000009c     sysbios.aer4f : BIOS.obj (.text:ti_sysbios_heaps_HeapMem_alloc__E)
                  0000d47c    00000004     mss_pa_per4f.oer4f (.text:xdc_runtime_Startup_reset__I)
                  0000d480    0000009c     sysbios.aer4f : BIOS.obj (.text:ti_sysbios_knl_Clock_logTick__E)
                  0000d51c    00000004     --HOLE-- [fill = 0]
                  0000d520    0000009c                   : BIOS.obj (.text:xdc_runtime_Text_visitRope2__I)
                  0000d5bc    00000098     cfg.obj (.text:Cfg_ProfileCfgInitParams)
                  0000d654    00000098     rtsv7R4_T_le_v3D16_eabi.lib : fclose.obj (.text)
                  0000d6ec    00000098                                 : fputc.obj (.text)
                  0000d784    00000098     sysbios.aer4f : vim_Hwi_asm_switch.obj (.text)
                  0000d81c    00000004     --HOLE-- [fill = 0]
                  0000d820    00000098                   : BIOS.obj (.text:xdc_runtime_Assert_raise__I)
                  0000d8b8    00000096     libuart_xwr18xx.aer4f : uartsci.oer4f (.text:UartSci_readChar)
                  0000d94e    00000002     --HOLE-- [fill = 0]
                  0000d950    00000094     libmmwavelink_xwr18xx.aer4f : rl_driver.oer4f (.text:rlDriverDeInit)
                  0000d9e4    00000094                                 : rl_driver.oer4f (.text:rlDriverMsgReadCmdCtx)
                  0000da78    00000094     sysbios.aer4f : vim_Hwi_asm.obj (.text:ti_sysbios_family_arm_v7r_vim_Hwi_dispatchIRQ__I)
                  0000db0c    00000093     mss_main.obj (.text:MRR_MSS_eventFxn)
                  0000db9f    00000001     --HOLE-- [fill = 0]
                  0000dba0    00000090     libgpio_xwr18xx.aer4f : gpio.oer4f (.text:GPIO_init)
                  0000dc30    00000090     libmailbox_xwr18xx.aer4f : mailbox.oer4f (.text:Mailbox_close)
                  0000dcc0    00000090     libuart_xwr18xx.aer4f : uartsci_dma.oer4f (.text:UartSci_initiateTxDMA)
                  0000dd50    00000090                           : uartsci.oer4f (.text:UartSci_read)
                  0000dde0    00000090     sysbios.aer4f : BIOS.obj (.text:ti_sysbios_knl_Swi_startup__E)
                  0000de70    00000090                   : BIOS.obj (.text:xdc_runtime_Core_assignLabel__I)
                  0000df00    0000008c     libcli_xwr18xx.aer4f : cli_mmwave.oer4f (.text:CLI_MMWaveDataOutputMode)
                  0000df8c    0000008c     libsoc_xwr18xx.aer4f : soc_xwr18xx.oer4f (.text:SOC_translateAddress)
                  0000e018    0000008c     libuart_xwr18xx.aer4f : uartsci_dma.oer4f (.text:UartSci_initiateRxDMA)
                  0000e0a4    0000008c     libmmwavelink_xwr18xx.aer4f : rl_device.oer4f (.text:rlDevicePowerOn)
                  0000e130    0000008c                                 : rl_driver.oer4f (.text:rlDriverMsgCmdReply)
                  0000e1bc    00000004     --HOLE-- [fill = 0]
                  0000e1c0    0000008c     sysbios.aer4f : BIOS.obj (.text:ti_sysbios_knl_Swi_runLoop__I)
                  0000e24c    00000088     libsoc_xwr18xx.aer4f : soc.oer4f (.text:SOC_init)
                  0000e2d4    00000088     rtsv7R4_T_le_v3D16_eabi.lib : vsnprintf.obj (.text)
                  0000e35c    00000084     cfg.obj (.text:Cfg_ChirpCfgInitParams)
                  0000e3e0    00000084     libmmwave_xwr18xx.aer4f : mmwave_dualcore.oer4f (.text:MMWave_deviceCfgAsyncEvent)
                  0000e464    00000084                             : mmwave_dualcore.oer4f (.text:MMWave_deviceEventFxn)
                  0000e4e8    00000084                             : mmwave.oer4f (.text:MMWave_open)
                  0000e56c    00000004     --HOLE-- [fill = 0]
                  0000e570    00000084     sysbios.aer4f : BIOS.obj (.text:ti_sysbios_heaps_HeapMem_getStats__E)
                  0000e5f4    00000084     mss_pa_per4f.oer4f (.text:ti_sysbios_rts_MemAlloc_alloc)
                  0000e678    00000080     libcli_xwr18xx.aer4f : cli_mmwave.oer4f (.text:CLI_MMWaveChannelCfg)
                  0000e6f8    00000080     libuart_xwr18xx.aer4f : uartsci.oer4f (.text:UartSci_writePolling)
                  0000e778    00000080     libmmwavelink_xwr18xx.aer4f : rl_driver.oer4f (.text:rlDriverExecuteGetApi)
                  0000e7f8    0000007e     libosal_xwr18xx.aer4f : HwiP_tirtos.oer4f (.text:HwiP_create)
                  0000e876    00000002     --HOLE-- [fill = 0]
                  0000e878    0000007c     libmmwave_xwr18xx.aer4f : mmwave_dualcore.oer4f (.text:MMWave_deviceOpenFxn)
                  0000e8f4    0000007c     libmailbox_xwr18xx.aer4f : mailbox.oer4f (.text:Mailbox_init)
                  0000e970    0000007c     libuart_xwr18xx.aer4f : uartsci.oer4f (.text:UartSci_readPolling)
                  0000e9ec    0000007c     sysbios.aer4f : arm_TaskSupport_asm.obj (.text:_ti_sysbios_family_arm_TaskSupport_buildTaskStack)
                  0000ea68    00000008                   : BIOS.obj (.tramp.ti_sysbios_family_arm_v7r_vim_Hwi_enableInterrupt__E.1)
                  0000ea70    0000007c                   : BIOS.obj (.text:ti_sysbios_family_arm_v7r_vim_Hwi_phantomIntHandler__I)
                  0000eaec    0000007a     rtsv7R4_T_le_v3D16_eabi.lib : memset_t2.obj (.text)
                  0000eb66    00000002     --HOLE-- [fill = 0]
                  0000eb68    00000078     libcli_xwr18xx.aer4f : cli_mmwave.oer4f (.text:CLI_MMWaveADCCfg)
                  0000ebe0    00000078     sysbios.aer4f : BIOS.obj (.text:xdc_runtime_System_exit__E)
                  0000ec58    00000074     libmmwave_xwr18xx.aer4f : mmwave_dualcore.oer4f (.text:MMWave_deviceStartFxn)
                  0000eccc    00000074     libsoc_xwr18xx.aer4f : soc.oer4f (.text:SOC_getDeviceRFFreqScaleFactor)
                  0000ed40    00000074     boot.aer4f : boot.oer4f (.text)
                  0000edb4    00000074     libmmwavelink_xwr18xx.aer4f : rl_driver.oer4f (.text:rlDriverAsyncEventHandler)
                  0000ee28    00000074                                 : rl_driver.oer4f (.text:rlDriverProcRdMsg)
                  0000ee9c    00000074     rtsv7R4_T_le_v3D16_eabi.lib : getdevice.obj (.text)
                  0000ef10    00000074                                 : s_frexp.obj (.text)
                  0000ef84    00000072     libmmwavelink_xwr18xx.aer4f : rl_driver.oer4f (.text:rlDriverClientCbCheck)
                  0000eff6    0000000a     libosal_xwr18xx.aer4f : MemoryP_tirtos.oer4f (.text:MemoryP_ctrlFree)
                  0000f000    00000070     sysbios.aer4f : BIOS.obj (.text:ti_sysbios_family_arm_v7r_vim_Hwi_getStackInfo__E)
                  0000f070    00000070     mss_pa_per4f.oer4f (.text:ti_sysbios_gates_GateHwi_Object__create__S)
                  0000f0e0    00000070     mss_pa_per4f.oer4f (.text:ti_sysbios_gates_GateMutex_Object__create__S)
                  0000f150    00000070     mss_pa_per4f.oer4f (.text:ti_sysbios_heaps_HeapMem_Object__create__S)
                  0000f1c0    00000070     mss_pa_per4f.oer4f (.text:ti_sysbios_knl_Semaphore_create)
                  0000f230    00000070     sysbios.aer4f : BIOS.obj (.text:xdc_runtime_Text_xprintf__I)
                  0000f2a0    0000006c     libDMA_xwr18xx.aer4f : dma.oer4f (.text:DMA_disableChannel)
                  0000f30c    0000006c     libmmwave_xwr18xx.aer4f : mmwave_link.oer4f (.text:MMWave_spawn)
                  0000f378    0000006c                             : mmwave_link.oer4f (.text:MMWave_stopLink)
                  0000f3e4    0000006c     libpinmux_xwr18xx.aer4f : pinmux.oer4f (.text:Pinmux_Set_FuncSel)
                  0000f450    0000006c     rtsv7R4_T_le_v3D16_eabi.lib : copy_decompress_lzss.obj (.text:decompress:lzss)
                  0000f4bc    0000006c                                 : trgmsg.obj (.text)
                  0000f528    00000008     sysbios.aer4f : BIOS.obj (.tramp.ti_sysbios_family_arm_v7r_vim_Hwi_disableInterrupt__E.1)
                  0000f530    0000006c                   : BIOS.obj (.text:ti_sysbios_heaps_HeapMem_init__I)
                  0000f59c    00000004     --HOLE-- [fill = 0]
                  0000f5a0    0000006c                   : BIOS.obj (.text:ti_sysbios_knl_Task_allBlockedFunction__I)
                  0000f60c    00000004     --HOLE-- [fill = 0]
                  0000f610    0000006c                   : BIOS.obj (.text:xdc_runtime_System_atexit__E)
                  0000f67c    0000006a     libuart_xwr18xx.aer4f : uartsci.oer4f (.text:UartSci_control)
                  0000f6e6    00000002     --HOLE-- [fill = 0]
                  0000f6e8    00000068     libDMA_xwr18xx.aer4f : dma.oer4f (.text:DMA_enableChannel)
                  0000f750    00000068     libmmwave_xwr18xx.aer4f : mmwave_dualcore.oer4f (.text:MMWave_deviceStopFxn)
                  0000f7b8    00000068     libmailbox_xwr18xx.aer4f : mailbox.oer4f (.text:Mailbox_readFlush)
                  0000f820    00000068     libmmwavelink_xwr18xx.aer4f : rl_driver.oer4f (.text:rlDriverExecuteSetApi)
                  0000f888    00000068                                 : rl_driver.oer4f (.text:rlDriverHostIrqHandler)
                  0000f8f0    00000068     rtsv7R4_T_le_v3D16_eabi.lib : hostlseek.obj (.text)
                  0000f958    00000068                                 : hostrename.obj (.text)
                  0000f9c0    00000068     sysbios.aer4f : BIOS.obj (.text:ti_sysbios_family_arm_v7r_tms570_Core_Module_startup__E)
                  0000fa28    00000008                   : BIOS.obj (.tramp.xdc_runtime_Memory_free__E.1)
                  0000fa30    00000068                   : BIOS.obj (.text:xdc_runtime_Core_assignParams__I)
                  0000fa98    00000066     libmmwavelink_xwr18xx.aer4f : rl_device.oer4f (.text:rlDevicePowerOff)
                  0000fafe    00000002     --HOLE-- [fill = 0]
                  0000fb00    00000064     libcli_xwr18xx.aer4f : cli_mmwave.oer4f (.text:CLI_MMWaveLowPowerCfg)
                  0000fb64    00000064     libosal_xwr18xx.aer4f : SemaphoreP_tirtos.oer4f (.text:SemaphoreP_create)
                  0000fbc8    00000064     rtsv7R4_T_le_v3D16_eabi.lib : fseek.obj (.text)
                  0000fc2c    00000064     sysbios.aer4f : exc_Exception_asm.obj (.text:ti_sysbios_family_arm_exc_Exception_initCore0__I)
                  0000fc90    00000064                   : BIOS.obj (.text:ti_sysbios_hal_Hwi_checkStack)
                  0000fcf4    00000060     libcli_xwr18xx.aer4f : cli_mmwave.oer4f (.text:CLI_MMWaveExtensionHandler)
                  0000fd54    0000000a     libosal_xwr18xx.aer4f : SemaphoreP_tirtos.oer4f (.text:SemaphoreP_post)
                  0000fd5e    00000002     --HOLE-- [fill = 0]
                  0000fd60    00000060     sysbios.aer4f : BIOS.obj (.text:ti_sysbios_timers_rti_Timer_stop__E)
                  0000fdc0    0000005e     libuart_xwr18xx.aer4f : uartsci.oer4f (.text:UartSci_writeChar)
                  0000fe1e    00000002     --HOLE-- [fill = 0]
                  0000fe20    0000005c     libmmwave_xwr18xx.aer4f : mmwave_link.oer4f (.text:MMWave_mboxOpen)
                  0000fe7c    0000005c                             : mmwave.oer4f (.text:MMWave_stop)
                  0000fed8    0000005c     mss_main.obj (.text:MRR_MSS_mmWaveCtrlTask)
                  0000ff34    0000005c     rtsv7R4_T_le_v3D16_eabi.lib : hostopen.obj (.text)
                  0000ff90    0000005c                                 : hostread.obj (.text)
                  0000ffec    0000005a     libuart_xwr18xx.aer4f : uartsci.oer4f (.text:UartSci_readCancel)
                  00010046    0000005a     libmmwavelink_xwr18xx.aer4f : rl_driver.oer4f (.text:rlDriverCalChkSum)
                  000100a0    00000058     cfg.obj (.text:Cfg_AdvFrameCfgInitParams)
                  000100f8    00000058     libesm_xwr18xx.aer4f : esm.oer4f (.text:ESM_highpriority_FIQ)
                  00010150    00000058     libmmwave_xwr18xx.aer4f : mmwave.oer4f (.text:MMWave_execute)
                  000101a8    00000058                             : mmwave_link.oer4f (.text:MMWave_initCRC)
                  00010200    00000058     libuart_xwr18xx.aer4f : uartsci_dma.oer4f (.text:UartSci_closeDMA)
                  00010258    00000058     libmmwavelink_xwr18xx.aer4f : rl_driver.oer4f (.text:rlDriverMsgReadSpawnCtx)
                  000102b0    00000058     rtsv7R4_T_le_v3D16_eabi.lib : close.obj (.text)
                  00010308    00000058                                 : hostwrite.obj (.text)
                  00010360    00000058     sysbios.aer4f : BIOS.obj (.text:ti_sysbios_family_arm_TaskSupport_start__E)
                  000103b8    00000058     mss_pa_per4f.oer4f (.text:ti_sysbios_knl_Clock_doTick__I)
                  00010410    00000058     sysbios.aer4f : BIOS.obj (.text:ti_sysbios_timers_rti_Timer_setPeriod__E)
                  00010468    00000056     libmmwavelink_xwr18xx.aer4f : rl_driver.oer4f (.text:rlDriverOsiCbCheck)
                  000104be    00000002     --HOLE-- [fill = 0]
                  000104c0    00000054     libcrc_xwr18xx.aer4f : crc.oer4f (.text:CRC_getTransactionId)
                  00010514    00000054     libDMA_xwr18xx.aer4f : dma.oer4f (.text:DMA_freeChannel)
                  00010568    00000054     libmmwave_xwr18xx.aer4f : mmwave_link.oer4f (.text:MMWave_initLink)
                  000105bc    00000054     rtsv7R4_T_le_v3D16_eabi.lib : ltoa.obj (.text)
                  00010610    00000054     sysbios.aer4f : BIOS.obj (.text:ti_sysbios_hal_Hwi_initStack)
                  00010664    00000054     mss_pa_per4f.oer4f (.text:ti_sysbios_heaps_HeapMem_Object__get__S)
                  000106b8    00000054     mss_pa_per4f.oer4f (.text:ti_sysbios_knl_Semaphore_construct)
                  0001070c    00000054     mss_pa_per4f.oer4f (.text:ti_sysbios_knl_Swi_Object__get__S)
                  00010760    00000053     sysbios.aer4f : BIOS.obj (.text:xdc_runtime_Text_printVisFxn__I)
                  000107b3    00000001     --HOLE-- [fill = 0]
                  000107b4    00000050     libcrc_xwr18xx.aer4f : crc.oer4f (.text:CRC_getSignature)
                  00010804    00000050     libmmwave_xwr18xx.aer4f : mmwave.oer4f (.text:MMWave_sync)
                  00010854    00000050     mss_pa_per4f.oer4f (.text:free)
                  000108a4    00000050     libmmwavelink_xwr18xx.aer4f : rl_driver.oer4f (.text:rlDeviceIdentifyCmdDir)
                  000108f4    00000050                                 : rl_driver.oer4f (.text:rlDriverVerifyCRC)
                  00010944    00000050     rtsv7R4_T_le_v3D16_eabi.lib : atoi.obj (.text)
                  00010994    00000050                                 : exit.obj (.text)
                  000109e4    00000050                                 : u_div32.obj (.text)
                  00010a34    00000050     mss_pa_per4f.oer4f (.text:ti_sysbios_BIOS_rtsLock__I)
                  00010a84    0000000a     libuart_xwr18xx.aer4f : UART.oer4f (.text:UART_read)
                  00010a8e    00000002     --HOLE-- [fill = 0]
                  00010a90    00000050     sysbios.aer4f : BIOS.obj (.text:ti_sysbios_knl_Semaphore_pendTimeout__I)
                  00010ae0    00000050                   : BIOS.obj (.text:ti_sysbios_knl_Task_processVitalTaskFlag__I)
                  00010b30    0000004c     libcli_xwr18xx.aer4f : cli.oer4f (.text:CLI_write)
                  00010b7c    0000004c     libmailbox_xwr18xx.aer4f : mailbox.oer4f (.text:Mailbox_boxEmptyISRProcessing)
                  00010bc8    0000004c     libuart_xwr18xx.aer4f : uartsci.oer4f (.text:UartSci_writeCancel)
                  00010c14    0000004c     rtsv7R4_T_le_v3D16_eabi.lib : cpy_tbl.obj (.text)
                  00010c60    0000004c     mss_pa_per4f.oer4f (.text:ti_sysbios_family_arm_v7r_vim_Hwi_Params__init__S)
                  00010cac    0000004c     mss_pa_per4f.oer4f (.text:ti_sysbios_knl_Queue_construct)
                  00010cf8    0000004c     mss_pa_per4f.oer4f (.text:ti_sysbios_knl_Semaphore_Params__init__S)
                  00010d44    0000004c     mss_pa_per4f.oer4f (.text:ti_sysbios_knl_Task_Object__get__S)
                  00010d90    0000004c     mss_pa_per4f.oer4f (.text:ti_sysbios_knl_Task_Params__init__S)
                  00010ddc    00000004     --HOLE-- [fill = 0]
                  00010de0    0000004c     sysbios.aer4f : BIOS.obj (.text:ti_sysbios_knl_Task_restore__E)
                  00010e2c    0000004a     libmailbox_xwr18xx.aer4f : mailbox.oer4f (.text:Mailbox_boxFullISRProcessing)
                  00010e76    00000048     libmmwavelink_xwr18xx.aer4f : rl_device.oer4f (.text:rlDeviceGetVersion)
                  00010ebe    00000002     --HOLE-- [fill = 0]
                  00010ec0    00000048                                 : rl_driver.oer4f (.text:rlDriverOsiInit)
                  00010f08    00000048     mss_pa_per4f.oer4f (.text:ti_sysbios_BIOS_errorRaiseHook__I)
                  00010f50    00000046     libmailbox_xwr18xx.aer4f : mailbox.oer4f (.text:CSL_FINSR)
                  00010f96    00000044     libcrc_xwr18xx.aer4f : crc.oer4f (.text:CRC_resetSignature)
                  00010fda    00000002     --HOLE-- [fill = 0]
                  00010fdc    00000044     mss_main.obj (.text:MRR_MSS_chirpIntCallback)
                  00011020    00000044     mss_main.obj (.text:MRR_MSS_frameStartIntCallback)
                  00011064    00000044     libmailbox_xwr18xx.aer4f : mailbox.oer4f (.text:Mailbox_boxFullISRMssDss)
                  000110a8    00000044     rtsv7R4_T_le_v3D16_eabi.lib : hostclose.obj (.text)
                  000110ec    00000044                                 : hostunlink.obj (.text)
                  00011130    00000044     mss_pa_per4f.oer4f (.text:ti_sysbios_BIOS_atExitFunc__I)
                  00011174    0000000a     libuart_xwr18xx.aer4f : UART.oer4f (.text:UART_write)
                  0001117e    00000002     --HOLE-- [fill = 0]
                  00011180    00000044     sysbios.aer4f : BIOS.obj (.text:ti_sysbios_heaps_HeapMem_free__E)
                  000111c4    0000000a     libuart_xwr18xx.aer4f : UART.oer4f (.text:UART_writePolling)
                  000111ce    00000002     --HOLE-- [fill = 0]
                  000111d0    00000044     sysbios.aer4f : BIOS.obj (.text:ti_sysbios_knl_Swi_Module_startup__E)
                  00011214    0000000c     rtsv7R4_T_le_v3D16_eabi.lib : fputc.obj (.tramp.putchar.1)
                  00011220    00000044     sysbios.aer4f : BIOS.obj (.text:ti_sysbios_knl_Task_restoreHwi__E)
                  00011264    0000000c     rtsv7R4_T_le_v3D16_eabi.lib : fflush.obj (.tramp.fflush.1)
                  00011270    00000044     sysbios.aer4f : BIOS.obj (.text:ti_sysbios_timers_rti_Timer_periodicStub__E)
                  000112b4    00000042     libmmwave_xwr18xx.aer4f : mmwave_link.oer4f (.text:MMWave_executeLink)
                  000112f6    00000040     libmmwavelink_xwr18xx.aer4f : rl_driver.oer4f (.text:rlDriverValidateHdr)
                  00011336    00000002     --HOLE-- [fill = 0]
                  00011338    00000040     rtsv7R4_T_le_v3D16_eabi.lib : strtok.obj (.text)
                  00011378    00000040     mss_pa_per4f.oer4f (.text:ti_sysbios_family_arm_v7r_vim_Hwi_Object__delete__S)
                  000113b8    00000040     mss_pa_per4f.oer4f (.text:ti_sysbios_gates_GateMutex_Object__delete__S)
                  000113f8    00000040     mss_pa_per4f.oer4f (.text:ti_sysbios_knl_Semaphore_Object__delete__S)
                  00011438    00000040     mss_pa_per4f.oer4f (.text:xdc_runtime_IHeap_alloc)
                  00011478    00000008     sysbios.aer4f : BIOS.obj (.tramp.ti_sysbios_knl_Semaphore_post__E.1)
                  00011480    00000040                   : BIOS.obj (.text:xdc_runtime_SysStd_abort__E)
                  000114c0    00000040     mss_pa_per4f.oer4f (.text:xdc_runtime_System_aprintf__E)
                  00011500    00000040     mss_pa_per4f.oer4f (.text:xdc_runtime_System_printf__E)
                  00011540    0000003e     libDMA_xwr18xx.aer4f : dma.oer4f (.text:CSL_FINSR)
                  0001157e    0000003e     libcrc_xwr18xx.aer4f : crc.oer4f (.text:CSL_FINSR)
                  000115bc    0000003e     libpinmux_xwr18xx.aer4f : pinmux.oer4f (.text:CSL_FINSR)
                  000115fa    0000003e     libsoc_xwr18xx.aer4f : soc.oer4f (.text:CSL_FINSR)
                  00011638    0000003e                          : soc_xwr18xx.oer4f (.text:CSL_FINSR)
                  00011676    0000003e                          : soc_xwr18xx_mss.oer4f (.text:CSL_FINSR)
                  000116b4    0000003e     libuart_xwr18xx.aer4f : uartsci.oer4f (.text:CSL_FINSR)
                  000116f2    0000003e                           : uartsci.oer4f (.text:UartSci_close)
                  00011730    0000003c     libcli_xwr18xx.aer4f : cli_mmwave.oer4f (.text:CLI_MMWaveFlushCfg)
                  0001176c    0000003c     libmailbox_xwr18xx.aer4f : mailbox.oer4f (.text:Mailbox_writeReset)
                  000117a8    0000003c     libsoc_xwr18xx.aer4f : soc.oer4f (.text:SOC_unhaltBSS)
                  000117e4    0000003c     libmmwavelink_xwr18xx.aer4f : rl_controller.oer4f (.text:rlGetSubBlock)
                  00011820    0000003c     sysbios.aer4f : vim_Hwi_asm.obj (.text:ti_sysbios_family_arm_v7r_vim_Hwi_init__I)
                  0001185c    0000003c     mss_pa_per4f.oer4f (.text:ti_sysbios_gates_GateHwi_Handle__label__S)
                  00011898    0000003c     mss_pa_per4f.oer4f (.text:ti_sysbios_gates_GateHwi_Object__delete__S)
                  000118d4    0000003c     mss_pa_per4f.oer4f (.text:ti_sysbios_gates_GateMutex_Handle__label__S)
                  00011910    0000003c     mss_pa_per4f.oer4f (.text:ti_sysbios_heaps_HeapBuf_Object__get__S)
                  0001194c    0000003c     mss_pa_per4f.oer4f (.text:ti_sysbios_heaps_HeapMem_Handle__label__S)
                  00011988    0000003c     mss_pa_per4f.oer4f (.text:ti_sysbios_heaps_HeapMem_Object__delete__S)
                  000119c4    00000008     sysbios.aer4f : BIOS.obj (.tramp.xdc_runtime_Assert_raise__I.1)
                  000119cc    00000004     --HOLE-- [fill = 0]
                  000119d0    0000003c                   : BIOS.obj (.text:xdc_runtime_System_aprintf_va__F)
                  00011a0c    0000003a     libosal_xwr18xx.aer4f : HwiP_tirtos.oer4f (.text:HwiP_delete)
                  00011a46    00000002     --HOLE-- [fill = 0]
                  00011a48    00000038     libcli_xwr18xx.aer4f : cli_mmwave.oer4f (.text:CLI_MMWaveExtensionInit)
                  00011a80    00000038     libuart_xwr18xx.aer4f : UART.oer4f (.text:UART_init)
                  00011ab8    00000038     mss_pa_per4f.oer4f (.text:ti_sysbios_BIOS_startFunc__I)
                  00011af0    00000038     sysbios.aer4f : BIOS.obj (.text:xdc_runtime_System_printf_va__F)
                  00011b28    00000036     libmmwavelink_xwr18xx.aer4f : rl_controller.oer4f (.text:rlAppendSubBlock)
                  00011b5e    00000036     rtsv7R4_T_le_v3D16_eabi.lib : strncpy.obj (.text)
                  00011b94    00000034     libmmwave_xwr18xx.aer4f : mmwave_link.oer4f (.text:MMWave_mboxWrite)
                  00011bc8    00000034     libsoc_xwr18xx.aer4f : soc_xwr18xx.oer4f (.text:SOC_setMMWaveDSSLinkState)
                  00011bfc    00000034                          : soc_xwr18xx.oer4f (.text:SOC_setMMWaveMSSLinkState)
                  00011c30    00000034     libuart_xwr18xx.aer4f : UART.oer4f (.text:UART_open)
                  00011c64    00000034     mss_pa_per4f.oer4f (.text:ti_sysbios_BIOS_registerRTSLock__I)
                  00011c98    00000034     mss_pa_per4f.oer4f (.text:ti_sysbios_family_arm_v7r_vim_Hwi_Module__startupDone__F)
                  00011ccc    00000004     --HOLE-- [fill = 0]
                  00011cd0    00000034     sysbios.aer4f : BIOS.obj (.text:ti_sysbios_knl_Idle_run__E)
                  00011d04    00000034     mss_pa_per4f.oer4f (.text:ti_sysbios_knl_Queue_Object__get__S)
                  00011d38    00000034     mss_pa_per4f.oer4f (.text:ti_sysbios_knl_Task_SupportProxy_start__E)
                  00011d6c    00000034     mss_pa_per4f.oer4f (.text:ti_sysbios_timers_rti_Timer_Module__startupDone__F)
                  00011da0    00000034     mss_pa_per4f.oer4f (.text:xdc_runtime_Memory_HeapProxy_alloc__E)
                  00011dd4    00000032     libcrc_xwr18xx.aer4f : crc.oer4f (.text:CRC_getCRCDataSelectBitValue)
                  00011e06    00000002     --HOLE-- [fill = 0]
                  00011e08    00000032                          : crc.oer4f (.text:CRC_getCRCTypeBitValue)
                  00011e3a    00000002     --HOLE-- [fill = 0]
                  00011e3c    00000030     cfg.obj (.text:Cfg_FrameCfgInitParams)
                  00011e6c    00000030     libmmwave_xwr18xx.aer4f : mmwave_listlib.oer4f (.text:MMWave_listRemoveNode)
                  00011e9c    00000030     libsoc_xwr18xx.aer4f : soc.oer4f (.text:SOC_getDevicePartNumber)
                  00011ecc    00000030                          : soc_xwr18xx_mss.oer4f (.text:SOC_isSecureDevice)
                  00011efc    00000030     libmmwavelink_xwr18xx.aer4f : rl_sensor.oer4f (.text:rlSensorStart)
                  00011f2c    00000030     mss_pa_per4f.oer4f (.text:ti_sysbios_BIOS_removeRTSLock__I)
                  00011f5c    00000004     --HOLE-- [fill = 0]
                  00011f60    00000030     sysbios.aer4f : BIOS.obj (.text:ti_sysbios_family_arm_v7r_vim_Hwi_disableInterrupt__E)
                  00011f90    00000030                   : BIOS.obj (.text:ti_sysbios_family_arm_v7r_vim_Hwi_enableInterrupt__E)
                  00011fc0    00000030                   : BIOS.obj (.text:ti_sysbios_gates_GateMutex_Instance_init__E)
                  00011ff0    00000030                   : BIOS.obj (.text:ti_sysbios_knl_Clock_Module_startup__E)
                  00012020    00000030     mss_pa_per4f.oer4f (.text:ti_sysbios_knl_Semaphore_destruct)
                  00012050    00000030     mss_pa_per4f.oer4f (.text:xdc_runtime_IHeap_free)
                  00012080    00000030     mss_pa_per4f.oer4f (.text:xdc_runtime_Text_visitRope__I)
                  000120b0    0000002c     libgpio_xwr18xx.aer4f : gpio.oer4f (.text:GPIO_HighPriorityISR)
                  000120dc    0000002c                           : gpio.oer4f (.text:GPIO_LowPriorityISR)
                  00012108    0000002c     libmmwave_xwr18xx.aer4f : mmwave_osal.oer4f (.text:MMWave_osalMutexCreate)
                  00012134    0000002c                             : mmwave_osal.oer4f (.text:MMWave_osalSemCreate)
                  00012160    0000002c     libsoc_xwr18xx.aer4f : soc_xwr18xx_mss.oer4f (.text:SOC_waitBSSPowerUp)
                  0001218c    0000002c     libmmwavelink_xwr18xx.aer4f : rl_device.oer4f (.text:rlDeviceGetMssVersion)
                  000121b8    0000002c                                 : rl_sensor.oer4f (.text:rlSensorStop)
                  000121e4    0000002c     rtsv7R4_T_le_v3D16_eabi.lib : unlink.obj (.text)
                  00012210    0000002c     mss_pa_per4f.oer4f (.text:ti_sysbios_knl_Queue_destruct)
                  0001223c    00000004     --HOLE-- [fill = 0]
                  00012240    0000002c     sysbios.aer4f : BIOS.obj (.text:ti_sysbios_knl_Task_enter__I)
                  0001226c    0000002a     libsoc_xwr18xx.aer4f : soc.oer4f (.text:SOC_SystemISR)
                  00012296    0000002a     libmmwavelink_xwr18xx.aer4f : rl_device.oer4f (.text:rlDeviceGetMmWaveLinkVersion)
                  000122c0    0000002a     rtsv7R4_T_le_v3D16_eabi.lib : strspn.obj (.text)
                  000122ea    00000002     --HOLE-- [fill = 0]
                  000122ec    00000028     libmailbox_xwr18xx.aer4f : mailbox.oer4f (.text:Mailbox_Config_init)
                  00012314    00000028     libuart_xwr18xx.aer4f : uartsci_dma.oer4f (.text:UartSci_RxDMACallbackFxn)
                  0001233c    00000028                           : uartsci_dma.oer4f (.text:UartSci_TxDMACallbackFxn)
                  00012364    00000028     libmmwavelink_xwr18xx.aer4f : rl_driver.oer4f (.text:rlDriverConstructInMsg)
                  0001238c    00000028     rtsv7R4_T_le_v3D16_eabi.lib : lseek.obj (.text)
                  000123b4    00000028                                 : write.obj (.text)
                  000123dc    00000004     --HOLE-- [fill = 0]
                  000123e0    00000028     sysbios.aer4f : BIOS.obj (.text:ti_sysbios_gates_GateMutex_leave__E)
                  00012408    00000008                   : BIOS.obj (.tramp.ti_sysbios_knl_Event_post__E.1)
                  00012410    00000028                   : BIOS.obj (.text:xdc_runtime_Error_init__E)
                  00012438    00000028     mss_pa_per4f.oer4f (.text:xdc_runtime_Startup_exec__I)
                  00012460    00000026     libmmwavelink_xwr18xx.aer4f : rl_sensor.oer4f (.text:rlRfInitCalibConfig)
                  00012486    00000026                                 : rl_sensor.oer4f (.text:rlRfRunTimeCalibConfig)
                  000124ac    00000026                                 : rl_sensor.oer4f (.text:rlRfSetCalMonFreqLimitConfig)
                  000124d2    00000026                                 : rl_sensor.oer4f (.text:rlRfSetDeviceCfg)
                  000124f8    00000026                                 : rl_sensor.oer4f (.text:rlRfSetLdoBypassConfig)
                  0001251e    00000026                                 : rl_sensor.oer4f (.text:rlSetAdcOutConfig)
                  00012544    00000026                                 : rl_sensor.oer4f (.text:rlSetChannelConfig)
                  0001256a    00000024     libcrc_xwr18xx.aer4f : crc.oer4f (.text:CRC_isTransactionIdValid)
                  0001258e    00000002     --HOLE-- [fill = 0]
                  00012590    00000024     cfg.obj (.text:Cfg_ADCOutCfgInitParams)
                  000125b4    00000024     libgpio_xwr18xx.aer4f : gpio.oer4f (.text:GPIO_processInterrupt)
                  000125d8    00000024     libsoc_xwr18xx.aer4f : soc_xwr18xx.oer4f (.text:SOC_isMMWaveDSSOperational)
                  000125fc    00000024                          : soc_xwr18xx.oer4f (.text:SOC_isMMWaveMSSOperational)
                  00012620    00000024     libmmwavelink_xwr18xx.aer4f : rl_sensor.oer4f (.text:rlEnableContMode)
                  00012644    00000024                                 : rl_sensor.oer4f (.text:rlRfSetCalMonTimeUnitConfig)
                  00012668    00000024                                 : rl_sensor.oer4f (.text:rlSetLowPowerModeConfig)
                  0001268c    00000024     mss_pa_per4f.oer4f (.text:xdc_runtime_Memory_HeapProxy_free__E)
                  000126b0    00000022     libuart_xwr18xx.aer4f : uartsci.oer4f (.text:UartSci_disableRxDMA)
                  000126d2    00000022                           : uartsci.oer4f (.text:UartSci_enableRxDMA)
                  000126f4    00000022     rtsv7R4_T_le_v3D16_eabi.lib : strcspn.obj (.text)
                  00012716    00000002     --HOLE-- [fill = 0]
                  00012718    00000020     libesm_xwr18xx.aer4f : esm.oer4f (.text:ESM_lowpriority_IRQ)
                  00012738    00000020     libmmwave_xwr18xx.aer4f : mmwave_listlib.oer4f (.text:MMWave_listCat)
                  00012758    00000020     mss_main.obj (.text:MmwDemo_mboxWrite)
                  00012778    00000020     libpinmux_xwr18xx.aer4f : pinmux.oer4f (.text:Pinmux_Unlock)
                  00012798    00000020     libmmwavelink_xwr18xx.aer4f : rl_sensor.oer4f (.text:rlRfInit)
                  000127b8    00000020     mss_pa_per4f.oer4f (.text:ti_sysbios_BIOS_exitFunc__I)
                  000127d8    00000008     --HOLE-- [fill = 0]
                  000127e0    00000020     sysbios.aer4f : BIOS.obj (.text:ti_sysbios_family_arm_v7r_vim_Hwi_clearInterrupt__E)
                  00012800    00000020                   : BIOS.obj (.text:ti_sysbios_knl_Task_sleepTimeout__I)
                  00012820    0000001e     libmmwave_xwr18xx.aer4f : mmwave_fullcfg.oer4f (.text:MMWave_internalDelChirp)
                  0001283e    0000001e     libsoc_xwr18xx.aer4f : soc_xwr18xx_mss.oer4f (.text:SOC_getOutAddr_LUTType)
                  0001285c    0000001c     libcrc_xwr18xx.aer4f : crc.oer4f (.text:CRC_releaseTransactionId)
                  00012878    0000001c     libDMA_xwr18xx.aer4f : dma.oer4f (.text:CSL_FEXTR)
                  00012894    0000001c     libmmwave_xwr18xx.aer4f : mmwave.oer4f (.text:CSL_FEXTR)
                  000128b0    0000001c     libsoc_xwr18xx.aer4f : soc.oer4f (.text:CSL_FEXTR)
                  000128cc    0000001c                          : soc_xwr18xx.oer4f (.text:CSL_FEXTR)
                  000128e8    0000001c                          : soc_xwr18xx_mss.oer4f (.text:CSL_FEXTR)
                  00012904    0000001c     libuart_xwr18xx.aer4f : uartsci.oer4f (.text:CSL_FEXTR)
                  00012920    0000001c     libmmwave_xwr18xx.aer4f : mmwave_listlib.oer4f (.text:MMWave_listRemove)
                  0001293c    0000001c     mss_main.obj (.text:MRR_MSS_startFxn)
                  00012958    0000001c     libsoc_xwr18xx.aer4f : soc_xwr18xx_mss.oer4f (.text:SOC_getInAddr_LUTType)
                  00012974    0000001c     sysbios.aer4f : arm_TaskSupport_asm.obj (.text:_ti_sysbios_family_arm_TaskSupport_glue)
                  00012990    0000001c                   : arm_TaskSupport_asm.obj (.text:_ti_sysbios_family_arm_TaskSupport_swap__E)
                  000129ac    0000001c     rtsv7R4_T_le_v3D16_eabi.lib : memccpy.obj (.text)
                  000129c8    0000001c     mss_pa_per4f.oer4f (.text:ti_sysbios_BIOS_RtsGateProxy_leave__E)
                  000129e4    0000001c     mss_pa_per4f.oer4f (.text:ti_sysbios_hal_Hwi_HwiProxy_getStackInfo__E)
                  00012a00    0000001c     mss_pa_per4f.oer4f (.text:ti_sysbios_heaps_HeapMem_Module_GateProxy_leave__E)
                  00012a1c    0000001c     mss_pa_per4f.oer4f (.text:ti_sysbios_knl_Clock_Module_State_clockQ)
                  00012a38    0000001c     mss_pa_per4f.oer4f (.text:ti_sysbios_knl_Task_SupportProxy_checkStack__E)
                  00012a54    0000001c     mss_pa_per4f.oer4f (.text:ti_sysbios_knl_Task_SupportProxy_swap__E)
                  00012a70    0000001c     mss_pa_per4f.oer4f (.text:xdc_runtime_System_Module_GateProxy_leave__E)
                  00012a8c    0000001a     cfg.obj (.text:Cfg_ChannelCfgInitParams)
                  00012aa6    0000001a     libmmwave_xwr18xx.aer4f : mmwave_dualcore.oer4f (.text:MMWave_deviceSyncFxn)
                  00012ac0    0000001a                             : mmwave.oer4f (.text:MMWave_encodeError)
                  00012ada    0000001a                             : mmwave_listlib.oer4f (.text:MMWave_listAdd)
                  00012af4    0000001a     mss_main.obj (.text:MRR_MSS_cfgFxn)
                  00012b0e    0000001a     libmmwavelink_xwr18xx.aer4f : rl_sensor.oer4f (.text:rlGetRfDieId)
                  00012b28    0000001a     rtsv7R4_T_le_v3D16_eabi.lib : s_copysign.obj (.text)
                  00012b42    00000018     libmmwave_xwr18xx.aer4f : mmwave_osal.oer4f (.text:MMWave_osalMutexLock)
                  00012b5a    00000018                             : mmwave_osal.oer4f (.text:MMWave_osalSemWait)
                  00012b72    00000002     --HOLE-- [fill = 0]
                  00012b74    00000018     libmailbox_xwr18xx.aer4f : mailbox.oer4f (.text:Mailbox_boxEmptyISRBss)
                  00012b8c    00000018                              : mailbox.oer4f (.text:Mailbox_boxEmptyISRMssDss)
                  00012ba4    00000018                              : mailbox.oer4f (.text:Mailbox_boxFullISRBss)
                  00012bbc    00000018     libmmwavelink_xwr18xx.aer4f : rl_device.oer4f (.text:rlDeviceGetRfVersion)
                  00012bd4    00000018                                 : rl_driver.oer4f (.text:rlDriverCalCRC)
                  00012bec    00000018                                 : rl_driver.oer4f (.text:rlDriverFillPayload)
                  00012c04    00000018                                 : rl_driver.oer4f (.text:rlDriverIsDeviceMapValid)
                  00012c1c    00000018     rtsv7R4_T_le_v3D16_eabi.lib : args_main.obj (.text)
                  00012c34    00000018                                 : strcmp.obj (.text)
                  00012c4c    00000004     --HOLE-- [fill = 0]
                  00012c50    00000018     sysbios.aer4f : BIOS.obj (.text:ti_sysbios_BIOS_setThreadType__E)
                  00012c68    00000008     --HOLE-- [fill = 0]
                  00012c70    00000018                   : BIOS.obj (.text:ti_sysbios_BIOS_start__E)
                  00012c88    00000008     --HOLE-- [fill = 0]
                  00012c90    00000018                   : BIOS.obj (.text:ti_sysbios_hal_Hwi_Module_startup__E)
                  00012ca8    00000008     --HOLE-- [fill = 0]
                  00012cb0    00000018                   : BIOS.obj (.text:ti_sysbios_knl_Idle_loop__E)
                  00012cc8    00000008     --HOLE-- [fill = 0]
                  00012cd0    00000018                   : BIOS.obj (.text:ti_sysbios_knl_Queue_empty__E)
                  00012ce8    00000008     --HOLE-- [fill = 0]
                  00012cf0    00000018                   : BIOS.obj (.text:ti_sysbios_knl_Swi_disable__E)
                  00012d08    00000008     --HOLE-- [fill = 0]
                  00012d10    00000018                   : BIOS.obj (.text:ti_sysbios_knl_Task_disable__E)
                  00012d28    00000016     rtsv7R4_T_le_v3D16_eabi.lib : strchr.obj (.text)
                  00012d3e    00000016                                 : strlen.obj (.text)
                  00012d54    00000014     libosal_xwr18xx.aer4f : HwiP_tirtos.oer4f (.text:HwiP_Params_init)
                  00012d68    00000014     libmmwave_xwr18xx.aer4f : mmwave_fullcfg.oer4f (.text:MMWave_internalDelBpmChirp)
                  00012d7c    00000014                             : mmwave_fullcfg.oer4f (.text:MMWave_internalDelProfile)
                  00012d90    00000014                             : mmwave_osal.oer4f (.text:MMWave_osalMutexDelete)
                  00012da4    00000014                             : mmwave_osal.oer4f (.text:MMWave_osalSemDelete)
                  00012db8    00000014     libpinmux_xwr18xx.aer4f : pinmux.oer4f (.text:Pinmux_Lock)
                  00012dcc    00000014     libuart_xwr18xx.aer4f : uartsci.oer4f (.text:UartSci_disableTxDMA)
                  00012de0    00000014                           : uartsci.oer4f (.text:UartSci_enableTxDMA)
                  00012df4    00000014     libosal_xwr18xx.aer4f : DebugP_tirtos.oer4f (.text:_DebugP_assert)
                  00012e08    00000014     mss_pa_per4f.oer4f (.text:malloc)
                  00012e1c    00000014     libmmwavelink_xwr18xx.aer4f : rl_controller.oer4f (.text:rlAppendDummy)
                  00012e30    00000014     rtsv7R4_T_le_v3D16_eabi.lib : _lock.obj (.text)
                  00012e44    00000014                                 : strcpy.obj (.text)
                  00012e58    00000014     mss_pa_per4f.oer4f (.text:ti_sysbios_BIOS_RtsGateProxy_enter__E)
                  00012e6c    00000004     --HOLE-- [fill = 0]
                  00012e70    00000014     sysbios.aer4f : BIOS.obj (.text:ti_sysbios_family_arm_TaskSupport_checkStack__E)
                  00012e84    00000014     mss_pa_per4f.oer4f (.text:ti_sysbios_family_arm_v7r_vim_Hwi_delete)
                  00012e98    00000008     --HOLE-- [fill = 0]
                  00012ea0    00000014     sysbios.aer4f : BIOS.obj (.text:ti_sysbios_family_arm_v7r_vim_Hwi_switchFromBootStack__E)
                  00012eb4    0000000c     rtsv7R4_T_le_v3D16_eabi.lib : memset_t2.obj (.tramp.memset.1)
                  00012ec0    00000014     sysbios.aer4f : BIOS.obj (.text:ti_sysbios_gates_GateMutex_Instance_finalize__E)
                  00012ed4    00000014     mss_pa_per4f.oer4f (.text:ti_sysbios_hal_Hwi_HwiProxy_clearInterrupt__E)
                  00012ee8    00000014     mss_pa_per4f.oer4f (.text:ti_sysbios_hal_Hwi_HwiProxy_disableInterrupt__E)
                  00012efc    00000014     mss_pa_per4f.oer4f (.text:ti_sysbios_hal_Hwi_HwiProxy_enableInterrupt__E)
                  00012f10    00000014     mss_pa_per4f.oer4f (.text:ti_sysbios_heaps_HeapMem_Module_GateProxy_enter__E)
                  00012f24    00000014     mss_pa_per4f.oer4f (.text:ti_sysbios_heaps_HeapMem_Module_GateProxy_query__E)
                  00012f38    00000014     mss_pa_per4f.oer4f (.text:ti_sysbios_knl_Clock_TimerProxy_getMaxTicks__E)
                  00012f4c    00000004     --HOLE-- [fill = 0]
                  00012f50    00000014     sysbios.aer4f : BIOS.obj (.text:ti_sysbios_knl_Semaphore_Instance_finalize__E)
                  00012f64    00000014     mss_pa_per4f.oer4f (.text:ti_sysbios_knl_Semaphore_delete)
                  00012f78    00000014     mss_pa_per4f.oer4f (.text:xdc_iargToPtr)
                  00012f8c    00000004     --HOLE-- [fill = 0]
                  00012f90    00000014     sysbios.aer4f : BIOS.obj (.text:xdc_runtime_Memory_free__E)
                  00012fa4    00000014     mss_pa_per4f.oer4f (.text:xdc_runtime_System_Module_GateProxy_enter__E)
                  00012fb8    00000014     mss_pa_per4f.oer4f (.text:xdc_runtime_System_SupportProxy_abort__E)
                  00012fcc    00000014     mss_pa_per4f.oer4f (.text:xdc_runtime_System_SupportProxy_exit__E)
                  00012fe0    00000014     mss_pa_per4f.oer4f (.text:xdc_runtime_System_SupportProxy_putch__E)
                  00012ff4    00000012     libcrc_xwr18xx.aer4f : crc.oer4f (.text:CRC_initConfigParams)
                  00013006    00000012     cfg.obj (.text:Cfg_LowPowerModeInitParams)
                  00013018    00000012     libmmwave_xwr18xx.aer4f : mmwave_dualcore.oer4f (.text:MMWave_deviceGetDeviceInfo)
                  0001302a    00000012     libosal_xwr18xx.aer4f : MemoryP_tirtos.oer4f (.text:MemoryP_ctrlAlloc)
                  0001303c    00000012                           : SemaphoreP_tirtos.oer4f (.text:SemaphoreP_pend)
                  0001304e    00000010     libcrc_xwr18xx.aer4f : crc.oer4f (.text:CRC_getSignatureRegister)
                  0001305e    00000002     --HOLE-- [fill = 0]
                  00013060    00000010     mss_main.obj (.text:MRR_MSS_stopFxn)
                  00013070    00000010     sysbios.aer4f : BIOS.obj (.text:ti_sysbios_family_arm_TaskSupport_getStackAlignment__E)
                  00013080    00000010                   : BIOS.obj (.text:ti_sysbios_family_arm_exc_Exception_Module_startup__E)
                  00013090    00000010                   : BIOS.obj (.text:xdc_runtime_Startup_rtsDone__E)
                  000130a0    0000000e     libosal_xwr18xx.aer4f : SemaphoreP_tirtos.oer4f (.text:SemaphoreP_delete)
                  000130ae    0000000e     rtsv7R4_T_le_v3D16_eabi.lib : copy_decompress_none.obj (.text:decompress:none)
                  000130bc    00000004     --HOLE-- [fill = 0]
                  000130c0    0000000c     sysbios.aer4f : BIOS.obj (.text:ti_sysbios_family_arm_v7r_vim_Hwi_startup__E)
                  000130cc    00000004     --HOLE-- [fill = 0]
                  000130d0    0000000c                   : BIOS.obj (.text:ti_sysbios_gates_GateHwi_enter__E)
                  000130dc    00000004     --HOLE-- [fill = 0]
                  000130e0    0000000c                   : BIOS.obj (.text:ti_sysbios_knl_Queue_Instance_init__E)
                  000130ec    00000004     --HOLE-- [fill = 0]
                  000130f0    0000000c                   : BIOS.obj (.text:xdc_runtime_SysStd_exit__E)
                  000130fc    00000004     --HOLE-- [fill = 0]
                  00013100    00000008                   : BIOS.obj (.text:ti_sysbios_gates_GateHwi_leave__E)
                  00013108    00000008     --HOLE-- [fill = 0]
                  00013110    00000008                   : BIOS.obj (.text:ti_sysbios_gates_GateHwi_query__E)
                  00013118    00000008     --HOLE-- [fill = 0]
                  00013120    00000008                   : BIOS.obj (.text:ti_sysbios_gates_GateMutex_query__E)
                  00013128    00000008     --HOLE-- [fill = 0]
                  00013130    00000008                   : BIOS.obj (.text:ti_sysbios_heaps_HeapMem_isBlocking__E)
                  00013138    00000008     --HOLE-- [fill = 0]
                  00013140    00000008                   : BIOS.obj (.text:ti_sysbios_timers_rti_Timer_getMaxTicks__E)
                  00013148    00000008     --HOLE-- [fill = 0]
                  00013150    00000008                   : BIOS.obj (.text:xdc_runtime_SysStd_ready__E)
                  00013158    00000008     --HOLE-- [fill = 0]
                  00013160    00000008                   : BIOS.obj (.text:xdc_runtime_System_Module_startup__E)
                  00013168    00000008     --HOLE-- [fill = 0]
                  00013170    00000004                   : BIOS.obj (.text:ti_sysbios_BIOS_linkedWithIncorrectBootLibrary__E)
                  00013174    0000000c     rtsv7R4_T_le_v3D16_eabi.lib : cpy_tbl.obj (.tramp.copy_in.1)
                  00013180    00000004     sysbios.aer4f : BIOS.obj (.text:ti_sysbios_gates_GateHwi_Instance_init__E)
                  00013184    0000000c     --HOLE-- [fill = 0]
                  00013190    00000004                   : BIOS.obj (.text:ti_sysbios_knl_Task_startup__E)
                  00013194    0000000c     --HOLE-- [fill = 0]
                  000131a0    00000004                   : BIOS.obj (.text:xdc_runtime_SysStd_putch__E)

.const     0    000131a8    0000282c     
                  000131a8    00001aee     mss_pa_per4f.oer4f (.const:xdc_runtime_Text_charTab__A)
                  00014c96    00000002     mss_pa_per4f.oer4f (.const:ti_sysbios_family_arm_exc_Exception_Module__id__C)
                  00014c98    000002b8     libmmwavelink_xwr18xx.aer4f : rl_sensor.oer4f (.const:$O1$$)
                  00014f50    00000101     rtsv7R4_T_le_v3D16_eabi.lib : ctype.obj (.const:.string:_ctypes_)
                  00015051    00000001     --HOLE-- [fill = 0]
                  00015052    000000d0     mss_pa_per4f.oer4f (.const:xdc_runtime_Text_nodeTab__A)
                  00015122    00000002     mss_pa_per4f.oer4f (.const:ti_sysbios_family_arm_v7r_tms570_Core_Module__id__C)
                  00015124    000000a0     libcli_xwr18xx.aer4f : cli_mmwave.oer4f (.const:.string)
                  000151c4    00000004     mss_pa_cli.obj (.const:$P$T0$1)
                  000151c8    00000098     rtsv7R4_T_le_v3D16_eabi.lib : strtod.obj (.const:$O1$$)
                  00015260    00000080     mss_pa_per4f.oer4f (.const:ti_sysbios_family_arm_v7r_vim_Hwi_channelMap__A)
                  000152e0    00000078     libmmwavelink_xwr18xx.aer4f : rl_driver.oer4f (.const:$O2$$)
                  00015358    00000058     mss_pa_per4f.oer4f (.const:.string)
                  000153b0    00000044     mss_pa_per4f.oer4f (.const:ti_sysbios_knl_Task_Object__PARAMS__C)
                  000153f4    0000003c     libuart_xwr18xx.aer4f : UART.oer4f (.const:UART_defaultParams)
                  00015430    00000030     mss_pa_per4f.oer4f (.const:ti_sysbios_family_arm_v7r_vim_Hwi_Object__PARAMS__C)
                  00015460    00000028     mss_pa_per4f.oer4f (.const:ti_sysbios_heaps_HeapMem_Module__FXNS__C)
                  00015488    00000028     mss_pa_per4f.oer4f (.const:xdc_runtime_Startup_sfxnTab__A)
                  000154b0    00000024     libmailbox_xwr18xx.aer4f : mailbox.oer4f (.const:Mailbox_defaultCfg)
                  000154d4    00000024     mss_pa_per4f.oer4f (.const:ti_sysbios_gates_GateHwi_Module__FXNS__C)
                  000154f8    00000024     mss_pa_per4f.oer4f (.const:ti_sysbios_gates_GateMutex_Module__FXNS__C)
                  0001551c    00000024     mss_pa_per4f.oer4f (.const:ti_sysbios_heaps_HeapMem_Object__PARAMS__C)
                  00015540    00000024     mss_pa_per4f.oer4f (.const:ti_sysbios_knl_Semaphore_Object__PARAMS__C)
                  00015564    00000020     libcli_xwr18xx.aer4f : cli_mmwave.oer4f (.const:$P$T0$1)
                  00015584    00000020     mss_pa_per4f.oer4f (.const:ti_sysbios_family_arm_v7r_vim_Hwi_Object__DESC__C)
                  000155a4    00000020     mss_pa_per4f.oer4f (.const:ti_sysbios_gates_GateHwi_Object__DESC__C)
                  000155c4    00000020     mss_pa_per4f.oer4f (.const:ti_sysbios_gates_GateMutex_Object__DESC__C)
                  000155e4    00000020     mss_pa_per4f.oer4f (.const:ti_sysbios_heaps_HeapMem_Object__DESC__C)
                  00015604    00000020     mss_pa_per4f.oer4f (.const:ti_sysbios_knl_Queue_Object__DESC__C)
                  00015624    00000020     mss_pa_per4f.oer4f (.const:ti_sysbios_knl_Semaphore_Object__DESC__C)
                  00015644    00000020     mss_pa_per4f.oer4f (.const:ti_sysbios_knl_Task_Object__DESC__C)
                  00015664    00000018     mss_pa_per4f.oer4f (.const:ti_sysbios_gates_GateHwi_Object__PARAMS__C)
                  0001567c    00000018     mss_pa_per4f.oer4f (.const:ti_sysbios_gates_GateMutex_Object__PARAMS__C)
                  00015694    00000018     mss_pa_per4f.oer4f (.const:ti_sysbios_knl_Queue_Object__PARAMS__C)
                  000156ac    00000014     mss_pa_per4f.oer4f (.const:xdc_runtime_Startup_sfxnRts__A)
                  000156c0    00000010     mss_pa_per4f.oer4f (.const:ti_sysbios_family_arm_v7r_vim_Hwi_intReqEnaSet__A)
                  000156d0    00000010     mss_pa_per4f.oer4f (.const:ti_sysbios_family_arm_v7r_vim_Hwi_wakeEnaSet__A)
                  000156e0    00000008     mss_pa_per4f.oer4f (.const:ti_sysbios_knl_Idle_funcList__C)
                  000156e8    00000008     mss_pa_per4f.oer4f (.const:xdc_runtime_Startup_firstFxns__A)
                  000156f0    00000008     mss_pa_per4f.oer4f (.const:xdc_runtime_Startup_firstFxns__C)
                  000156f8    00000008     mss_pa_per4f.oer4f (.const:xdc_runtime_Startup_lastFxns__C)
                  00015700    00000004     libcli_xwr18xx.aer4f : cli.oer4f (.const:.string:$P$T0$1)
                  00015704    00000004     mss_pa_per4f.oer4f (.const:ti_sysbios_BIOS_installedErrorHook__C)
                  00015708    00000004     mss_pa_per4f.oer4f (.const:ti_sysbios_family_arm_TaskSupport_stackAlignment__C)
                  0001570c    00000004     mss_pa_per4f.oer4f (.const:ti_sysbios_family_arm_exc_Exception_E_dataAbort__C)
                  00015710    00000004     mss_pa_per4f.oer4f (.const:ti_sysbios_family_arm_exc_Exception_E_prefetchAbort__C)
                  00015714    00000004     mss_pa_per4f.oer4f (.const:ti_sysbios_family_arm_exc_Exception_E_swi__C)
                  00015718    00000004     mss_pa_per4f.oer4f (.const:ti_sysbios_family_arm_exc_Exception_E_undefinedInstruction__C)
                  0001571c    00000004     mss_pa_per4f.oer4f (.const:ti_sysbios_family_arm_exc_Exception_excHookFuncs__A)
                  00015720    00000004     mss_pa_per4f.oer4f (.const:ti_sysbios_family_arm_exc_Exception_excHookFuncs__C)
                  00015724    00000004     mss_pa_per4f.oer4f (.const:ti_sysbios_family_arm_v7r_tms570_Core_E_mismatchedIds__C)
                  00015728    00000004     mss_pa_per4f.oer4f (.const:ti_sysbios_family_arm_v7r_tms570_Core_id__C)
                  0001572c    00000004     mss_pa_per4f.oer4f (.const:ti_sysbios_family_arm_v7r_vim_Hwi_A_badChannelId__C)
                  00015730    00000004     mss_pa_per4f.oer4f (.const:ti_sysbios_family_arm_v7r_vim_Hwi_E_alreadyDefined__C)
                  00015734    00000004     mss_pa_per4f.oer4f (.const:ti_sysbios_family_arm_v7r_vim_Hwi_E_badIntNum__C)
                  00015738    00000004     mss_pa_per4f.oer4f (.const:ti_sysbios_family_arm_v7r_vim_Hwi_E_phantomInterrupt__C)
                  0001573c    00000004     mss_pa_per4f.oer4f (.const:ti_sysbios_family_arm_v7r_vim_Hwi_E_undefined__C)
                  00015740    00000004     mss_pa_per4f.oer4f (.const:ti_sysbios_family_arm_v7r_vim_Hwi_E_unsupportedMaskingOption__C)
                  00015744    00000004     mss_pa_per4f.oer4f (.const:ti_sysbios_family_arm_v7r_vim_Hwi_LD_end__C)
                  00015748    00000004     mss_pa_per4f.oer4f (.const:ti_sysbios_family_arm_v7r_vim_Hwi_LM_begin__C)
                  0001574c    00000004     mss_pa_per4f.oer4f (.const:ti_sysbios_family_arm_v7r_vim_Hwi_Module__diagsEnabled__C)
                  00015750    00000004     mss_pa_per4f.oer4f (.const:ti_sysbios_family_arm_v7r_vim_Hwi_Module__diagsIncluded__C)
                  00015754    00000004     mss_pa_per4f.oer4f (.const:ti_sysbios_family_arm_v7r_vim_Hwi_Module__diagsMask__C)
                  00015758    00000004     mss_pa_per4f.oer4f (.const:ti_sysbios_family_arm_v7r_vim_Hwi_Module__loggerFxn1__C)
                  0001575c    00000004     mss_pa_per4f.oer4f (.const:ti_sysbios_family_arm_v7r_vim_Hwi_Module__loggerFxn8__C)
                  00015760    00000004     mss_pa_per4f.oer4f (.const:ti_sysbios_family_arm_v7r_vim_Hwi_Module__loggerObj__C)
                  00015764    00000004     mss_pa_per4f.oer4f (.const:ti_sysbios_family_arm_v7r_vim_Hwi_NUM_INTERRUPTS__C)
                  00015768    00000004     mss_pa_per4f.oer4f (.const:ti_sysbios_family_arm_v7r_vim_Hwi_channelMap__C)
                  0001576c    00000004     mss_pa_per4f.oer4f (.const:ti_sysbios_family_arm_v7r_vim_Hwi_intReqEnaSet__C)
                  00015770    00000004     mss_pa_per4f.oer4f (.const:ti_sysbios_family_arm_v7r_vim_Hwi_phantomFunc__C)
                  00015774    00000004     mss_pa_per4f.oer4f (.const:ti_sysbios_family_arm_v7r_vim_Hwi_swiDisable__C)
                  00015778    00000004     mss_pa_per4f.oer4f (.const:ti_sysbios_family_arm_v7r_vim_Hwi_swiRestoreHwi__C)
                  0001577c    00000004     mss_pa_per4f.oer4f (.const:ti_sysbios_family_arm_v7r_vim_Hwi_taskDisable__C)
                  00015780    00000004     mss_pa_per4f.oer4f (.const:ti_sysbios_family_arm_v7r_vim_Hwi_taskRestoreHwi__C)
                  00015784    00000004     mss_pa_per4f.oer4f (.const:ti_sysbios_family_arm_v7r_vim_Hwi_wakeEnaSet__C)
                  00015788    00000004     mss_pa_per4f.oer4f (.const:ti_sysbios_gates_GateMutex_A_badContext__C)
                  0001578c    00000004     mss_pa_per4f.oer4f (.const:ti_sysbios_gates_GateMutex_Instance_State_sem__O)
                  00015790    00000004     mss_pa_per4f.oer4f (.const:ti_sysbios_gates_GateMutex_Module__diagsEnabled__C)
                  00015794    00000004     mss_pa_per4f.oer4f (.const:ti_sysbios_gates_GateMutex_Module__diagsIncluded__C)
                  00015798    00000004     mss_pa_per4f.oer4f (.const:ti_sysbios_gates_GateMutex_Module__diagsMask__C)
                  0001579c    00000004     mss_pa_per4f.oer4f (.const:ti_sysbios_hal_Hwi_E_stackOverflow__C)
                  000157a0    00000004     mss_pa_per4f.oer4f (.const:ti_sysbios_heaps_HeapBuf_Instance_State_freeList__O)
                  000157a4    00000004     mss_pa_per4f.oer4f (.const:ti_sysbios_heaps_HeapBuf_Object__count__C)
                  000157a8    00000004     mss_pa_per4f.oer4f (.const:ti_sysbios_heaps_HeapBuf_numConstructedHeaps__C)
                  000157ac    00000004     mss_pa_per4f.oer4f (.const:ti_sysbios_heaps_HeapMem_A_align__C)
                  000157b0    00000004     mss_pa_per4f.oer4f (.const:ti_sysbios_heaps_HeapMem_A_heapSize__C)
                  000157b4    00000004     mss_pa_per4f.oer4f (.const:ti_sysbios_heaps_HeapMem_A_invalidFree__C)
                  000157b8    00000004     mss_pa_per4f.oer4f (.const:ti_sysbios_heaps_HeapMem_A_zeroBlock__C)
                  000157bc    00000004     mss_pa_per4f.oer4f (.const:ti_sysbios_heaps_HeapMem_E_memory__C)
                  000157c0    00000004     mss_pa_per4f.oer4f (.const:ti_sysbios_heaps_HeapMem_Module__diagsEnabled__C)
                  000157c4    00000004     mss_pa_per4f.oer4f (.const:ti_sysbios_heaps_HeapMem_Module__diagsIncluded__C)
                  000157c8    00000004     mss_pa_per4f.oer4f (.const:ti_sysbios_heaps_HeapMem_Module__diagsMask__C)
                  000157cc    00000004     mss_pa_per4f.oer4f (.const:ti_sysbios_heaps_HeapMem_Module__gateObj__C)
                  000157d0    00000004     mss_pa_per4f.oer4f (.const:ti_sysbios_heaps_HeapMem_Object__count__C)
                  000157d4    00000004     mss_pa_per4f.oer4f (.const:ti_sysbios_heaps_HeapMem_Object__table__C)
                  000157d8    00000004     mss_pa_per4f.oer4f (.const:ti_sysbios_heaps_HeapMem_reqAlign__C)
                  000157dc    00000004     mss_pa_per4f.oer4f (.const:ti_sysbios_knl_Clock_LM_begin__C)
                  000157e0    00000004     mss_pa_per4f.oer4f (.const:ti_sysbios_knl_Clock_LM_tick__C)
                  000157e4    00000004     mss_pa_per4f.oer4f (.const:ti_sysbios_knl_Clock_LW_delayed__C)
                  000157e8    00000004     mss_pa_per4f.oer4f (.const:ti_sysbios_knl_Clock_Module_State_clockQ__O)
                  000157ec    00000004     mss_pa_per4f.oer4f (.const:ti_sysbios_knl_Clock_Module__diagsEnabled__C)
                  000157f0    00000004     mss_pa_per4f.oer4f (.const:ti_sysbios_knl_Clock_Module__diagsIncluded__C)
                  000157f4    00000004     mss_pa_per4f.oer4f (.const:ti_sysbios_knl_Clock_Module__diagsMask__C)
                  000157f8    00000004     mss_pa_per4f.oer4f (.const:ti_sysbios_knl_Clock_Module__loggerFxn1__C)
                  000157fc    00000004     mss_pa_per4f.oer4f (.const:ti_sysbios_knl_Clock_Module__loggerFxn2__C)
[...]
000157c0  ti_sysbios_heaps_HeapMem_Module__diagsEnabled__C                     
000157c4  ti_sysbios_heaps_HeapMem_Module__diagsIncluded__C                    
000157c8  ti_sysbios_heaps_HeapMem_Module__diagsMask__C                        
000157cc  ti_sysbios_heaps_HeapMem_Module__gateObj__C                          
000157d0  ti_sysbios_heaps_HeapMem_Object__count__C                            
000157d4  ti_sysbios_heaps_HeapMem_Object__table__C                            
000157d8  ti_sysbios_heaps_HeapMem_reqAlign__C                                 
000157dc  ti_sysbios_knl_Clock_LM_begin__C                                     
000157e0  ti_sysbios_knl_Clock_LM_tick__C                                      
000157e4  ti_sysbios_knl_Clock_LW_delayed__C                                   
000157e8  ti_sysbios_knl_Clock_Module_State_clockQ__O                          
000157ec  ti_sysbios_knl_Clock_Module__diagsEnabled__C                         
000157f0  ti_sysbios_knl_Clock_Module__diagsIncluded__C                        
000157f4  ti_sysbios_knl_Clock_Module__diagsMask__C                            
000157f8  ti_sysbios_knl_Clock_Module__loggerFxn1__C                           
000157fc  ti_sysbios_knl_Clock_Module__loggerFxn2__C                           
00015800  ti_sysbios_knl_Clock_Module__loggerObj__C                            
00015804  ti_sysbios_knl_Event_A_nullEventId__C                                
00015808  ti_sysbios_knl_Event_Instance_State_pendQ__O                         
0001580c  ti_sysbios_knl_Event_LM_post__C                                      
00015810  ti_sysbios_knl_Event_Module__diagsEnabled__C                         
00015814  ti_sysbios_knl_Event_Module__diagsIncluded__C                        
00015818  ti_sysbios_knl_Event_Module__diagsMask__C                            
0001581c  ti_sysbios_knl_Event_Module__loggerFxn4__C                           
00015820  ti_sysbios_knl_Event_Module__loggerObj__C                            
00015824  ti_sysbios_knl_Idle_funcList__A                                      
00015828  ti_sysbios_knl_Semaphore_A_badContext__C                             
0001582c  ti_sysbios_knl_Semaphore_A_noEvents__C                               
00015830  ti_sysbios_knl_Semaphore_A_overflow__C                               
00015834  ti_sysbios_knl_Semaphore_A_pendTaskDisabled__C                       
00015838  ti_sysbios_knl_Semaphore_Instance_State_pendQ__O                     
0001583c  ti_sysbios_knl_Semaphore_LM_pend__C                                  
00015840  ti_sysbios_knl_Semaphore_LM_post__C                                  
00015844  ti_sysbios_knl_Semaphore_Module__diagsEnabled__C                     
00015848  ti_sysbios_knl_Semaphore_Module__diagsIncluded__C                    
0001584c  ti_sysbios_knl_Semaphore_Module__diagsMask__C                        
00015850  ti_sysbios_knl_Semaphore_Module__loggerFxn2__C                       
00015854  ti_sysbios_knl_Semaphore_Module__loggerFxn4__C                       
00015858  ti_sysbios_knl_Semaphore_Module__loggerObj__C                        
0001585c  ti_sysbios_knl_Swi_LD_end__C                                         
00015860  ti_sysbios_knl_Swi_LM_begin__C                                       
00015864  ti_sysbios_knl_Swi_LM_post__C                                        
00015868  ti_sysbios_knl_Swi_Module__diagsEnabled__C                           
0001586c  ti_sysbios_knl_Swi_Module__diagsIncluded__C                          
00015870  ti_sysbios_knl_Swi_Module__diagsMask__C                              
00015874  ti_sysbios_knl_Swi_Module__loggerFxn1__C                             
00015878  ti_sysbios_knl_Swi_Module__loggerFxn4__C                             
0001587c  ti_sysbios_knl_Swi_Module__loggerObj__C                              
00015880  ti_sysbios_knl_Swi_Object__count__C                                  
00015884  ti_sysbios_knl_Swi_Object__table__C                                  
00015888  ti_sysbios_knl_Task_A_badPriority__C                                 
0001588c  ti_sysbios_knl_Task_A_badTaskState__C                                
00015890  ti_sysbios_knl_Task_A_badThreadType__C                               
00015894  ti_sysbios_knl_Task_A_badTimeout__C                                  
00015898  ti_sysbios_knl_Task_A_noPendElem__C                                  
0001589c  ti_sysbios_knl_Task_A_sleepTaskDisabled__C                           
000158a0  ti_sysbios_knl_Task_E_spOutOfBounds__C                               
000158a4  ti_sysbios_knl_Task_E_stackOverflow__C                               
000158a8  ti_sysbios_knl_Task_LD_block__C                                      
000158ac  ti_sysbios_knl_Task_LD_exit__C                                       
000158b0  ti_sysbios_knl_Task_LD_ready__C                                      
000158b4  ti_sysbios_knl_Task_LM_sleep__C                                      
000158b8  ti_sysbios_knl_Task_LM_switch__C                                     
000158bc  ti_sysbios_knl_Task_Module_State_inactiveQ__O                        
000158c0  ti_sysbios_knl_Task_Module__diagsEnabled__C                          
000158c4  ti_sysbios_knl_Task_Module__diagsIncluded__C                         
000158c8  ti_sysbios_knl_Task_Module__diagsMask__C                             
000158cc  ti_sysbios_knl_Task_Module__loggerFxn2__C                            
000158d0  ti_sysbios_knl_Task_Module__loggerFxn4__C                            
000158d4  ti_sysbios_knl_Task_Module__loggerObj__C                             
000158d8  ti_sysbios_knl_Task_Object__count__C                                 
000158dc  ti_sysbios_knl_Task_Object__table__C                                 
000158e0  ti_sysbios_knl_Task_allBlockedFunc__C                                
000158e4  ti_sysbios_knl_Task_defaultStackHeap__C                              
000158e8  ti_sysbios_knl_Task_defaultStackSize__C                              
000158ec  ti_sysbios_knl_Task_numConstructedTasks__C                           
000158f0  ti_sysbios_timers_rti_Timer_E_cannotSupport__C                       
000158f4  ti_sysbios_timers_rti_Timer_Module__diagsEnabled__C                  
000158f8  ti_sysbios_timers_rti_Timer_Module__diagsIncluded__C                 
000158fc  ti_sysbios_timers_rti_Timer_Module__diagsMask__C                     
00015900  ti_sysbios_timers_rti_Timer_numTimerDevices__C                       
00015904  ti_sysbios_timers_rti_Timer_startupNeeded__C                         
00015908  xdc_runtime_Assert_E_assertFailed__C                                 
0001590c  xdc_runtime_Core_A_initializedParams__C                              
00015910  xdc_runtime_Core_Module__diagsEnabled__C                             
00015914  xdc_runtime_Core_Module__diagsIncluded__C                            
00015918  xdc_runtime_Core_Module__diagsMask__C                                
0001591c  xdc_runtime_Error_E_memory__C                                        
00015920  xdc_runtime_Error_Module__diagsEnabled__C                            
00015924  xdc_runtime_Error_Module__diagsIncluded__C                           
00015928  xdc_runtime_Error_Module__diagsMask__C                               
0001592c  xdc_runtime_Error_Module__loggerFxn8__C                              
00015930  xdc_runtime_Error_Module__loggerObj__C                               
00015934  xdc_runtime_Error_policyFxn__C                                       
00015938  xdc_runtime_Error_policy__C                                          
0001593c  xdc_runtime_Error_raiseHook__C                                       
00015940  xdc_runtime_IGateProvider_Interface__BASE__C                         
00015944  xdc_runtime_IHeap_Interface__BASE__C                                 
00015948  xdc_runtime_IModule_Interface__BASE__C                               
0001594c  xdc_runtime_Log_L_error__C                                           
00015950  xdc_runtime_Main_Module__diagsEnabled__C                             
00015954  xdc_runtime_Main_Module__diagsIncluded__C                            
00015958  xdc_runtime_Main_Module__diagsMask__C                                
0001595c  xdc_runtime_Memory_defaultHeapInstance__C                            
00015960  xdc_runtime_Startup_execImpl__C                                      
00015964  xdc_runtime_Startup_maxPasses__C                                     
00015968  xdc_runtime_Startup_sfxnRts__C                                       
0001596c  xdc_runtime_Startup_sfxnTab__C                                       
00015970  xdc_runtime_Startup_startModsFxn__C                                  
00015974  xdc_runtime_System_Module__gateObj__C                                
00015978  xdc_runtime_System_abortFxn__C                                       
0001597c  xdc_runtime_System_exitFxn__C                                        
00015980  xdc_runtime_System_extendFxn__C                                      
00015984  xdc_runtime_System_maxAtexitHandlers__C                              
00015988  xdc_runtime_Text_charTab__C                                          
0001598c  xdc_runtime_Text_nameEmpty__C                                        
00015990  xdc_runtime_Text_nameStatic__C                                       
00015994  xdc_runtime_Text_nameUnknown__C                                      
00015998  xdc_runtime_Text_nodeTab__C                                          
0001599c  xdc_runtime_Text_visitRopeFxn__C                                     
000159a0  ti_sysbios_family_arm_v7r_vim_Hwi_Module__id__C                      
000159a2  ti_sysbios_family_arm_v7r_vim_Hwi_Module__loggerDefined__C           
000159a4  ti_sysbios_gates_GateMutex_Module__id__C                             
000159a6  ti_sysbios_hal_Hwi_Module__id__C                                     
000159a8  ti_sysbios_heaps_HeapMem_Module__id__C                               
000159aa  ti_sysbios_knl_Clock_Module__id__C                                   
000159ac  ti_sysbios_knl_Clock_Module__loggerDefined__C                        
000159ae  ti_sysbios_knl_Event_Module__id__C                                   
000159b0  ti_sysbios_knl_Event_Module__loggerDefined__C                        
000159b2  ti_sysbios_knl_Semaphore_Module__id__C                               
000159b4  ti_sysbios_knl_Semaphore_Module__loggerDefined__C                    
000159b6  ti_sysbios_knl_Swi_Module__id__C                                     
000159b8  ti_sysbios_knl_Swi_Module__loggerDefined__C                          
000159ba  ti_sysbios_knl_Task_Module__id__C                                    
000159bc  ti_sysbios_knl_Task_Module__loggerDefined__C                         
000159be  ti_sysbios_timers_rti_Timer_Module__id__C                            
000159c0  ti_sysbios_timers_rti_Timer_continueOnSuspend__C                     
000159c2  xdc_runtime_Core_Module__id__C                                       
000159c4  xdc_runtime_Error_Module__loggerDefined__C                           
000159c6  xdc_runtime_Error_maxDepth__C                                        
000159c8  xdc_runtime_Main_Module__id__C                                       
000159ca  xdc_runtime_Memory_Module__id__C                                     
000159cc  xdc_runtime_Text_charCnt__C                                          
000159ce  xdc_runtime_Text_isLoaded__C                                         
000159d0  xdc_runtime_Text_registryModsLastId__C                               
000159d2  xdc_runtime_Text_unnamedModsLastId__C                                
000159d8  __TI_static_base__                                                   
00015d64  __TI_Handler_Table_Base                                              
00015d70  __TI_Handler_Table_Limit                                             
00015d88  __TI_CINIT_Base                                                      
00015da8  __TI_CINIT_Limit                                                     
08000000  ti_sysbios_heaps_HeapMem_Instance_State_0_buf__A                     
08008000  ti_sysbios_family_arm_exc_Exception_Module_State_0_excStack_0__A     
08009000  ti_sysbios_knl_Task_Instance_State_0_stack__A                        
08009800  gCLI                                                                 
080099a8  gGPIOMCB                                                             
08009b3c  __CIOBUF_                                                            
08009c5c  gMMWave_MCB                                                          
08009d58  __TI_tmpnams                                                         
08009df8  gEsmMCB                                                              
08009e68  gMMWave_DualcoreMCB                                                  
08009e70  gMrrMSSMCB                                                           
08009ed8  parmbuf                                                              
08009ee0  __stack                                                              
0800aee0  __STACK_END                                                          
0800aee0  rl_txMsg                                                             
0800afe0  rl_rxMsg                                                             
0800b2c4  gCRCRegister                                                         
0800b2c8  gCLI_mmwave_freq_scale_factor                                        
0800b2d0  gCLIMMWaveOpenCfg                                                    
0800b2f4  partInfoStringArray                                                  
0800b374  gCLIMMWaveExtensionTable                                             
0800b41c  gCLIMMWaveControlCfg                                                 
0800b4e8  ti_sysbios_family_arm_v7r_vim_Hwi_Module_State_0_dispatchTable__A    
0800b6e8  _ftable                                                              
0800b7d8  ti_sysbios_knl_Swi_Module_State_0_readyQ__A                          
0800b858  ti_sysbios_knl_Task_Module_State_0_readyQ__A                         
0800b8d8  _device                                                              
0800b950  ti_sysbios_knl_Task_Object__table__V                                 
0800b9ac  gUartSciHwCfg                                                        
0800ba04  _stream                                                              
0800ba54  gMailboxMCB                                                          
0800baa4  ti_sysbios_knl_Task_Module__state__V                                 
0800baec  SOC_TranslateAddr_LUT                                                
0800bb2c  ti_sysbios_gates_GateMutex_Object__table__V                          
0800bb6c  ti_sysbios_timers_rti_Timer_Object__table__V                         
0800bba8  ti_sysbios_family_arm_v7r_vim_Hwi_Module__state__V                   
0800bbdc  ti_sysbios_knl_Swi_Object__table__V                                  
0800bc0c  ti_sysbios_family_arm_v7r_vim_Hwi_Object__table__V                   
0800bc38  ti_sysbios_knl_Clock_Module__state__V                                
0800bc64  gUartSciFxnTable                                                     
0800bc8c  UART_config                                                          
0800bcb0  ti_sysbios_BIOS_Module__state__V                                     
0800bcd4  xdc_runtime_Error_IgnoreBlock                                        
0800bcf4  xdc_runtime_System_Module_State_0_atexitHandlers__A                  
0800bd14  ti_sysbios_knl_Swi_Module__state__V                                  
0800bd30  gMailboxMssBssHwCfg                                                  
0800bd48  gMailboxMssDssHwCfg                                                  
0800bd60  ti_sysbios_heaps_HeapMem_Object__table__V                            
0800bd78  ti_sysbios_timers_rti_Timer_Module_State_0_device__A                 
0800bd90  gSOCHwAttrib                                                         
0800bda4  ti_sysbios_family_arm_exc_Exception_Module__state__V                 
0800bdb8  __TI_ft_end                                                          
0800bdbc  __aeabi_stdin                                                        
0800bdc0  __aeabi_stdout                                                       
0800bdc4  __aeabi_stderr                                                       
0800bdc8  ti_sysbios_timers_rti_Timer_Module_State_0_intFreqs__A               
0800bdd8  ti_sysbios_timers_rti_Timer_Module__state__V                         
0800bde8  __TI_cleanup_ptr                                                     
0800bdec  __TI_dtors_ptr                                                       
0800bdf0  __TI_enable_exit_profile_output                                      
0800bdf4  gESMHwCfgAttrs                                                       
0800be00  _lock                                                                
0800be04  _unlock                                                              
0800be08  gGPIOHwAtrrib                                                        
0800be10  ti_sysbios_family_arm_v7r_vim_Hwi_Module__root__V                    
0800be18  ti_sysbios_gates_GateHwi_Module__root__V                             
0800be20  ti_sysbios_gates_GateMutex_Module__root__V                           
0800be28  ti_sysbios_hal_Hwi_Object__table__V                                  
0800be30  ti_sysbios_heaps_HeapMem_Module__root__V                             
0800be38  ti_sysbios_knl_Queue_Module__root__V                                 
0800be40  ti_sysbios_knl_Semaphore_Module__root__V                             
0800be48  ti_sysbios_knl_Task_Module__root__V                                  
0800be50  ti_sysbios_timers_rti_Timer_Module_State_0_handles__A                
0800be58  xdc_runtime_Registry_Module__state__V                                
0800be60  xdc_runtime_Startup_Module__state__V                                 
0800be68  xdc_runtime_System_Module__state__V                                  
0800be70  gPinmuxRegs                                                          
0800be78  errno                                                                
0800be84  main_func_sp                                                         
0800be8c  ti_sysbios_family_arm_exc_Exception_Module_State_0_excContext__A     
0800be90  ti_sysbios_family_arm_exc_Exception_Module_State_0_excStackBuffers__A
0800be94  ti_sysbios_family_arm_exc_Exception_Module_State_0_excStack__A       
0800be98  ti_sysbios_gates_GateHwi_Object__table__V                            
0800be9c  ti_sysbios_heaps_HeapBuf_Module__state__V                            
0800bea0  ti_sysbios_knl_Task_Module_State_0_idleTask__A                       
0800bea4  xdc_runtime_Memory_Module__state__V                                  
0800bea8  ti_sysbios_family_arm_exc_Exception_Module_State_0_excActive__A      
0800beaa  xdc_runtime_Error_Module__state__V                                   
0800beb0  ti_sysbios_family_arm_v7r_vim_Hwi_Module_State_0_fiqStack__A         
fffffdec  ti_sysbios_family_arm_v7r_vim_Hwi_vim                                
ffffffff  __TI_pprof_out_hndl                                                  
ffffffff  __TI_prof_data_size                                                  
ffffffff  __TI_prof_data_start                                                 
ffffffff  __binit__                                                            
ffffffff  __c_args__                                                           
ffffffff  binit                                                                
UNDEFED   SHT$$INIT_ARRAY$$Base                                                
UNDEFED   SHT$$INIT_ARRAY$$Limit                                               

[849 symbols]
