Archive member included to satisfy reference by file (symbol)

c:/st/stm32cubeide_1.3.0/stm32cubeide/plugins/com.st.stm32cube.ide.mcu.externaltools.gnu-tools-for-stm32.7-2018-q2-update.win32_1.0.0.201904181610/tools/bin/../lib/gcc/arm-none-eabi/7.3.1/../../../../arm-none-eabi/lib/thumb/v7e-m/fpv4-sp/hard\libc_nano.a(lib_a-atof.o)
                              Core/Src/main.o (atof)
c:/st/stm32cubeide_1.3.0/stm32cubeide/plugins/com.st.stm32cube.ide.mcu.externaltools.gnu-tools-for-stm32.7-2018-q2-update.win32_1.0.0.201904181610/tools/bin/../lib/gcc/arm-none-eabi/7.3.1/../../../../arm-none-eabi/lib/thumb/v7e-m/fpv4-sp/hard\libc_nano.a(lib_a-errno.o)
                              Core/Src/syscalls.o (__errno)
c:/st/stm32cubeide_1.3.0/stm32cubeide/plugins/com.st.stm32cube.ide.mcu.externaltools.gnu-tools-for-stm32.7-2018-q2-update.win32_1.0.0.201904181610/tools/bin/../lib/gcc/arm-none-eabi/7.3.1/../../../../arm-none-eabi/lib/thumb/v7e-m/fpv4-sp/hard\libc_nano.a(lib_a-exit.o)
                              c:/st/stm32cubeide_1.3.0/stm32cubeide/plugins/com.st.stm32cube.ide.mcu.externaltools.gnu-tools-for-stm32.7-2018-q2-update.win32_1.0.0.201904181610/tools/bin/../lib/gcc/arm-none-eabi/7.3.1/../../../../arm-none-eabi/lib/thumb/v7e-m/fpv4-sp/hard/crt0.o (exit)
c:/st/stm32cubeide_1.3.0/stm32cubeide/plugins/com.st.stm32cube.ide.mcu.externaltools.gnu-tools-for-stm32.7-2018-q2-update.win32_1.0.0.201904181610/tools/bin/../lib/gcc/arm-none-eabi/7.3.1/../../../../arm-none-eabi/lib/thumb/v7e-m/fpv4-sp/hard\libc_nano.a(lib_a-impure.o)
                              c:/st/stm32cubeide_1.3.0/stm32cubeide/plugins/com.st.stm32cube.ide.mcu.externaltools.gnu-tools-for-stm32.7-2018-q2-update.win32_1.0.0.201904181610/tools/bin/../lib/gcc/arm-none-eabi/7.3.1/../../../../arm-none-eabi/lib/thumb/v7e-m/fpv4-sp/hard\libc_nano.a(lib_a-exit.o) (_global_impure_ptr)
c:/st/stm32cubeide_1.3.0/stm32cubeide/plugins/com.st.stm32cube.ide.mcu.externaltools.gnu-tools-for-stm32.7-2018-q2-update.win32_1.0.0.201904181610/tools/bin/../lib/gcc/arm-none-eabi/7.3.1/../../../../arm-none-eabi/lib/thumb/v7e-m/fpv4-sp/hard\libc_nano.a(lib_a-init.o)
                              c:/st/stm32cubeide_1.3.0/stm32cubeide/plugins/com.st.stm32cube.ide.mcu.externaltools.gnu-tools-for-stm32.7-2018-q2-update.win32_1.0.0.201904181610/tools/bin/../lib/gcc/arm-none-eabi/7.3.1/../../../../arm-none-eabi/lib/thumb/v7e-m/fpv4-sp/hard/crt0.o (__libc_init_array)
c:/st/stm32cubeide_1.3.0/stm32cubeide/plugins/com.st.stm32cube.ide.mcu.externaltools.gnu-tools-for-stm32.7-2018-q2-update.win32_1.0.0.201904181610/tools/bin/../lib/gcc/arm-none-eabi/7.3.1/../../../../arm-none-eabi/lib/thumb/v7e-m/fpv4-sp/hard\libc_nano.a(lib_a-memcpy-stub.o)
                              Core/Src/EKF.o (memcpy)
c:/st/stm32cubeide_1.3.0/stm32cubeide/plugins/com.st.stm32cube.ide.mcu.externaltools.gnu-tools-for-stm32.7-2018-q2-update.win32_1.0.0.201904181610/tools/bin/../lib/gcc/arm-none-eabi/7.3.1/../../../../arm-none-eabi/lib/thumb/v7e-m/fpv4-sp/hard\libc_nano.a(lib_a-memset.o)
                              c:/st/stm32cubeide_1.3.0/stm32cubeide/plugins/com.st.stm32cube.ide.mcu.externaltools.gnu-tools-for-stm32.7-2018-q2-update.win32_1.0.0.201904181610/tools/bin/../lib/gcc/arm-none-eabi/7.3.1/../../../../arm-none-eabi/lib/thumb/v7e-m/fpv4-sp/hard/crt0.o (memset)
c:/st/stm32cubeide_1.3.0/stm32cubeide/plugins/com.st.stm32cube.ide.mcu.externaltools.gnu-tools-for-stm32.7-2018-q2-update.win32_1.0.0.201904181610/tools/bin/../lib/gcc/arm-none-eabi/7.3.1/../../../../arm-none-eabi/lib/thumb/v7e-m/fpv4-sp/hard\libc_nano.a(lib_a-strcmp.o)
                              Core/Src/main.o (strcmp)
c:/st/stm32cubeide_1.3.0/stm32cubeide/plugins/com.st.stm32cube.ide.mcu.externaltools.gnu-tools-for-stm32.7-2018-q2-update.win32_1.0.0.201904181610/tools/bin/../lib/gcc/arm-none-eabi/7.3.1/../../../../arm-none-eabi/lib/thumb/v7e-m/fpv4-sp/hard\libc_nano.a(lib_a-strlen.o)
                              Core/Src/main.o (strlen)
c:/st/stm32cubeide_1.3.0/stm32cubeide/plugins/com.st.stm32cube.ide.mcu.externaltools.gnu-tools-for-stm32.7-2018-q2-update.win32_1.0.0.201904181610/tools/bin/../lib/gcc/arm-none-eabi/7.3.1/../../../../arm-none-eabi/lib/thumb/v7e-m/fpv4-sp/hard\libc_nano.a(lib_a-strncmp.o)
                              Core/Src/main.o (strncmp)
c:/st/stm32cubeide_1.3.0/stm32cubeide/plugins/com.st.stm32cube.ide.mcu.externaltools.gnu-tools-for-stm32.7-2018-q2-update.win32_1.0.0.201904181610/tools/bin/../lib/gcc/arm-none-eabi/7.3.1/../../../../arm-none-eabi/lib/thumb/v7e-m/fpv4-sp/hard\libc_nano.a(lib_a-strncpy.o)
                              Core/Src/main.o (strncpy)
c:/st/stm32cubeide_1.3.0/stm32cubeide/plugins/com.st.stm32cube.ide.mcu.externaltools.gnu-tools-for-stm32.7-2018-q2-update.win32_1.0.0.201904181610/tools/bin/../lib/gcc/arm-none-eabi/7.3.1/../../../../arm-none-eabi/lib/thumb/v7e-m/fpv4-sp/hard\libc_nano.a(lib_a-strtod.o)
[...]
Memory Configuration

Name             Origin             Length             Attributes
RAM              0x0000000020000000 0x00000000000a0000 xrw
FLASH            0x0000000008000000 0x0000000000200000 xr
*default*        0x0000000000000000 0xffffffffffffffff

Linker script and memory map

LOAD c:/st/stm32cubeide_1.3.0/stm32cubeide/plugins/com.st.stm32cube.ide.mcu.externaltools.gnu-tools-for-stm32.7-2018-q2-update.win32_1.0.0.201904181610/tools/bin/../lib/gcc/arm-none-eabi/7.3.1/thumb/v7e-m/fpv4-sp/hard/crti.o
LOAD c:/st/stm32cubeide_1.3.0/stm32cubeide/plugins/com.st.stm32cube.ide.mcu.externaltools.gnu-tools-for-stm32.7-2018-q2-update.win32_1.0.0.201904181610/tools/bin/../lib/gcc/arm-none-eabi/7.3.1/thumb/v7e-m/fpv4-sp/hard/crtbegin.o
LOAD c:/st/stm32cubeide_1.3.0/stm32cubeide/plugins/com.st.stm32cube.ide.mcu.externaltools.gnu-tools-for-stm32.7-2018-q2-update.win32_1.0.0.201904181610/tools/bin/../lib/gcc/arm-none-eabi/7.3.1/../../../../arm-none-eabi/lib/thumb/v7e-m/fpv4-sp/hard/crt0.o
LOAD Core/Src/EKF.o
LOAD Core/Src/Sensors_functions.o
LOAD Core/Src/freertos.o
LOAD Core/Src/main.o
LOAD Core/Src/stm32l4xx_hal_msp.o
LOAD Core/Src/stm32l4xx_hal_timebase_tim.o
LOAD Core/Src/stm32l4xx_it.o
LOAD Core/Src/syscalls.o
LOAD Core/Src/sysmem.o
LOAD Core/Src/system_stm32l4xx.o
LOAD Core/Src/uarts.o
LOAD Core/Startup/startup_stm32l4r5zitx.o
LOAD Drivers/STM32L4xx_HAL_Driver/Src/stm32l4xx_hal.o
LOAD Drivers/STM32L4xx_HAL_Driver/Src/stm32l4xx_hal_cortex.o
LOAD Drivers/STM32L4xx_HAL_Driver/Src/stm32l4xx_hal_dma.o
LOAD Drivers/STM32L4xx_HAL_Driver/Src/stm32l4xx_hal_dma_ex.o
LOAD Drivers/STM32L4xx_HAL_Driver/Src/stm32l4xx_hal_exti.o
LOAD Drivers/STM32L4xx_HAL_Driver/Src/stm32l4xx_hal_flash.o
LOAD Drivers/STM32L4xx_HAL_Driver/Src/stm32l4xx_hal_flash_ex.o
LOAD Drivers/STM32L4xx_HAL_Driver/Src/stm32l4xx_hal_flash_ramfunc.o
LOAD Drivers/STM32L4xx_HAL_Driver/Src/stm32l4xx_hal_gpio.o
LOAD Drivers/STM32L4xx_HAL_Driver/Src/stm32l4xx_hal_i2c.o
LOAD Drivers/STM32L4xx_HAL_Driver/Src/stm32l4xx_hal_i2c_ex.o
LOAD Drivers/STM32L4xx_HAL_Driver/Src/stm32l4xx_hal_pcd.o
LOAD Drivers/STM32L4xx_HAL_Driver/Src/stm32l4xx_hal_pcd_ex.o
LOAD Drivers/STM32L4xx_HAL_Driver/Src/stm32l4xx_hal_pwr.o
LOAD Drivers/STM32L4xx_HAL_Driver/Src/stm32l4xx_hal_pwr_ex.o
LOAD Drivers/STM32L4xx_HAL_Driver/Src/stm32l4xx_hal_rcc.o
LOAD Drivers/STM32L4xx_HAL_Driver/Src/stm32l4xx_hal_rcc_ex.o
LOAD Drivers/STM32L4xx_HAL_Driver/Src/stm32l4xx_hal_tim.o
LOAD Drivers/STM32L4xx_HAL_Driver/Src/stm32l4xx_hal_tim_ex.o
LOAD Drivers/STM32L4xx_HAL_Driver/Src/stm32l4xx_hal_uart.o
LOAD Drivers/STM32L4xx_HAL_Driver/Src/stm32l4xx_hal_uart_ex.o
LOAD Drivers/STM32L4xx_HAL_Driver/Src/stm32l4xx_ll_usb.o
LOAD Middlewares/Third_Party/FreeRTOS/Source/CMSIS_RTOS_V2/cmsis_os2.o
LOAD Middlewares/Third_Party/FreeRTOS/Source/croutine.o
LOAD Middlewares/Third_Party/FreeRTOS/Source/event_groups.o
LOAD Middlewares/Third_Party/FreeRTOS/Source/list.o
LOAD Middlewares/Third_Party/FreeRTOS/Source/queue.o
LOAD Middlewares/Third_Party/FreeRTOS/Source/stream_buffer.o
LOAD Middlewares/Third_Party/FreeRTOS/Source/tasks.o
LOAD Middlewares/Third_Party/FreeRTOS/Source/timers.o
LOAD Middlewares/Third_Party/FreeRTOS/Source/portable/GCC/ARM_CM4F/port.o
LOAD Middlewares/Third_Party/FreeRTOS/Source/portable/MemMang/heap_4.o
START GROUP
LOAD c:/st/stm32cubeide_1.3.0/stm32cubeide/plugins/com.st.stm32cube.ide.mcu.externaltools.gnu-tools-for-stm32.7-2018-q2-update.win32_1.0.0.201904181610/tools/bin/../lib/gcc/arm-none-eabi/7.3.1/../../../../arm-none-eabi/lib/thumb/v7e-m/fpv4-sp/hard\libc_nano.a
LOAD c:/st/stm32cubeide_1.3.0/stm32cubeide/plugins/com.st.stm32cube.ide.mcu.externaltools.gnu-tools-for-stm32.7-2018-q2-update.win32_1.0.0.201904181610/tools/bin/../lib/gcc/arm-none-eabi/7.3.1/../../../../arm-none-eabi/lib/thumb/v7e-m/fpv4-sp/hard\libm.a
END GROUP
START GROUP
LOAD c:/st/stm32cubeide_1.3.0/stm32cubeide/plugins/com.st.stm32cube.ide.mcu.externaltools.gnu-tools-for-stm32.7-2018-q2-update.win32_1.0.0.201904181610/tools/bin/../lib/gcc/arm-none-eabi/7.3.1/thumb/v7e-m/fpv4-sp/hard\libgcc.a
LOAD c:/st/stm32cubeide_1.3.0/stm32cubeide/plugins/com.st.stm32cube.ide.mcu.externaltools.gnu-tools-for-stm32.7-2018-q2-update.win32_1.0.0.201904181610/tools/bin/../lib/gcc/arm-none-eabi/7.3.1/../../../../arm-none-eabi/lib/thumb/v7e-m/fpv4-sp/hard\libc_nano.a
END GROUP
START GROUP
LOAD c:/st/stm32cubeide_1.3.0/stm32cubeide/plugins/com.st.stm32cube.ide.mcu.externaltools.gnu-tools-for-stm32.7-2018-q2-update.win32_1.0.0.201904181610/tools/bin/../lib/gcc/arm-none-eabi/7.3.1/thumb/v7e-m/fpv4-sp/hard\libgcc.a
LOAD c:/st/stm32cubeide_1.3.0/stm32cubeide/plugins/com.st.stm32cube.ide.mcu.externaltools.gnu-tools-for-stm32.7-2018-q2-update.win32_1.0.0.201904181610/tools/bin/../lib/gcc/arm-none-eabi/7.3.1/../../../../arm-none-eabi/lib/thumb/v7e-m/fpv4-sp/hard\libc_nano.a
LOAD c:/st/stm32cubeide_1.3.0/stm32cubeide/plugins/com.st.stm32cube.ide.mcu.externaltools.gnu-tools-for-stm32.7-2018-q2-update.win32_1.0.0.201904181610/tools/bin/../lib/gcc/arm-none-eabi/7.3.1/../../../../arm-none-eabi/lib/thumb/v7e-m/fpv4-sp/hard\libnosys.a
END GROUP
START GROUP
LOAD c:/st/stm32cubeide_1.3.0/stm32cubeide/plugins/com.st.stm32cube.ide.mcu.externaltools.gnu-tools-for-stm32.7-2018-q2-update.win32_1.0.0.201904181610/tools/bin/../lib/gcc/arm-none-eabi/7.3.1/thumb/v7e-m/fpv4-sp/hard\libgcc.a
LOAD c:/st/stm32cubeide_1.3.0/stm32cubeide/plugins/com.st.stm32cube.ide.mcu.externaltools.gnu-tools-for-stm32.7-2018-q2-update.win32_1.0.0.201904181610/tools/bin/../lib/gcc/arm-none-eabi/7.3.1/../../../../arm-none-eabi/lib/thumb/v7e-m/fpv4-sp/hard\libc_nano.a
LOAD c:/st/stm32cubeide_1.3.0/stm32cubeide/plugins/com.st.stm32cube.ide.mcu.externaltools.gnu-tools-for-stm32.7-2018-q2-update.win32_1.0.0.201904181610/tools/bin/../lib/gcc/arm-none-eabi/7.3.1/../../../../arm-none-eabi/lib/thumb/v7e-m/fpv4-sp/hard\libnosys.a
END GROUP
LOAD c:/st/stm32cubeide_1.3.0/stm32cubeide/plugins/com.st.stm32cube.ide.mcu.externaltools.gnu-tools-for-stm32.7-2018-q2-update.win32_1.0.0.201904181610/tools/bin/../lib/gcc/arm-none-eabi/7.3.1/thumb/v7e-m/fpv4-sp/hard/crtend.o
LOAD c:/st/stm32cubeide_1.3.0/stm32cubeide/plugins/com.st.stm32cube.ide.mcu.externaltools.gnu-tools-for-stm32.7-2018-q2-update.win32_1.0.0.201904181610/tools/bin/../lib/gcc/arm-none-eabi/7.3.1/thumb/v7e-m/fpv4-sp/hard/crtn.o
                0x00000000200a0000                _estack = (ORIGIN (RAM) + LENGTH (RAM))
                0x0000000000000200                _Min_Heap_Size = 0x200
                0x0000000000000400                _Min_Stack_Size = 0x400

.isr_vector     0x0000000008000000      0x1bc
                0x0000000008000000                . = ALIGN (0x4)
 *(.isr_vector)
 .isr_vector    0x0000000008000000      0x1bc Core/Startup/startup_stm32l4r5zitx.o
                0x0000000008000000                g_pfnVectors
                0x00000000080001bc                . = ALIGN (0x4)

.text           0x00000000080001c0    0x15f68
                0x00000000080001c0                . = ALIGN (0x4)
 *(.text)
 .text          0x00000000080001c0       0x40 c:/st/stm32cubeide_1.3.0/stm32cubeide/plugins/com.st.stm32cube.ide.mcu.externaltools.gnu-tools-for-stm32.7-2018-q2-update.win32_1.0.0.201904181610/tools/bin/../lib/gcc/arm-none-eabi/7.3.1/thumb/v7e-m/fpv4-sp/hard/crtbegin.o
 .text          0x0000000008000200       0x14 c:/st/stm32cubeide_1.3.0/stm32cubeide/plugins/com.st.stm32cube.ide.mcu.externaltools.gnu-tools-for-stm32.7-2018-q2-update.win32_1.0.0.201904181610/tools/bin/../lib/gcc/arm-none-eabi/7.3.1/../../../../arm-none-eabi/lib/thumb/v7e-m/fpv4-sp/hard\libc_nano.a(lib_a-strcmp.o)
                0x0000000008000200                strcmp
 .text          0x0000000008000214       0x10 c:/st/stm32cubeide_1.3.0/stm32cubeide/plugins/com.st.stm32cube.ide.mcu.externaltools.gnu-tools-for-stm32.7-2018-q2-update.win32_1.0.0.201904181610/tools/bin/../lib/gcc/arm-none-eabi/7.3.1/../../../../arm-none-eabi/lib/thumb/v7e-m/fpv4-sp/hard\libc_nano.a(lib_a-strlen.o)
                0x0000000008000214                strlen
 .text          0x0000000008000224      0x378 c:/st/stm32cubeide_1.3.0/stm32cubeide/plugins/com.st.stm32cube.ide.mcu.externaltools.gnu-tools-for-stm32.7-2018-q2-update.win32_1.0.0.201904181610/tools/bin/../lib/gcc/arm-none-eabi/7.3.1/thumb/v7e-m/fpv4-sp/hard\libgcc.a(_arm_addsubdf3.o)
                0x0000000008000224                __aeabi_drsub
                0x000000000800022c                __aeabi_dsub
                0x000000000800022c                __subdf3
                0x0000000008000230                __aeabi_dadd
                0x0000000008000230                __adddf3
                0x00000000080004a8                __floatunsidf
                0x00000000080004a8                __aeabi_ui2d
                0x00000000080004c8                __floatsidf
                0x00000000080004c8                __aeabi_i2d
                0x00000000080004ec                __aeabi_f2d
                0x00000000080004ec                __extendsfdf2
                0x0000000008000530                __floatundidf
                0x0000000008000530                __aeabi_ul2d
                0x0000000008000540                __floatdidf
                0x0000000008000540                __aeabi_l2d
 .text          0x000000000800059c      0x424 c:/st/stm32cubeide_1.3.0/stm32cubeide/plugins/com.st.stm32cube.ide.mcu.externaltools.gnu-tools-for-stm32.7-2018-q2-update.win32_1.0.0.201904181610/tools/bin/../lib/gcc/arm-none-eabi/7.3.1/thumb/v7e-m/fpv4-sp/hard\libgcc.a(_arm_muldivdf3.o)
                0x000000000800059c                __aeabi_dmul
                0x000000000800059c                __muldf3
                0x00000000080007f0                __divdf3
                0x00000000080007f0                __aeabi_ddiv
 .text          0x00000000080009c0      0x110 c:/st/stm32cubeide_1.3.0/stm32cubeide/plugins/com.st.stm32cube.ide.mcu.externaltools.gnu-tools-for-stm32.7-2018-q2-update.win32_1.0.0.201904181610/tools/bin/../lib/gcc/arm-none-eabi/7.3.1/thumb/v7e-m/fpv4-sp/hard\libgcc.a(_arm_cmpdf2.o)
                0x00000000080009c0                __gtdf2
                0x00000000080009c0                __gedf2
                0x00000000080009c8                __ltdf2
                0x00000000080009c8                __ledf2
                0x00000000080009d0                __nedf2
                0x00000000080009d0                __eqdf2
                0x00000000080009d0                __cmpdf2
                0x0000000008000a4c                __aeabi_cdrcmple
                0x0000000008000a5c                __aeabi_cdcmpeq
                0x0000000008000a5c                __aeabi_cdcmple
                0x0000000008000a6c                __aeabi_dcmpeq
                0x0000000008000a80                __aeabi_dcmplt
                0x0000000008000a94                __aeabi_dcmple
                0x0000000008000aa8                __aeabi_dcmpge
                0x0000000008000abc                __aeabi_dcmpgt
 .text          0x0000000008000ad0       0x2c c:/st/stm32cubeide_1.3.0/stm32cubeide/plugins/com.st.stm32cube.ide.mcu.externaltools.gnu-tools-for-stm32.7-2018-q2-update.win32_1.0.0.201904181610/tools/bin/../lib/gcc/arm-none-eabi/7.3.1/thumb/v7e-m/fpv4-sp/hard\libgcc.a(_arm_unorddf2.o)
                0x0000000008000ad0                __unorddf2
                0x0000000008000ad0                __aeabi_dcmpun
 .text          0x0000000008000afc       0x50 c:/st/stm32cubeide_1.3.0/stm32cubeide/plugins/com.st.stm32cube.ide.mcu.externaltools.gnu-tools-for-stm32.7-2018-q2-update.win32_1.0.0.201904181610/tools/bin/../lib/gcc/arm-none-eabi/7.3.1/thumb/v7e-m/fpv4-sp/hard\libgcc.a(_arm_fixdfsi.o)
                0x0000000008000afc                __aeabi_d2iz
                0x0000000008000afc                __fixdfsi
 .text          0x0000000008000b4c       0x40 c:/st/stm32cubeide_1.3.0/stm32cubeide/plugins/com.st.stm32cube.ide.mcu.externaltools.gnu-tools-for-stm32.7-2018-q2-update.win32_1.0.0.201904181610/tools/bin/../lib/gcc/arm-none-eabi/7.3.1/thumb/v7e-m/fpv4-sp/hard\libgcc.a(_arm_fixunsdfsi.o)
                0x0000000008000b4c                __aeabi_d2uiz
                0x0000000008000b4c                __fixunsdfsi
 .text          0x0000000008000b8c       0xa0 c:/st/stm32cubeide_1.3.0/stm32cubeide/plugins/com.st.stm32cube.ide.mcu.externaltools.gnu-tools-for-stm32.7-2018-q2-update.win32_1.0.0.201904181610/tools/bin/../lib/gcc/arm-none-eabi/7.3.1/thumb/v7e-m/fpv4-sp/hard\libgcc.a(_arm_truncdfsf2.o)
                0x0000000008000b8c                __truncdfsf2
                0x0000000008000b8c                __aeabi_d2f
 .text          0x0000000008000c2c       0x30 c:/st/stm32cubeide_1.3.0/stm32cubeide/plugins/com.st.stm32cube.ide.mcu.externaltools.gnu-tools-for-stm32.7-2018-q2-update.win32_1.0.0.201904181610/tools/bin/../lib/gcc/arm-none-eabi/7.3.1/thumb/v7e-m/fpv4-sp/hard\libgcc.a(_aeabi_uldivmod.o)
                0x0000000008000c2c                __aeabi_uldivmod
 .text          0x0000000008000c5c      0x2cc c:/st/stm32cubeide_1.3.0/stm32cubeide/plugins/com.st.stm32cube.ide.mcu.externaltools.gnu-tools-for-stm32.7-2018-q2-update.win32_1.0.0.201904181610/tools/bin/../lib/gcc/arm-none-eabi/7.3.1/thumb/v7e-m/fpv4-sp/hard\libgcc.a(_udivmoddi4.o)
                0x0000000008000c5c                __udivmoddi4
 .text          0x0000000008000f28        0x4 c:/st/stm32cubeide_1.3.0/stm32cubeide/plugins/com.st.stm32cube.ide.mcu.externaltools.gnu-tools-for-stm32.7-2018-q2-update.win32_1.0.0.201904181610/tools/bin/../lib/gcc/arm-none-eabi/7.3.1/thumb/v7e-m/fpv4-sp/hard\libgcc.a(_dvmd_tls.o)
                0x0000000008000f28                __aeabi_idiv0
                0x0000000008000f28                __aeabi_ldiv0
 *(.text*)
 .text.matrix_multiplication
                0x0000000008000f2c       0xdc Core/Src/EKF.o
                0x0000000008000f2c                matrix_multiplication
 .text.matrix_Transpose
                0x0000000008001008      0x138 Core/Src/EKF.o
                0x0000000008001008                matrix_Transpose
 .text.matrix_sum
                0x0000000008001140       0xfe Core/Src/EKF.o
                0x0000000008001140                matrix_sum
 .text.matrix_sub
                0x000000000800123e       0xfe Core/Src/EKF.o
                0x000000000800123e                matrix_sub
 .text.InverseOfMatrix
                0x000000000800133c      0x4b8 Core/Src/EKF.o
                0x000000000800133c                InverseOfMatrix
 *fill*         0x00000000080017f4        0x4 
 .text.EKF_prediction
                0x00000000080017f8      0x45c Core/Src/EKF.o
                0x00000000080017f8                EKF_prediction
 .text.EKF_update
                0x0000000008001c54      0x1ac Core/Src/EKF.o
                0x0000000008001c54                EKF_update
 .text.Init_localization
                0x0000000008001e00      0x4dc Core/Src/Sensors_functions.o
                0x0000000008001e00                Init_localization
 .text.HCSR4_Init
                0x00000000080022dc       0x28 Core/Src/Sensors_functions.o
                0x00000000080022dc                HCSR4_Init
 .text.i2c_write_register
                0x0000000008002304       0x6c Core/Src/Sensors_functions.o
                0x0000000008002304                i2c_write_register
 .text.i2c_read_registers
                0x0000000008002370       0x94 Core/Src/Sensors_functions.o
                0x0000000008002370                i2c_read_registers
 .text.mpu6050_read_sensors
                0x0000000008002404      0x140 Core/Src/Sensors_functions.o
                0x0000000008002404                mpu6050_read_sensors
 .text.IMU_star_com
                0x0000000008002544       0x48 Core/Src/Sensors_functions.o
                0x0000000008002544                IMU_star_com
 *fill*         0x000000000800258c        0x4 
 .text.IMU_Meas
                0x0000000008002590      0xa54 Core/Src/Sensors_functions.o
                0x0000000008002590                IMU_Meas
 .text.PID_Init
                0x0000000008002fe4       0x6c Core/Src/Sensors_functions.o
                0x0000000008002fe4                PID_Init
 .text.PID_UpdateError
                0x0000000008003050       0x80 Core/Src/Sensors_functions.o
                0x0000000008003050                PID_UpdateError
 .text.PID_TotalError
                0x00000000080030d0       0x64 Core/Src/Sensors_functions.o
                0x00000000080030d0                PID_TotalError
 .text.getdata_Radar
                0x0000000008003134      0x66c Core/Src/Sensors_functions.o
                0x0000000008003134                getdata_Radar
 .text.getPos_Radar
                0x00000000080037a0      0xfcc Core/Src/Sensors_functions.o
                0x00000000080037a0                getPos_Radar
 .text.main     0x000000000800476c      0x410 Core/Src/main.o
                0x000000000800476c                main
 .text.SystemClock_Config
                0x0000000008004b7c      0x148 Core/Src/main.o
                0x0000000008004b7c                SystemClock_Config
 .text.MX_I2C1_Init
                0x0000000008004cc4       0x80 Core/Src/main.o
 .text.MX_LPUART1_UART_Init
                0x0000000008004d44       0x9c Core/Src/main.o
 .text.MX_UART4_Init
                0x0000000008004de0       0x98 Core/Src/main.o
 .text.MX_USART1_UART_Init
                0x0000000008004e78       0x98 Core/Src/main.o
 .text.MX_USART2_UART_Init
                0x0000000008004f10       0x98 Core/Src/main.o
 .text.MX_USART3_UART_Init
                0x0000000008004fa8       0x98 Core/Src/main.o
 .text.MX_TIM2_Init
                0x0000000008005040       0xec Core/Src/main.o
 .text.MX_TIM4_Init
                0x000000000800512c      0x104 Core/Src/main.o
 .text.MX_TIM7_Init
                0x0000000008005230       0x6c Core/Src/main.o
 .text.MX_USB_OTG_FS_PCD_Init
                0x000000000800529c       0x54 Core/Src/main.o
 .text.MX_GPIO_Init
                0x00000000080052f0      0x248 Core/Src/main.o
 .text.QueueBuffer
                0x0000000008005538       0xb4 Core/Src/main.o
                0x0000000008005538                QueueBuffer
 .text.EXTI15_10_IRQHandler
                0x00000000080055ec       0x1c Core/Src/main.o
                0x00000000080055ec                EXTI15_10_IRQHandler
 .text.reverse  0x0000000008005608       0x6a Core/Src/main.o
                0x0000000008005608                reverse
 *fill*         0x0000000008005672        0x2 
 .text.intToStr
                0x0000000008005674       0xa8 Core/Src/main.o
                0x0000000008005674                intToStr
 *fill*         0x000000000800571c        0x4 
 .text.ftoa     0x0000000008005720       0xf8 Core/Src/main.o
                0x0000000008005720                ftoa
 .text.PID      0x0000000008005818      0x1e8 Core/Src/main.o
                0x0000000008005818                PID
 .text.ReceiveData_PC
                0x0000000008005a00      0x4fc Core/Src/main.o
                0x0000000008005a00                ReceiveData_PC
 *fill*         0x0000000008005efc        0x4 
 .text.StartFusion
                0x0000000008005f00      0xbf0 Core/Src/main.o
                0x0000000008005f00                StartFusion
 .text.StartRxSensors
                0x0000000008006af0      0xa74 Core/Src/main.o
                0x0000000008006af0                StartRxSensors
 .text.Start_Motors_Ctrl
                0x0000000008007564      0x13c Core/Src/main.o
                0x0000000008007564                Start_Motors_Ctrl
 .text.HAL_TIM_PeriodElapsedCallback
                0x00000000080076a0       0x24 Core/Src/main.o
                0x00000000080076a0                HAL_TIM_PeriodElapsedCallback
 .text.Error_Handler
                0x00000000080076c4        0xe Core/Src/main.o
                0x00000000080076c4                Error_Handler
 *fill*         0x00000000080076d2        0x2 
 .text.HAL_MspInit
                0x00000000080076d4       0x50 Core/Src/stm32l4xx_hal_msp.o
                0x00000000080076d4                HAL_MspInit
 .text.HAL_I2C_MspInit
                0x0000000008007724       0x88 Core/Src/stm32l4xx_hal_msp.o
                0x0000000008007724                HAL_I2C_MspInit
 .text.HAL_UART_MspInit
                0x00000000080077ac      0x21c Core/Src/stm32l4xx_hal_msp.o
                0x00000000080077ac                HAL_UART_MspInit
 .text.HAL_TIM_Base_MspInit
                0x00000000080079c8       0x8c Core/Src/stm32l4xx_hal_msp.o
                0x00000000080079c8                HAL_TIM_Base_MspInit
 .text.HAL_TIM_MspPostInit
                0x0000000008007a54       0xb8 Core/Src/stm32l4xx_hal_msp.o
                0x0000000008007a54                HAL_TIM_MspPostInit
 .text.HAL_PCD_MspInit
                0x0000000008007b0c       0xd8 Core/Src/stm32l4xx_hal_msp.o
                0x0000000008007b0c                HAL_PCD_MspInit
 .text.HAL_InitTick
                0x0000000008007be4       0xac Core/Src/stm32l4xx_hal_timebase_tim.o
                0x0000000008007be4                HAL_InitTick
 .text.NMI_Handler
                0x0000000008007c90        0xe Core/Src/stm32l4xx_it.o
                0x0000000008007c90                NMI_Handler
 *fill*         0x0000000008007c9e        0x2 
 .text.HardFault_Handler
                0x0000000008007ca0       0x3c Core/Src/stm32l4xx_it.o
                0x0000000008007ca0                HardFault_Handler
 .text.MemManage_Handler
                0x0000000008007cdc        0x6 Core/Src/stm32l4xx_it.o
                0x0000000008007cdc                MemManage_Handler
 .text.BusFault_Handler
                0x0000000008007ce2        0x6 Core/Src/stm32l4xx_it.o
                0x0000000008007ce2                BusFault_Handler
 .text.UsageFault_Handler
                0x0000000008007ce8        0x6 Core/Src/stm32l4xx_it.o
                0x0000000008007ce8                UsageFault_Handler
 .text.DebugMon_Handler
                0x0000000008007cee        0xe Core/Src/stm32l4xx_it.o
                0x0000000008007cee                DebugMon_Handler
 .text.TIM8_UP_IRQHandler
                0x0000000008007cfc       0x14 Core/Src/stm32l4xx_it.o
                0x0000000008007cfc                TIM8_UP_IRQHandler
 .text._sbrk    0x0000000008007d10       0x58 Core/Src/sysmem.o
                0x0000000008007d10                _sbrk
 .text.SystemInit
                0x0000000008007d68       0x6c Core/Src/system_stm32l4xx.o
                0x0000000008007d68                SystemInit
 .text.UART4_IRQHandler
                0x0000000008007dd4       0xb8 Core/Src/uarts.o
                0x0000000008007dd4                UART4_IRQHandler
 .text.USART2_IRQHandler
                0x0000000008007e8c       0xb8 Core/Src/uarts.o
                0x0000000008007e8c                USART2_IRQHandler
 .text.USART3_IRQHandler
                0x0000000008007f44      0x1d4 Core/Src/uarts.o
                0x0000000008007f44                USART3_IRQHandler
 .text.USART1_IRQHandler
                0x0000000008008118       0xb8 Core/Src/uarts.o
                0x0000000008008118                USART1_IRQHandler
 .text.UART5_IRQHandler
                0x00000000080081d0       0xb8 Core/Src/uarts.o
                0x00000000080081d0                UART5_IRQHandler
 .text.LPUART1_IRQHandler
                0x0000000008008288       0xb8 Core/Src/uarts.o
                0x0000000008008288                LPUART1_IRQHandler
 .text.Reset_Handler
                0x0000000008008340       0x50 Core/Startup/startup_stm32l4r5zitx.o
                0x0000000008008340                Reset_Handler
 .text.Default_Handler
                0x0000000008008390        0x2 Core/Startup/startup_stm32l4r5zitx.o
                0x0000000008008390                RTC_Alarm_IRQHandler
                0x0000000008008390                EXTI2_IRQHandler
                0x0000000008008390                TIM8_TRG_COM_IRQHandler
                0x0000000008008390                TIM8_CC_IRQHandler
                0x0000000008008390                TIM1_CC_IRQHandler
                0x0000000008008390                TSC_IRQHandler
                0x0000000008008390                TAMP_STAMP_IRQHandler
                0x0000000008008390                EXTI3_IRQHandler
                0x0000000008008390                LPTIM2_IRQHandler
                0x0000000008008390                DFSDM1_FLT1_IRQHandler
                0x0000000008008390                GFXMMU_IRQHandler
                0x0000000008008390                I2C3_ER_IRQHandler
                0x0000000008008390                DFSDM1_FLT2_IRQHandler
                0x0000000008008390                EXTI0_IRQHandler
                0x0000000008008390                I2C2_EV_IRQHandler
                0x0000000008008390                CAN1_RX0_IRQHandler
                0x0000000008008390                FPU_IRQHandler
                0x0000000008008390                TIM1_UP_TIM16_IRQHandler
                0x0000000008008390                LTDC_ER_IRQHandler
                0x0000000008008390                SPI1_IRQHandler
                0x0000000008008390                OCTOSPI1_IRQHandler
                0x0000000008008390                TIM6_DAC_IRQHandler
                0x0000000008008390                DCMI_IRQHandler
                0x0000000008008390                OCTOSPI2_IRQHandler
                0x0000000008008390                DMA2_Channel2_IRQHandler
                0x0000000008008390                DMA1_Channel4_IRQHandler
                0x0000000008008390                SAI2_IRQHandler
                0x0000000008008390                ADC1_IRQHandler
                0x0000000008008390                DFSDM1_FLT3_IRQHandler
                0x0000000008008390                DMA1_Channel7_IRQHandler
                0x0000000008008390                CAN1_RX1_IRQHandler
                0x0000000008008390                TIM4_IRQHandler
                0x0000000008008390                DMA2_Channel1_IRQHandler
                0x0000000008008390                I2C1_EV_IRQHandler
                0x0000000008008390                DMAMUX1_OVR_IRQHandler
                0x0000000008008390                DMA1_Channel6_IRQHandler
                0x0000000008008390                DMA2_Channel4_IRQHandler
                0x0000000008008390                TIM3_IRQHandler
                0x0000000008008390                RCC_IRQHandler
                0x0000000008008390                DMA1_Channel1_IRQHandler
                0x0000000008008390                Default_Handler
                0x0000000008008390                DMA2_Channel7_IRQHandler
                0x0000000008008390                TIM7_IRQHandler
                0x0000000008008390                SDMMC1_IRQHandler
                0x0000000008008390                TIM5_IRQHandler
                0x0000000008008390                I2C3_EV_IRQHandler
                0x0000000008008390                EXTI9_5_IRQHandler
                0x0000000008008390                RTC_WKUP_IRQHandler
                0x0000000008008390                LTDC_IRQHandler
                0x0000000008008390                PVD_PVM_IRQHandler
                0x0000000008008390                SPI2_IRQHandler
                0x0000000008008390                CAN1_TX_IRQHandler
                0x0000000008008390                DMA2_Channel5_IRQHandler
                0x0000000008008390                CRS_IRQHandler
                0x0000000008008390                DMA1_Channel5_IRQHandler
                0x0000000008008390                EXTI4_IRQHandler
                0x0000000008008390                RNG_IRQHandler
                0x0000000008008390                TIM1_TRG_COM_TIM17_IRQHandler
                0x0000000008008390                DMA1_Channel3_IRQHandler
                0x0000000008008390                COMP_IRQHandler
                0x0000000008008390                WWDG_IRQHandler
                0x0000000008008390                I2C4_EV_IRQHandler
                0x0000000008008390                DMA2_Channel6_IRQHandler
                0x0000000008008390                TIM2_IRQHandler
                0x0000000008008390                DMA2D_IRQHandler
                0x0000000008008390                EXTI1_IRQHandler
                0x0000000008008390                DFSDM1_FLT0_IRQHandler
                0x0000000008008390                I2C2_ER_IRQHandler
                0x0000000008008390                DMA1_Channel2_IRQHandler
                0x0000000008008390                TIM8_BRK_IRQHandler
                0x0000000008008390                CAN1_SCE_IRQHandler
                0x0000000008008390                FLASH_IRQHandler
                0x0000000008008390                OTG_FS_IRQHandler
                0x0000000008008390                SPI3_IRQHandler
                0x0000000008008390                I2C1_ER_IRQHandler
                0x0000000008008390                FMC_IRQHandler
                0x0000000008008390                LPTIM1_IRQHandler
                0x0000000008008390                I2C4_ER_IRQHandler
                0x0000000008008390                SAI1_IRQHandler
                0x0000000008008390                DMA2_Channel3_IRQHandler
                0x0000000008008390                TIM1_BRK_TIM15_IRQHandler
 *fill*         0x0000000008008392        0x2 
 .text.HAL_Init
                0x0000000008008394       0x40 Drivers/STM32L4xx_HAL_Driver/Src/stm32l4xx_hal.o
                0x0000000008008394                HAL_Init
 .text.HAL_IncTick
                0x00000000080083d4       0x24 Drivers/STM32L4xx_HAL_Driver/Src/stm32l4xx_hal.o
                0x00000000080083d4                HAL_IncTick
 .text.HAL_GetTick
                0x00000000080083f8       0x18 Drivers/STM32L4xx_HAL_Driver/Src/stm32l4xx_hal.o
                0x00000000080083f8                HAL_GetTick
 .text.HAL_Delay
                0x0000000008008410       0x44 Drivers/STM32L4xx_HAL_Driver/Src/stm32l4xx_hal.o
                0x0000000008008410                HAL_Delay
 .text.__NVIC_SetPriorityGrouping
                0x0000000008008454       0x48 Drivers/STM32L4xx_HAL_Driver/Src/stm32l4xx_hal_cortex.o
 .text.__NVIC_GetPriorityGrouping
                0x000000000800849c       0x1c Drivers/STM32L4xx_HAL_Driver/Src/stm32l4xx_hal_cortex.o
 .text.__NVIC_EnableIRQ
                0x00000000080084b8       0x3c Drivers/STM32L4xx_HAL_Driver/Src/stm32l4xx_hal_cortex.o
 .text.__NVIC_SetPriority
                0x00000000080084f4       0x54 Drivers/STM32L4xx_HAL_Driver/Src/stm32l4xx_hal_cortex.o
 .text.NVIC_EncodePriority
                0x0000000008008548       0x66 Drivers/STM32L4xx_HAL_Driver/Src/stm32l4xx_hal_cortex.o
 .text.HAL_NVIC_SetPriorityGrouping
                0x00000000080085ae       0x16 Drivers/STM32L4xx_HAL_Driver/Src/stm32l4xx_hal_cortex.o
                0x00000000080085ae                HAL_NVIC_SetPriorityGrouping
 .text.HAL_NVIC_SetPriority
                0x00000000080085c4       0x38 Drivers/STM32L4xx_HAL_Driver/Src/stm32l4xx_hal_cortex.o
                0x00000000080085c4                HAL_NVIC_SetPriority
 .text.HAL_NVIC_EnableIRQ
                0x00000000080085fc       0x1c Drivers/STM32L4xx_HAL_Driver/Src/stm32l4xx_hal_cortex.o
                0x00000000080085fc                HAL_NVIC_EnableIRQ
 .text.HAL_GPIO_Init
                0x0000000008008618      0x324 Drivers/STM32L4xx_HAL_Driver/Src/stm32l4xx_hal_gpio.o
                0x0000000008008618                HAL_GPIO_Init
 .text.HAL_GPIO_ReadPin
                0x000000000800893c       0x30 Drivers/STM32L4xx_HAL_Driver/Src/stm32l4xx_hal_gpio.o
                0x000000000800893c                HAL_GPIO_ReadPin
 .text.HAL_GPIO_WritePin
                0x000000000800896c       0x30 Drivers/STM32L4xx_HAL_Driver/Src/stm32l4xx_hal_gpio.o
                0x000000000800896c                HAL_GPIO_WritePin
 .text.HAL_GPIO_EXTI_IRQHandler
                0x000000000800899c       0x30 Drivers/STM32L4xx_HAL_Driver/Src/stm32l4xx_hal_gpio.o
                0x000000000800899c                HAL_GPIO_EXTI_IRQHandler
 .text.HAL_GPIO_EXTI_Callback
                0x00000000080089cc       0x16 Drivers/STM32L4xx_HAL_Driver/Src/stm32l4xx_hal_gpio.o
                0x00000000080089cc                HAL_GPIO_EXTI_Callback
 .text.HAL_I2C_Init
                0x00000000080089e2      0x11e Drivers/STM32L4xx_HAL_Driver/Src/stm32l4xx_hal_i2c.o
                0x00000000080089e2                HAL_I2C_Init
 .text.HAL_I2CEx_ConfigAnalogFilter
                0x0000000008008b00       0x96 Drivers/STM32L4xx_HAL_Driver/Src/stm32l4xx_hal_i2c_ex.o
                0x0000000008008b00                HAL_I2CEx_ConfigAnalogFilter
 .text.HAL_I2CEx_ConfigDigitalFilter
                0x0000000008008b96       0x98 Drivers/STM32L4xx_HAL_Driver/Src/stm32l4xx_hal_i2c_ex.o
                0x0000000008008b96                HAL_I2CEx_ConfigDigitalFilter
 .text.HAL_PCD_Init
                0x0000000008008c2e      0x248 Drivers/STM32L4xx_HAL_Driver/Src/stm32l4xx_hal_pcd.o
                0x0000000008008c2e                HAL_PCD_Init
 .text.HAL_PCDEx_ActivateLPM
                0x0000000008008e76       0x48 Drivers/STM32L4xx_HAL_Driver/Src/stm32l4xx_hal_pcd_ex.o
                0x0000000008008e76                HAL_PCDEx_ActivateLPM
 *fill*         0x0000000008008ebe        0x2 
 .text.HAL_PWR_EnableBkUpAccess
                0x0000000008008ec0       0x20 Drivers/STM32L4xx_HAL_Driver/Src/stm32l4xx_hal_pwr.o
                0x0000000008008ec0                HAL_PWR_EnableBkUpAccess
 .text.HAL_PWREx_GetVoltageRange
                0x0000000008008ee0       0x40 Drivers/STM32L4xx_HAL_Driver/Src/stm32l4xx_hal_pwr_ex.o
                0x0000000008008ee0                HAL_PWREx_GetVoltageRange
 .text.HAL_PWREx_ControlVoltageScaling
                0x0000000008008f20      0x148 Drivers/STM32L4xx_HAL_Driver/Src/stm32l4xx_hal_pwr_ex.o
                0x0000000008008f20                HAL_PWREx_ControlVoltageScaling
 .text.HAL_PWREx_EnableVddUSB
                0x0000000008009068       0x20 Drivers/STM32L4xx_HAL_Driver/Src/stm32l4xx_hal_pwr_ex.o
                0x0000000008009068                HAL_PWREx_EnableVddUSB
 .text.HAL_PWREx_EnableVddIO2
                0x0000000008009088       0x20 Drivers/STM32L4xx_HAL_Driver/Src/stm32l4xx_hal_pwr_ex.o
                0x0000000008009088                HAL_PWREx_EnableVddIO2
 .text.HAL_RCC_OscConfig
                0x00000000080090a8      0x84c Drivers/STM32L4xx_HAL_Driver/Src/stm32l4xx_hal_rcc.o
                0x00000000080090a8                HAL_RCC_OscConfig
 .text.HAL_RCC_ClockConfig
                0x00000000080098f4      0x258 Drivers/STM32L4xx_HAL_Driver/Src/stm32l4xx_hal_rcc.o
                0x00000000080098f4                HAL_RCC_ClockConfig
 .text.HAL_RCC_GetSysClockFreq
                0x0000000008009b4c      0x114 Drivers/STM32L4xx_HAL_Driver/Src/stm32l4xx_hal_rcc.o
                0x0000000008009b4c                HAL_RCC_GetSysClockFreq
 .text.HAL_RCC_GetHCLKFreq
                0x0000000008009c60       0x18 Drivers/STM32L4xx_HAL_Driver/Src/stm32l4xx_hal_rcc.o
                0x0000000008009c60                HAL_RCC_GetHCLKFreq
 .text.HAL_RCC_GetPCLK1Freq
                0x0000000008009c78       0x2c Drivers/STM32L4xx_HAL_Driver/Src/stm32l4xx_hal_rcc.o
                0x0000000008009c78                HAL_RCC_GetPCLK1Freq
 .text.HAL_RCC_GetPCLK2Freq
                0x0000000008009ca4       0x2c Drivers/STM32L4xx_HAL_Driver/Src/stm32l4xx_hal_rcc.o
                0x0000000008009ca4                HAL_RCC_GetPCLK2Freq
 .text.HAL_RCC_GetClockConfig
                0x0000000008009cd0       0x64 Drivers/STM32L4xx_HAL_Driver/Src/stm32l4xx_hal_rcc.o
                0x0000000008009cd0                HAL_RCC_GetClockConfig
 .text.RCC_SetFlashLatencyFromMSIRange
                0x0000000008009d34       0xb4 Drivers/STM32L4xx_HAL_Driver/Src/stm32l4xx_hal_rcc.o
 .text.RCC_GetSysClockFreqFromPLLSource
                0x0000000008009de8       0xd0 Drivers/STM32L4xx_HAL_Driver/Src/stm32l4xx_hal_rcc.o
 .text.HAL_RCCEx_PeriphCLKConfig
                0x0000000008009eb8      0x650 Drivers/STM32L4xx_HAL_Driver/Src/stm32l4xx_hal_rcc_ex.o
                0x0000000008009eb8                HAL_RCCEx_PeriphCLKConfig
 .text.HAL_RCCEx_EnableMSIPLLMode
                0x000000000800a508       0x20 Drivers/STM32L4xx_HAL_Driver/Src/stm32l4xx_hal_rcc_ex.o
                0x000000000800a508                HAL_RCCEx_EnableMSIPLLMode
 .text.RCCEx_PLLSAI1_Config
                0x000000000800a528      0x1e0 Drivers/STM32L4xx_HAL_Driver/Src/stm32l4xx_hal_rcc_ex.o
 .text.RCCEx_PLLSAI2_Config
                0x000000000800a708      0x1e0 Drivers/STM32L4xx_HAL_Driver/Src/stm32l4xx_hal_rcc_ex.o
 .text.HAL_TIM_Base_Init
                0x000000000800a8e8       0x56 Drivers/STM32L4xx_HAL_Driver/Src/stm32l4xx_hal_tim.o
                0x000000000800a8e8                HAL_TIM_Base_Init
 *fill*         0x000000000800a93e        0x2 
 .text.HAL_TIM_Base_Start_IT
                0x000000000800a940       0x54 Drivers/STM32L4xx_HAL_Driver/Src/stm32l4xx_hal_tim.o
                0x000000000800a940                HAL_TIM_Base_Start_IT
 .text.HAL_TIM_PWM_Init
                0x000000000800a994       0x56 Drivers/STM32L4xx_HAL_Driver/Src/stm32l4xx_hal_tim.o
                0x000000000800a994                HAL_TIM_PWM_Init
 .text.HAL_TIM_PWM_MspInit
                0x000000000800a9ea       0x14 Drivers/STM32L4xx_HAL_Driver/Src/stm32l4xx_hal_tim.o
                0x000000000800a9ea                HAL_TIM_PWM_MspInit
 *fill*         0x000000000800a9fe        0x2 
 .text.HAL_TIM_PWM_Start
                0x000000000800aa00       0xb0 Drivers/STM32L4xx_HAL_Driver/Src/stm32l4xx_hal_tim.o
                0x000000000800aa00                HAL_TIM_PWM_Start
 .text.HAL_TIM_PWM_Stop
                0x000000000800aab0       0xdc Drivers/STM32L4xx_HAL_Driver/Src/stm32l4xx_hal_tim.o
                0x000000000800aab0                HAL_TIM_PWM_Stop
 .text.HAL_TIM_IRQHandler
                0x000000000800ab8c      0x23e Drivers/STM32L4xx_HAL_Driver/Src/stm32l4xx_hal_tim.o
                0x000000000800ab8c                HAL_TIM_IRQHandler
 *fill*         0x000000000800adca        0x2 
 .text.HAL_TIM_PWM_ConfigChannel
                0x000000000800adcc      0x230 Drivers/STM32L4xx_HAL_Driver/Src/stm32l4xx_hal_tim.o
                0x000000000800adcc                HAL_TIM_PWM_ConfigChannel
 .text.HAL_TIM_ConfigClockSource
                0x000000000800affc      0x172 Drivers/STM32L4xx_HAL_Driver/Src/stm32l4xx_hal_tim.o
                0x000000000800affc                HAL_TIM_ConfigClockSource
 .text.HAL_TIM_OC_DelayElapsedCallback
                0x000000000800b16e       0x14 Drivers/STM32L4xx_HAL_Driver/Src/stm32l4xx_hal_tim.o
                0x000000000800b16e                HAL_TIM_OC_DelayElapsedCallback
 .text.HAL_TIM_IC_CaptureCallback
                0x000000000800b182       0x14 Drivers/STM32L4xx_HAL_Driver/Src/stm32l4xx_hal_tim.o
                0x000000000800b182                HAL_TIM_IC_CaptureCallback
 .text.HAL_TIM_PWM_PulseFinishedCallback
                0x000000000800b196       0x14 Drivers/STM32L4xx_HAL_Driver/Src/stm32l4xx_hal_tim.o
                0x000000000800b196                HAL_TIM_PWM_PulseFinishedCallback
 .text.HAL_TIM_TriggerCallback
                0x000000000800b1aa       0x14 Drivers/STM32L4xx_HAL_Driver/Src/stm32l4xx_hal_tim.o
                0x000000000800b1aa                HAL_TIM_TriggerCallback
 *fill*         0x000000000800b1be        0x2 
 .text.TIM_Base_SetConfig
                0x000000000800b1c0      0x134 Drivers/STM32L4xx_HAL_Driver/Src/stm32l4xx_hal_tim.o
                0x000000000800b1c0                TIM_Base_SetConfig
 .text.TIM_OC1_SetConfig
                0x000000000800b2f4      0x120 Drivers/STM32L4xx_HAL_Driver/Src/stm32l4xx_hal_tim.o
 .text.TIM_OC2_SetConfig
                0x000000000800b414      0x114 Drivers/STM32L4xx_HAL_Driver/Src/stm32l4xx_hal_tim.o
                0x000000000800b414                TIM_OC2_SetConfig
 .text.TIM_OC3_SetConfig
                0x000000000800b528      0x110 Drivers/STM32L4xx_HAL_Driver/Src/stm32l4xx_hal_tim.o
 .text.TIM_OC4_SetConfig
                0x000000000800b638       0xd4 Drivers/STM32L4xx_HAL_Driver/Src/stm32l4xx_hal_tim.o
 .text.TIM_OC5_SetConfig
                0x000000000800b70c       0xc8 Drivers/STM32L4xx_HAL_Driver/Src/stm32l4xx_hal_tim.o
 .text.TIM_OC6_SetConfig
                0x000000000800b7d4       0xcc Drivers/STM32L4xx_HAL_Driver/Src/stm32l4xx_hal_tim.o
 .text.TIM_TI1_ConfigInputStage
                0x000000000800b8a0       0x5e Drivers/STM32L4xx_HAL_Driver/Src/stm32l4xx_hal_tim.o
 .text.TIM_TI2_ConfigInputStage
                0x000000000800b8fe       0x60 Drivers/STM32L4xx_HAL_Driver/Src/stm32l4xx_hal_tim.o
 .text.TIM_ITRx_SetConfig
                0x000000000800b95e       0x36 Drivers/STM32L4xx_HAL_Driver/Src/stm32l4xx_hal_tim.o
 .text.TIM_ETR_SetConfig
                0x000000000800b994       0x40 Drivers/STM32L4xx_HAL_Driver/Src/stm32l4xx_hal_tim.o
                0x000000000800b994                TIM_ETR_SetConfig
 .text.TIM_CCxChannelCmd
                0x000000000800b9d4       0x4a Drivers/STM32L4xx_HAL_Driver/Src/stm32l4xx_hal_tim.o
                0x000000000800b9d4                TIM_CCxChannelCmd
 *fill*         0x000000000800ba1e        0x2 
 .text.HAL_TIMEx_MasterConfigSynchronization
                0x000000000800ba20      0x110 Drivers/STM32L4xx_HAL_Driver/Src/stm32l4xx_hal_tim_ex.o
                0x000000000800ba20                HAL_TIMEx_MasterConfigSynchronization
 .text.HAL_TIMEx_CommutCallback
                0x000000000800bb30       0x14 Drivers/STM32L4xx_HAL_Driver/Src/stm32l4xx_hal_tim_ex.o
                0x000000000800bb30                HAL_TIMEx_CommutCallback
 .text.HAL_TIMEx_BreakCallback
                0x000000000800bb44       0x14 Drivers/STM32L4xx_HAL_Driver/Src/stm32l4xx_hal_tim_ex.o
                0x000000000800bb44                HAL_TIMEx_BreakCallback
 .text.HAL_TIMEx_Break2Callback
                0x000000000800bb58       0x14 Drivers/STM32L4xx_HAL_Driver/Src/stm32l4xx_hal_tim_ex.o
                0x000000000800bb58                HAL_TIMEx_Break2Callback
 .text.HAL_UART_Init
                0x000000000800bb6c       0xa0 Drivers/STM32L4xx_HAL_Driver/Src/stm32l4xx_hal_uart.o
                0x000000000800bb6c                HAL_UART_Init
 .text.HAL_UART_Transmit
                0x000000000800bc0c      0x12e Drivers/STM32L4xx_HAL_Driver/Src/stm32l4xx_hal_uart.o
                0x000000000800bc0c                HAL_UART_Transmit
 *fill*         0x000000000800bd3a        0x6 
 .text.UART_SetConfig
                0x000000000800bd40     0x13dc Drivers/STM32L4xx_HAL_Driver/Src/stm32l4xx_hal_uart.o
                0x000000000800bd40                UART_SetConfig
 .text.UART_AdvFeatureConfig
                0x000000000800d11c      0x144 Drivers/STM32L4xx_HAL_Driver/Src/stm32l4xx_hal_uart.o
                0x000000000800d11c                UART_AdvFeatureConfig
 .text.UART_CheckIdleState
                0x000000000800d260       0x90 Drivers/STM32L4xx_HAL_Driver/Src/stm32l4xx_hal_uart.o
                0x000000000800d260                UART_CheckIdleState
 .text.UART_WaitOnFlagUntilTimeout
                0x000000000800d2f0      0x100 Drivers/STM32L4xx_HAL_Driver/Src/stm32l4xx_hal_uart.o
                0x000000000800d2f0                UART_WaitOnFlagUntilTimeout
 .text.HAL_UARTEx_DisableFifoMode
                0x000000000800d3f0       0x72 Drivers/STM32L4xx_HAL_Driver/Src/stm32l4xx_hal_uart_ex.o
                0x000000000800d3f0                HAL_UARTEx_DisableFifoMode
 .text.HAL_UARTEx_SetTxFifoThreshold
                0x000000000800d462       0x7c Drivers/STM32L4xx_HAL_Driver/Src/stm32l4xx_hal_uart_ex.o
                0x000000000800d462                HAL_UARTEx_SetTxFifoThreshold
 .text.HAL_UARTEx_SetRxFifoThreshold
                0x000000000800d4de       0x7c Drivers/STM32L4xx_HAL_Driver/Src/stm32l4xx_hal_uart_ex.o
                0x000000000800d4de                HAL_UARTEx_SetRxFifoThreshold
 *fill*         0x000000000800d55a        0x2 
 .text.UARTEx_SetNbDataToProcess
                0x000000000800d55c       0xd0 Drivers/STM32L4xx_HAL_Driver/Src/stm32l4xx_hal_uart_ex.o
 .text.USB_CoreInit
                0x000000000800d62c       0xa4 Drivers/STM32L4xx_HAL_Driver/Src/stm32l4xx_ll_usb.o
                0x000000000800d62c                USB_CoreInit
 .text.USB_DisableGlobalInt
                0x000000000800d6d0       0x22 Drivers/STM32L4xx_HAL_Driver/Src/stm32l4xx_ll_usb.o
                0x000000000800d6d0                USB_DisableGlobalInt
 .text.USB_SetCurrentMode
                0x000000000800d6f2       0x54 Drivers/STM32L4xx_HAL_Driver/Src/stm32l4xx_ll_usb.o
                0x000000000800d6f2                USB_SetCurrentMode
 *fill*         0x000000000800d746        0x2 
 .text.USB_DevInit
                0x000000000800d748      0x298 Drivers/STM32L4xx_HAL_Driver/Src/stm32l4xx_ll_usb.o
                0x000000000800d748                USB_DevInit
 .text.USB_FlushTxFifo
                0x000000000800d9e0       0x4c Drivers/STM32L4xx_HAL_Driver/Src/stm32l4xx_ll_usb.o
                0x000000000800d9e0                USB_FlushTxFifo
 .text.USB_FlushRxFifo
                0x000000000800da2c       0x44 Drivers/STM32L4xx_HAL_Driver/Src/stm32l4xx_ll_usb.o
                0x000000000800da2c                USB_FlushRxFifo
 .text.USB_SetDevSpeed
                0x000000000800da70       0x32 Drivers/STM32L4xx_HAL_Driver/Src/stm32l4xx_ll_usb.o
                0x000000000800da70                USB_SetDevSpeed
 .text.USB_DevDisconnect
                0x000000000800daa2       0x30 Drivers/STM32L4xx_HAL_Driver/Src/stm32l4xx_ll_usb.o
                0x000000000800daa2                USB_DevDisconnect
 *fill*         0x000000000800dad2        0x2 
 .text.USB_CoreReset
                0x000000000800dad4       0x68 Drivers/STM32L4xx_HAL_Driver/Src/stm32l4xx_ll_usb.o
 .text.SVC_Setup
                0x000000000800db3c        0xe Middlewares/Third_Party/FreeRTOS/Source/CMSIS_RTOS_V2/cmsis_os2.o
 *fill*         0x000000000800db4a        0x2 
 .text.osKernelInitialize
                0x000000000800db4c       0x68 Middlewares/Third_Party/FreeRTOS/Source/CMSIS_RTOS_V2/cmsis_os2.o
                0x000000000800db4c                osKernelInitialize
 .text.osKernelStart
                0x000000000800dbb4       0x6c Middlewares/Third_Party/FreeRTOS/Source/CMSIS_RTOS_V2/cmsis_os2.o
                0x000000000800dbb4                osKernelStart
 .text.osThreadNew
                0x000000000800dc20      0x14c Middlewares/Third_Party/FreeRTOS/Source/CMSIS_RTOS_V2/cmsis_os2.o
                0x000000000800dc20                osThreadNew
 .text.osDelay  0x000000000800dd6c       0x5c Middlewares/Third_Party/FreeRTOS/Source/CMSIS_RTOS_V2/cmsis_os2.o
                0x000000000800dd6c                osDelay
 .text.vApplicationGetIdleTaskMemory
                0x000000000800ddc8       0x34 Middlewares/Third_Party/FreeRTOS/Source/CMSIS_RTOS_V2/cmsis_os2.o
                0x000000000800ddc8                vApplicationGetIdleTaskMemory
 .text.vApplicationGetTimerTaskMemory
                0x000000000800ddfc       0x34 Middlewares/Third_Party/FreeRTOS/Source/CMSIS_RTOS_V2/cmsis_os2.o
                0x000000000800ddfc                vApplicationGetTimerTaskMemory
 .text.vListInitialise
                0x000000000800de30       0x40 Middlewares/Third_Party/FreeRTOS/Source/list.o
                0x000000000800de30                vListInitialise
 .text.vListInitialiseItem
                0x000000000800de70       0x1a Middlewares/Third_Party/FreeRTOS/Source/list.o
                0x000000000800de70                vListInitialiseItem
 .text.vListInsertEnd
                0x000000000800de8a       0x48 Middlewares/Third_Party/FreeRTOS/Source/list.o
                0x000000000800de8a                vListInsertEnd
 .text.vListInsert
                0x000000000800ded2       0x72 Middlewares/Third_Party/FreeRTOS/Source/list.o
                0x000000000800ded2                vListInsert
 .text.uxListRemove
                0x000000000800df44       0x54 Middlewares/Third_Party/FreeRTOS/Source/list.o
                0x000000000800df44                uxListRemove
 .text.xQueueGenericReset
                0x000000000800df98       0xd0 Middlewares/Third_Party/FreeRTOS/Source/queue.o
                0x000000000800df98                xQueueGenericReset
 .text.xQueueGenericCreateStatic
                0x000000000800e068       0xe6 Middlewares/Third_Party/FreeRTOS/Source/queue.o
                0x000000000800e068                xQueueGenericCreateStatic
 .text.prvInitialiseNewQueue
                0x000000000800e14e       0x46 Middlewares/Third_Party/FreeRTOS/Source/queue.o
 .text.xQueueGenericSend
                0x000000000800e194      0x1f4 Middlewares/Third_Party/FreeRTOS/Source/queue.o
                0x000000000800e194                xQueueGenericSend
 .text.xQueueGenericSendFromISR
                0x000000000800e388      0x128 Middlewares/Third_Party/FreeRTOS/Source/queue.o
                0x000000000800e388                xQueueGenericSendFromISR
 .text.xQueueReceive
                0x000000000800e4b0      0x1b8 Middlewares/Third_Party/FreeRTOS/Source/queue.o
                0x000000000800e4b0                xQueueReceive
 .text.prvCopyDataToQueue
                0x000000000800e668       0xd4 Middlewares/Third_Party/FreeRTOS/Source/queue.o
 .text.prvCopyDataFromQueue
                0x000000000800e73c       0x4c Middlewares/Third_Party/FreeRTOS/Source/queue.o
 .text.prvUnlockQueue
                0x000000000800e788       0xa4 Middlewares/Third_Party/FreeRTOS/Source/queue.o
 .text.prvIsQueueEmpty
                0x000000000800e82c       0x2c Middlewares/Third_Party/FreeRTOS/Source/queue.o
 .text.prvIsQueueFull
                0x000000000800e858       0x30 Middlewares/Third_Party/FreeRTOS/Source/queue.o
 .text.vQueueAddToRegistry
                0x000000000800e888       0x50 Middlewares/Third_Party/FreeRTOS/Source/queue.o
                0x000000000800e888                vQueueAddToRegistry
 .text.vQueueWaitForMessageRestricted
                0x000000000800e8d8       0x68 Middlewares/Third_Party/FreeRTOS/Source/queue.o
                0x000000000800e8d8                vQueueWaitForMessageRestricted
 .text.xTaskCreateStatic
                0x000000000800e940       0xb4 Middlewares/Third_Party/FreeRTOS/Source/tasks.o
                0x000000000800e940                xTaskCreateStatic
 .text.xTaskCreate
                0x000000000800e9f4       0x8a Middlewares/Third_Party/FreeRTOS/Source/tasks.o
                0x000000000800e9f4                xTaskCreate
 .text.prvInitialiseNewTask
                0x000000000800ea7e      0x11c Middlewares/Third_Party/FreeRTOS/Source/tasks.o
 *fill*         0x000000000800eb9a        0x2 
 .text.prvAddNewTaskToReadyList
                0x000000000800eb9c       0xe0 Middlewares/Third_Party/FreeRTOS/Source/tasks.o
 .text.vTaskDelay
                0x000000000800ec7c       0x68 Middlewares/Third_Party/FreeRTOS/Source/tasks.o
                0x000000000800ec7c                vTaskDelay
 .text.vTaskStartScheduler
                0x000000000800ece4       0xc8 Middlewares/Third_Party/FreeRTOS/Source/tasks.o
                0x000000000800ece4                vTaskStartScheduler
 .text.vTaskSuspendAll
                0x000000000800edac       0x1c Middlewares/Third_Party/FreeRTOS/Source/tasks.o
                0x000000000800edac                vTaskSuspendAll
 .text.xTaskResumeAll
                0x000000000800edc8      0x138 Middlewares/Third_Party/FreeRTOS/Source/tasks.o
                0x000000000800edc8                xTaskResumeAll
 .text.xTaskGetTickCount
                0x000000000800ef00       0x20 Middlewares/Third_Party/FreeRTOS/Source/tasks.o
                0x000000000800ef00                xTaskGetTickCount
 .text.xTaskIncrementTick
                0x000000000800ef20      0x170 Middlewares/Third_Party/FreeRTOS/Source/tasks.o
                0x000000000800ef20                xTaskIncrementTick
 .text.vTaskSwitchContext
                0x000000000800f090       0xb8 Middlewares/Third_Party/FreeRTOS/Source/tasks.o
                0x000000000800f090                vTaskSwitchContext
 .text.vTaskPlaceOnEventList
                0x000000000800f148       0x48 Middlewares/Third_Party/FreeRTOS/Source/tasks.o
                0x000000000800f148                vTaskPlaceOnEventList
 .text.vTaskPlaceOnEventListRestricted
                0x000000000800f190       0x54 Middlewares/Third_Party/FreeRTOS/Source/tasks.o
                0x000000000800f190                vTaskPlaceOnEventListRestricted
 .text.xTaskRemoveFromEventList
                0x000000000800f1e4       0xc4 Middlewares/Third_Party/FreeRTOS/Source/tasks.o
                0x000000000800f1e4                xTaskRemoveFromEventList
 .text.vTaskInternalSetTimeOutState
                0x000000000800f2a8       0x2c Middlewares/Third_Party/FreeRTOS/Source/tasks.o
                0x000000000800f2a8                vTaskInternalSetTimeOutState
 .text.xTaskCheckForTimeOut
                0x000000000800f2d4       0xc0 Middlewares/Third_Party/FreeRTOS/Source/tasks.o
                0x000000000800f2d4                xTaskCheckForTimeOut
 .text.vTaskMissedYield
                0x000000000800f394       0x18 Middlewares/Third_Party/FreeRTOS/Source/tasks.o
                0x000000000800f394                vTaskMissedYield
 .text.prvIdleTask
                0x000000000800f3ac       0x30 Middlewares/Third_Party/FreeRTOS/Source/tasks.o
 .text.prvInitialiseTaskLists
                0x000000000800f3dc       0x80 Middlewares/Third_Party/FreeRTOS/Source/tasks.o
 .text.prvCheckTasksWaitingTermination
                0x000000000800f45c       0x58 Middlewares/Third_Party/FreeRTOS/Source/tasks.o
 .text.prvDeleteTCB
                0x000000000800f4b4       0x5c Middlewares/Third_Party/FreeRTOS/Source/tasks.o
 .text.prvResetNextTaskUnblockTime
                0x000000000800f510       0x40 Middlewares/Third_Party/FreeRTOS/Source/tasks.o
 .text.xTaskGetSchedulerState
                0x000000000800f550       0x3c Middlewares/Third_Party/FreeRTOS/Source/tasks.o
                0x000000000800f550                xTaskGetSchedulerState
 .text.xTaskPriorityDisinherit
                0x000000000800f58c       0xd8 Middlewares/Third_Party/FreeRTOS/Source/tasks.o
                0x000000000800f58c                xTaskPriorityDisinherit
 .text.prvAddCurrentTaskToDelayedList
                0x000000000800f664       0xa8 Middlewares/Third_Party/FreeRTOS/Source/tasks.o
 .text.xTimerCreateTimerTask
                0x000000000800f70c       0x90 Middlewares/Third_Party/FreeRTOS/Source/timers.o
                0x000000000800f70c                xTimerCreateTimerTask
 .text.xTimerGenericCommand
                0x000000000800f79c       0x98 Middlewares/Third_Party/FreeRTOS/Source/timers.o
                0x000000000800f79c                xTimerGenericCommand
 .text.prvProcessExpiredTimer
                0x000000000800f834       0x98 Middlewares/Third_Party/FreeRTOS/Source/timers.o
 .text.prvTimerTask
                0x000000000800f8cc       0x24 Middlewares/Third_Party/FreeRTOS/Source/timers.o
 .text.prvProcessTimerOrBlockTask
                0x000000000800f8f0       0x9c Middlewares/Third_Party/FreeRTOS/Source/timers.o
 .text.prvGetNextExpireTime
                0x000000000800f98c       0x48 Middlewares/Third_Party/FreeRTOS/Source/timers.o
 .text.prvSampleTimeNow
                0x000000000800f9d4       0x40 Middlewares/Third_Party/FreeRTOS/Source/timers.o
 .text.prvInsertTimerInActiveList
                0x000000000800fa14       0x84 Middlewares/Third_Party/FreeRTOS/Source/timers.o
 .text.prvProcessReceivedCommands
                0x000000000800fa98      0x1b8 Middlewares/Third_Party/FreeRTOS/Source/timers.o
 .text.prvSwitchTimerLists
                0x000000000800fc50       0xc8 Middlewares/Third_Party/FreeRTOS/Source/timers.o
 .text.prvCheckForValidListAndQueue
                0x000000000800fd18       0x80 Middlewares/Third_Party/FreeRTOS/Source/timers.o
 .text.pxPortInitialiseStack
                0x000000000800fd98       0x68 Middlewares/Third_Party/FreeRTOS/Source/portable/GCC/ARM_CM4F/port.o
                0x000000000800fd98                pxPortInitialiseStack
 .text.prvTaskExitError
                0x000000000800fe00       0x54 Middlewares/Third_Party/FreeRTOS/Source/portable/GCC/ARM_CM4F/port.o
 *fill*         0x000000000800fe54        0xc 
 .text.SVC_Handler
                0x000000000800fe60       0x28 Middlewares/Third_Party/FreeRTOS/Source/portable/GCC/ARM_CM4F/port.o
                0x000000000800fe60                SVC_Handler
 .text.prvPortStartFirstTask
                0x000000000800fe88       0x28 Middlewares/Third_Party/FreeRTOS/Source/portable/GCC/ARM_CM4F/port.o
 .text.xPortStartScheduler
                0x000000000800feb0      0x13c Middlewares/Third_Party/FreeRTOS/Source/portable/GCC/ARM_CM4F/port.o
                0x000000000800feb0                xPortStartScheduler
 .text.vPortEnterCritical
                0x000000000800ffec       0x5c Middlewares/Third_Party/FreeRTOS/Source/portable/GCC/ARM_CM4F/port.o
                0x000000000800ffec                vPortEnterCritical
 .text.vPortExitCritical
                0x0000000008010048       0x50 Middlewares/Third_Party/FreeRTOS/Source/portable/GCC/ARM_CM4F/port.o
                0x0000000008010048                vPortExitCritical
 *fill*         0x0000000008010098        0x8 
 .text.PendSV_Handler
                0x00000000080100a0       0x68 Middlewares/Third_Party/FreeRTOS/Source/portable/GCC/ARM_CM4F/port.o
                0x00000000080100a0                PendSV_Handler
 .text.SysTick_Handler
                0x0000000008010108       0x40 Middlewares/Third_Party/FreeRTOS/Source/portable/GCC/ARM_CM4F/port.o
                0x0000000008010108                SysTick_Handler
 .text.vPortSetupTimerInterrupt
                0x0000000008010148       0x48 Middlewares/Third_Party/FreeRTOS/Source/portable/GCC/ARM_CM4F/port.o
                0x0000000008010148                vPortSetupTimerInterrupt
 .text.vPortEnableVFP
                0x0000000008010190       0x14 Middlewares/Third_Party/FreeRTOS/Source/portable/GCC/ARM_CM4F/port.o
 .text.vPortValidateInterruptPriority
                0x00000000080101a4       0x7c Middlewares/Third_Party/FreeRTOS/Source/portable/GCC/ARM_CM4F/port.o
                0x00000000080101a4                vPortValidateInterruptPriority
 .text.pvPortMalloc
                0x0000000008010220      0x184 Middlewares/Third_Party/FreeRTOS/Source/portable/MemMang/heap_4.o
                0x0000000008010220                pvPortMalloc
 .text.vPortFree
                0x00000000080103a4       0xb0 Middlewares/Third_Party/FreeRTOS/Source/portable/MemMang/heap_4.o
                0x00000000080103a4                vPortFree
 .text.prvHeapInit
                0x0000000008010454       0xc4 Middlewares/Third_Party/FreeRTOS/Source/portable/MemMang/heap_4.o
 .text.prvInsertBlockIntoFreeList
                0x0000000008010518       0xb4 Middlewares/Third_Party/FreeRTOS/Source/portable/MemMang/heap_4.o
 .text.atof     0x00000000080105cc        0x6 c:/st/stm32cubeide_1.3.0/stm32cubeide/plugins/com.st.stm32cube.ide.mcu.externaltools.gnu-tools-for-stm32.7-2018-q2-update.win32_1.0.0.201904181610/tools/bin/../lib/gcc/arm-none-eabi/7.3.1/../../../../arm-none-eabi/lib/thumb/v7e-m/fpv4-sp/hard\libc_nano.a(lib_a-atof.o)
                0x00000000080105cc                atof
 *fill*         0x00000000080105d2        0x2 
 .text.__errno  0x00000000080105d4        0xc c:/st/stm32cubeide_1.3.0/stm32cubeide/plugins/com.st.stm32cube.ide.mcu.externaltools.gnu-tools-for-stm32.7-2018-q2-update.win32_1.0.0.201904181610/tools/bin/../lib/gcc/arm-none-eabi/7.3.1/../../../../arm-none-eabi/lib/thumb/v7e-m/fpv4-sp/hard\libc_nano.a(lib_a-errno.o)
                0x00000000080105d4                __errno
 .text.__libc_init_array
                0x00000000080105e0       0x48 c:/st/stm32cubeide_1.3.0/stm32cubeide/plugins/com.st.stm32cube.ide.mcu.externaltools.gnu-tools-for-stm32.7-2018-q2-update.win32_1.0.0.201904181610/tools/bin/../lib/gcc/arm-none-eabi/7.3.1/../../../../arm-none-eabi/lib/thumb/v7e-m/fpv4-sp/hard\libc_nano.a(lib_a-init.o)
                0x00000000080105e0                __libc_init_array
 .text.memcpy   0x0000000008010628       0x16 c:/st/stm32cubeide_1.3.0/stm32cubeide/plugins/com.st.stm32cube.ide.mcu.externaltools.gnu-tools-for-stm32.7-2018-q2-update.win32_1.0.0.201904181610/tools/bin/../lib/gcc/arm-none-eabi/7.3.1/../../../../arm-none-eabi/lib/thumb/v7e-m/fpv4-sp/hard\libc_nano.a(lib_a-memcpy-stub.o)
                0x0000000008010628                memcpy
 .text.memset   0x000000000801063e       0x10 c:/st/stm32cubeide_1.3.0/stm32cubeide/plugins/com.st.stm32cube.ide.mcu.externaltools.gnu-tools-for-stm32.7-2018-q2-update.win32_1.0.0.201904181610/tools/bin/../lib/gcc/arm-none-eabi/7.3.1/../../../../arm-none-eabi/lib/thumb/v7e-m/fpv4-sp/hard\libc_nano.a(lib_a-memset.o)
                0x000000000801063e                memset
 .text.strncmp  0x000000000801064e       0x24 c:/st/stm32cubeide_1.3.0/stm32cubeide/plugins/com.st.stm32cube.ide.mcu.externaltools.gnu-tools-for-stm32.7-2018-q2-update.win32_1.0.0.201904181610/tools/bin/../lib/gcc/arm-none-eabi/7.3.1/../../../../arm-none-eabi/lib/thumb/v7e-m/fpv4-sp/hard\libc_nano.a(lib_a-strncmp.o)
                0x000000000801064e                strncmp
 .text.strncpy  0x0000000008010672       0x2a c:/st/stm32cubeide_1.3.0/stm32cubeide/plugins/com.st.stm32cube.ide.mcu.externaltools.gnu-tools-for-stm32.7-2018-q2-update.win32_1.0.0.201904181610/tools/bin/../lib/gcc/arm-none-eabi/7.3.1/../../../../arm-none-eabi/lib/thumb/v7e-m/fpv4-sp/hard\libc_nano.a(lib_a-strncpy.o)
                0x0000000008010672                strncpy
 .text.unlikely.sulp
                0x000000000801069c       0x38 c:/st/stm32cubeide_1.3.0/stm32cubeide/plugins/com.st.stm32cube.ide.mcu.externaltools.gnu-tools-for-stm32.7-2018-q2-update.win32_1.0.0.201904181610/tools/bin/../lib/gcc/arm-none-eabi/7.3.1/../../../../arm-none-eabi/lib/thumb/v7e-m/fpv4-sp/hard\libc_nano.a(lib_a-strtod.o)
 *fill*         0x00000000080106d4        0x4 
 .text._strtod_l
                0x00000000080106d8      0xbe8 c:/st/stm32cubeide_1.3.0/stm32cubeide/plugins/com.st.stm32cube.ide.mcu.externaltools.gnu-tools-for-stm32.7-2018-q2-update.win32_1.0.0.201904181610/tools/bin/../lib/gcc/arm-none-eabi/7.3.1/../../../../arm-none-eabi/lib/thumb/v7e-m/fpv4-sp/hard\libc_nano.a(lib_a-strtod.o)
                0x00000000080106d8                _strtod_l
 .text.strtod   0x00000000080112c0       0x28 c:/st/stm32cubeide_1.3.0/stm32cubeide/plugins/com.st.stm32cube.ide.mcu.externaltools.gnu-tools-for-stm32.7-2018-q2-update.win32_1.0.0.201904181610/tools/bin/../lib/gcc/arm-none-eabi/7.3.1/../../../../arm-none-eabi/lib/thumb/v7e-m/fpv4-sp/hard\libc_nano.a(lib_a-strtod.o)
                0x00000000080112c0                strtod
 .text.rshift   0x00000000080112e8       0x74 c:/st/stm32cubeide_1.3.0/stm32cubeide/plugins/com.st.stm32cube.ide.mcu.externaltools.gnu-tools-for-stm32.7-2018-q2-update.win32_1.0.0.201904181610/tools/bin/../lib/gcc/arm-none-eabi/7.3.1/../../../../arm-none-eabi/lib/thumb/v7e-m/fpv4-sp/hard\libc_nano.a(lib_a-gdtoa-gethex.o)
 .text.__hexdig_fun
                0x000000000801135c       0x2a c:/st/stm32cubeide_1.3.0/stm32cubeide/plugins/com.st.stm32cube.ide.mcu.externaltools.gnu-tools-for-stm32.7-2018-q2-update.win32_1.0.0.201904181610/tools/bin/../lib/gcc/arm-none-eabi/7.3.1/../../../../arm-none-eabi/lib/thumb/v7e-m/fpv4-sp/hard\libc_nano.a(lib_a-gdtoa-gethex.o)
                0x000000000801135c                __hexdig_fun
 .text.__gethex
                0x0000000008011386      0x442 c:/st/stm32cubeide_1.3.0/stm32cubeide/plugins/com.st.stm32cube.ide.mcu.externaltools.gnu-tools-for-stm32.7-2018-q2-update.win32_1.0.0.201904181610/tools/bin/../lib/gcc/arm-none-eabi/7.3.1/../../../../arm-none-eabi/lib/thumb/v7e-m/fpv4-sp/hard\libc_nano.a(lib_a-gdtoa-gethex.o)
                0x0000000008011386                __gethex
 .text.L_shift  0x00000000080117c8       0x24 c:/st/stm32cubeide_1.3.0/stm32cubeide/plugins/com.st.stm32cube.ide.mcu.externaltools.gnu-tools-for-stm32.7-2018-q2-update.win32_1.0.0.201904181610/tools/bin/../lib/gcc/arm-none-eabi/7.3.1/../../../../arm-none-eabi/lib/thumb/v7e-m/fpv4-sp/hard\libc_nano.a(lib_a-gdtoa-hexnan.o)
 .text.__match  0x00000000080117ec       0x28 c:/st/stm32cubeide_1.3.0/stm32cubeide/plugins/com.st.stm32cube.ide.mcu.externaltools.gnu-tools-for-stm32.7-2018-q2-update.win32_1.0.0.201904181610/tools/bin/../lib/gcc/arm-none-eabi/7.3.1/../../../../arm-none-eabi/lib/thumb/v7e-m/fpv4-sp/hard\libc_nano.a(lib_a-gdtoa-hexnan.o)
                0x00000000080117ec                __match
 .text.__hexnan
                0x0000000008011814      0x120 c:/st/stm32cubeide_1.3.0/stm32cubeide/plugins/com.st.stm32cube.ide.mcu.externaltools.gnu-tools-for-stm32.7-2018-q2-update.win32_1.0.0.201904181610/tools/bin/../lib/gcc/arm-none-eabi/7.3.1/../../../../arm-none-eabi/lib/thumb/v7e-m/fpv4-sp/hard\libc_nano.a(lib_a-gdtoa-hexnan.o)
                0x0000000008011814                __hexnan
 .text.__localeconv_l
                0x0000000008011934        0x4 c:/st/stm32cubeide_1.3.0/stm32cubeide/plugins/com.st.stm32cube.ide.mcu.externaltools.gnu-tools-for-stm32.7-2018-q2-update.win32_1.0.0.201904181610/tools/bin/../lib/gcc/arm-none-eabi/7.3.1/../../../../arm-none-eabi/lib/thumb/v7e-m/fpv4-sp/hard\libc_nano.a(lib_a-localeconv.o)
                0x0000000008011934                __localeconv_l
 .text.__ascii_mbtowc
                0x0000000008011938       0x24 c:/st/stm32cubeide_1.3.0/stm32cubeide/plugins/com.st.stm32cube.ide.mcu.externaltools.gnu-tools-for-stm32.7-2018-q2-update.win32_1.0.0.201904181610/tools/bin/../lib/gcc/arm-none-eabi/7.3.1/../../../../arm-none-eabi/lib/thumb/v7e-m/fpv4-sp/hard\libc_nano.a(lib_a-mbtowc_r.o)
                0x0000000008011938                __ascii_mbtowc
 .text._Balloc  0x000000000801195c       0x68 c:/st/stm32cubeide_1.3.0/stm32cubeide/plugins/com.st.stm32cube.ide.mcu.externaltools.gnu-tools-for-stm32.7-2018-q2-update.win32_1.0.0.201904181610/tools/bin/../lib/gcc/arm-none-eabi/7.3.1/../../../../arm-none-eabi/lib/thumb/v7e-m/fpv4-sp/hard\libc_nano.a(lib_a-mprec.o)
                0x000000000801195c                _Balloc
 .text._Bfree   0x00000000080119c4       0x2e c:/st/stm32cubeide_1.3.0/stm32cubeide/plugins/com.st.stm32cube.ide.mcu.externaltools.gnu-tools-for-stm32.7-2018-q2-update.win32_1.0.0.201904181610/tools/bin/../lib/gcc/arm-none-eabi/7.3.1/../../../../arm-none-eabi/lib/thumb/v7e-m/fpv4-sp/hard\libc_nano.a(lib_a-mprec.o)
                0x00000000080119c4                _Bfree
 .text.__multadd
                0x00000000080119f2       0x76 c:/st/stm32cubeide_1.3.0/stm32cubeide/plugins/com.st.stm32cube.ide.mcu.externaltools.gnu-tools-for-stm32.7-2018-q2-update.win32_1.0.0.201904181610/tools/bin/../lib/gcc/arm-none-eabi/7.3.1/../../../../arm-none-eabi/lib/thumb/v7e-m/fpv4-sp/hard\libc_nano.a(lib_a-mprec.o)
                0x00000000080119f2                __multadd
 .text.__s2b    0x0000000008011a68       0x7c c:/st/stm32cubeide_1.3.0/stm32cubeide/plugins/com.st.stm32cube.ide.mcu.externaltools.gnu-tools-for-stm32.7-2018-q2-update.win32_1.0.0.201904181610/tools/bin/../lib/gcc/arm-none-eabi/7.3.1/../../../../arm-none-eabi/lib/thumb/v7e-m/fpv4-sp/hard\libc_nano.a(lib_a-mprec.o)
                0x0000000008011a68                __s2b
 .text.__hi0bits
                0x0000000008011ae4       0x3e c:/st/stm32cubeide_1.3.0/stm32cubeide/plugins/com.st.stm32cube.ide.mcu.externaltools.gnu-tools-for-stm32.7-2018-q2-update.win32_1.0.0.201904181610/tools/bin/../lib/gcc/arm-none-eabi/7.3.1/../../../../arm-none-eabi/lib/thumb/v7e-m/fpv4-sp/hard\libc_nano.a(lib_a-mprec.o)
                0x0000000008011ae4                __hi0bits
 .text.__lo0bits
                0x0000000008011b22       0x5e c:/st/stm32cubeide_1.3.0/stm32cubeide/plugins/com.st.stm32cube.ide.mcu.externaltools.gnu-tools-for-stm32.7-2018-q2-update.win32_1.0.0.201904181610/tools/bin/../lib/gcc/arm-none-eabi/7.3.1/../../../../arm-none-eabi/lib/thumb/v7e-m/fpv4-sp/hard\libc_nano.a(lib_a-mprec.o)
                0x0000000008011b22                __lo0bits
 .text.__i2b    0x0000000008011b80       0x12 c:/st/stm32cubeide_1.3.0/stm32cubeide/plugins/com.st.stm32cube.ide.mcu.externaltools.gnu-tools-for-stm32.7-2018-q2-update.win32_1.0.0.201904181610/tools/bin/../lib/gcc/arm-none-eabi/7.3.1/../../../../arm-none-eabi/lib/thumb/v7e-m/fpv4-sp/hard\libc_nano.a(lib_a-mprec.o)
                0x0000000008011b80                __i2b
 .text.__multiply
                0x0000000008011b92      0x12c c:/st/stm32cubeide_1.3.0/stm32cubeide/plugins/com.st.stm32cube.ide.mcu.externaltools.gnu-tools-for-stm32.7-2018-q2-update.win32_1.0.0.201904181610/tools/bin/../lib/gcc/arm-none-eabi/7.3.1/../../../../arm-none-eabi/lib/thumb/v7e-m/fpv4-sp/hard\libc_nano.a(lib_a-mprec.o)
                0x0000000008011b92                __multiply
 *fill*         0x0000000008011cbe        0x2 
 .text.__pow5mult
                0x0000000008011cc0       0x9c c:/st/stm32cubeide_1.3.0/stm32cubeide/plugins/com.st.stm32cube.ide.mcu.externaltools.gnu-tools-for-stm32.7-2018-q2-update.win32_1.0.0.201904181610/tools/bin/../lib/gcc/arm-none-eabi/7.3.1/../../../../arm-none-eabi/lib/thumb/v7e-m/fpv4-sp/hard\libc_nano.a(lib_a-mprec.o)
                0x0000000008011cc0                __pow5mult
 .text.__lshift
                0x0000000008011d5c       0xa8 c:/st/stm32cubeide_1.3.0/stm32cubeide/plugins/com.st.stm32cube.ide.mcu.externaltools.gnu-tools-for-stm32.7-2018-q2-update.win32_1.0.0.201904181610/tools/bin/../lib/gcc/arm-none-eabi/7.3.1/../../../../arm-none-eabi/lib/thumb/v7e-m/fpv4-sp/hard\libc_nano.a(lib_a-mprec.o)
                0x0000000008011d5c                __lshift
 .text.__mcmp   0x0000000008011e04       0x34 c:/st/stm32cubeide_1.3.0/stm32cubeide/plugins/com.st.stm32cube.ide.mcu.externaltools.gnu-tools-for-stm32.7-2018-q2-update.win32_1.0.0.201904181610/tools/bin/../lib/gcc/arm-none-eabi/7.3.1/../../../../arm-none-eabi/lib/thumb/v7e-m/fpv4-sp/hard\libc_nano.a(lib_a-mprec.o)
                0x0000000008011e04                __mcmp
 .text.__mdiff  0x0000000008011e38       0xba c:/st/stm32cubeide_1.3.0/stm32cubeide/plugins/com.st.stm32cube.ide.mcu.externaltools.gnu-tools-for-stm32.7-2018-q2-update.win32_1.0.0.201904181610/tools/bin/../lib/gcc/arm-none-eabi/7.3.1/../../../../arm-none-eabi/lib/thumb/v7e-m/fpv4-sp/hard\libc_nano.a(lib_a-mprec.o)
                0x0000000008011e38                __mdiff
 *fill*         0x0000000008011ef2        0x2 
 .text.__ulp    0x0000000008011ef4       0x50 c:/st/stm32cubeide_1.3.0/stm32cubeide/plugins/com.st.stm32cube.ide.mcu.externaltools.gnu-tools-for-stm32.7-2018-q2-update.win32_1.0.0.201904181610/tools/bin/../lib/gcc/arm-none-eabi/7.3.1/../../../../arm-none-eabi/lib/thumb/v7e-m/fpv4-sp/hard\libc_nano.a(lib_a-mprec.o)
                0x0000000008011ef4                __ulp
 .text.__b2d    0x0000000008011f44       0x9c c:/st/stm32cubeide_1.3.0/stm32cubeide/plugins/com.st.stm32cube.ide.mcu.externaltools.gnu-tools-for-stm32.7-2018-q2-update.win32_1.0.0.201904181610/tools/bin/../lib/gcc/arm-none-eabi/7.3.1/../../../../arm-none-eabi/lib/thumb/v7e-m/fpv4-sp/hard\libc_nano.a(lib_a-mprec.o)
                0x0000000008011f44                __b2d
 .text.__d2b    0x0000000008011fe0       0x9e c:/st/stm32cubeide_1.3.0/stm32cubeide/plugins/com.st.stm32cube.ide.mcu.externaltools.gnu-tools-for-stm32.7-2018-q2-update.win32_1.0.0.201904181610/tools/bin/../lib/gcc/arm-none-eabi/7.3.1/../../../../arm-none-eabi/lib/thumb/v7e-m/fpv4-sp/hard\libc_nano.a(lib_a-mprec.o)
                0x0000000008011fe0                __d2b
 .text.__ratio  0x000000000801207e       0x66 c:/st/stm32cubeide_1.3.0/stm32cubeide/plugins/com.st.stm32cube.ide.mcu.externaltools.gnu-tools-for-stm32.7-2018-q2-update.win32_1.0.0.201904181610/tools/bin/../lib/gcc/arm-none-eabi/7.3.1/../../../../arm-none-eabi/lib/thumb/v7e-m/fpv4-sp/hard\libc_nano.a(lib_a-mprec.o)
                0x000000000801207e                __ratio
 .text.__copybits
                0x00000000080120e4       0x34 c:/st/stm32cubeide_1.3.0/stm32cubeide/plugins/com.st.stm32cube.ide.mcu.externaltools.gnu-tools-for-stm32.7-2018-q2-update.win32_1.0.0.201904181610/tools/bin/../lib/gcc/arm-none-eabi/7.3.1/../../../../arm-none-eabi/lib/thumb/v7e-m/fpv4-sp/hard\libc_nano.a(lib_a-mprec.o)
                0x00000000080120e4                __copybits
 .text.__any_on
                0x0000000008012118       0x42 c:/st/stm32cubeide_1.3.0/stm32cubeide/plugins/com.st.stm32cube.ide.mcu.externaltools.gnu-tools-for-stm32.7-2018-q2-update.win32_1.0.0.201904181610/tools/bin/../lib/gcc/arm-none-eabi/7.3.1/../../../../arm-none-eabi/lib/thumb/v7e-m/fpv4-sp/hard\libc_nano.a(lib_a-mprec.o)
                0x0000000008012118                __any_on
 .text._calloc_r
                0x000000000801215a       0x1c c:/st/stm32cubeide_1.3.0/stm32cubeide/plugins/com.st.stm32cube.ide.mcu.externaltools.gnu-tools-for-stm32.7-2018-q2-update.win32_1.0.0.201904181610/tools/bin/../lib/gcc/arm-none-eabi/7.3.1/../../../../arm-none-eabi/lib/thumb/v7e-m/fpv4-sp/hard\libc_nano.a(lib_a-nano-callocr.o)
                0x000000000801215a                _calloc_r
 *fill*         0x0000000008012176        0x2 
 .text._malloc_r
                0x0000000008012178       0xb4 c:/st/stm32cubeide_1.3.0/stm32cubeide/plugins/com.st.stm32cube.ide.mcu.externaltools.gnu-tools-for-stm32.7-2018-q2-update.win32_1.0.0.201904181610/tools/bin/../lib/gcc/arm-none-eabi/7.3.1/../../../../arm-none-eabi/lib/thumb/v7e-m/fpv4-sp/hard\libc_nano.a(lib_a-nano-mallocr.o)
                0x0000000008012178                _malloc_r
 .text._sbrk_r  0x000000000801222c       0x20 c:/st/stm32cubeide_1.3.0/stm32cubeide/plugins/com.st.stm32cube.ide.mcu.externaltools.gnu-tools-for-stm32.7-2018-q2-update.win32_1.0.0.201904181610/tools/bin/../lib/gcc/arm-none-eabi/7.3.1/../../../../arm-none-eabi/lib/thumb/v7e-m/fpv4-sp/hard\libc_nano.a(lib_a-sbrkr.o)
                0x000000000801222c                _sbrk_r
 .text.nanf     0x000000000801224c        0xc c:/st/stm32cubeide_1.3.0/stm32cubeide/plugins/com.st.stm32cube.ide.mcu.externaltools.gnu-tools-for-stm32.7-2018-q2-update.win32_1.0.0.201904181610/tools/bin/../lib/gcc/arm-none-eabi/7.3.1/../../../../arm-none-eabi/lib/thumb/v7e-m/fpv4-sp/hard\libc_nano.a(lib_a-sf_nan.o)
                0x000000000801224c                nanf
 .text.__ascii_wctomb
                0x0000000008012258       0x1a c:/st/stm32cubeide_1.3.0/stm32cubeide/plugins/com.st.stm32cube.ide.mcu.externaltools.gnu-tools-for-stm32.7-2018-q2-update.win32_1.0.0.201904181610/tools/bin/../lib/gcc/arm-none-eabi/7.3.1/../../../../arm-none-eabi/lib/thumb/v7e-m/fpv4-sp/hard\libc_nano.a(lib_a-wctomb_r.o)
                0x0000000008012258                __ascii_wctomb
 *fill*         0x0000000008012272        0x2 
 .text.malloc   0x0000000008012274       0x10 c:/st/stm32cubeide_1.3.0/stm32cubeide/plugins/com.st.stm32cube.ide.mcu.externaltools.gnu-tools-for-stm32.7-2018-q2-update.win32_1.0.0.201904181610/tools/bin/../lib/gcc/arm-none-eabi/7.3.1/../../../../arm-none-eabi/lib/thumb/v7e-m/fpv4-sp/hard\libc_nano.a(lib_a-malloc.o)
                0x0000000008012274                malloc
 .text.__malloc_lock
                0x0000000008012284        0x2 c:/st/stm32cubeide_1.3.0/stm32cubeide/plugins/com.st.stm32cube.ide.mcu.externaltools.gnu-tools-for-stm32.7-2018-q2-update.win32_1.0.0.201904181610/tools/bin/../lib/gcc/arm-none-eabi/7.3.1/../../../../arm-none-eabi/lib/thumb/v7e-m/fpv4-sp/hard\libc_nano.a(lib_a-mlock.o)
                0x0000000008012284                __malloc_lock
 .text.__malloc_unlock
                0x0000000008012286        0x2 c:/st/stm32cubeide_1.3.0/stm32cubeide/plugins/com.st.stm32cube.ide.mcu.externaltools.gnu-tools-for-stm32.7-2018-q2-update.win32_1.0.0.201904181610/tools/bin/../lib/gcc/arm-none-eabi/7.3.1/../../../../arm-none-eabi/lib/thumb/v7e-m/fpv4-sp/hard\libc_nano.a(lib_a-mlock.o)
                0x0000000008012286                __malloc_unlock
 .text.cos      0x0000000008012288       0x88 c:/st/stm32cubeide_1.3.0/stm32cubeide/plugins/com.st.stm32cube.ide.mcu.externaltools.gnu-tools-for-stm32.7-2018-q2-update.win32_1.0.0.201904181610/tools/bin/../lib/gcc/arm-none-eabi/7.3.1/../../../../arm-none-eabi/lib/thumb/v7e-m/fpv4-sp/hard\libm.a(lib_a-s_cos.o)
                0x0000000008012288                cos
 .text.sin      0x0000000008012310       0x90 c:/st/stm32cubeide_1.3.0/stm32cubeide/plugins/com.st.stm32cube.ide.mcu.externaltools.gnu-tools-for-stm32.7-2018-q2-update.win32_1.0.0.201904181610/tools/bin/../lib/gcc/arm-none-eabi/7.3.1/../../../../arm-none-eabi/lib/thumb/v7e-m/fpv4-sp/hard\libm.a(lib_a-s_sin.o)
                0x0000000008012310                sin
 .text.tan      0x00000000080123a0       0x60 c:/st/stm32cubeide_1.3.0/stm32cubeide/plugins/com.st.stm32cube.ide.mcu.externaltools.gnu-tools-for-stm32.7-2018-q2-update.win32_1.0.0.201904181610/tools/bin/../lib/gcc/arm-none-eabi/7.3.1/../../../../arm-none-eabi/lib/thumb/v7e-m/fpv4-sp/hard\libm.a(lib_a-s_tan.o)
                0x00000000080123a0                tan
 .text.cosf     0x0000000008012400       0x80 c:/st/stm32cubeide_1.3.0/stm32cubeide/plugins/com.st.stm32cube.ide.mcu.externaltools.gnu-tools-for-stm32.7-2018-q2-update.win32_1.0.0.201904181610/tools/bin/../lib/gcc/arm-none-eabi/7.3.1/../../../../arm-none-eabi/lib/thumb/v7e-m/fpv4-sp/hard\libm.a(lib_a-sf_cos.o)
                0x0000000008012400                cosf
 .text.sinf     0x0000000008012480       0x84 c:/st/stm32cubeide_1.3.0/stm32cubeide/plugins/com.st.stm32cube.ide.mcu.externaltools.gnu-tools-for-stm32.7-2018-q2-update.win32_1.0.0.201904181610/tools/bin/../lib/gcc/arm-none-eabi/7.3.1/../../../../arm-none-eabi/lib/thumb/v7e-m/fpv4-sp/hard\libm.a(lib_a-sf_sin.o)
                0x0000000008012480                sinf
 .text.acos     0x0000000008012504       0xb0 c:/st/stm32cubeide_1.3.0/stm32cubeide/plugins/com.st.stm32cube.ide.mcu.externaltools.gnu-tools-for-stm32.7-2018-q2-update.win32_1.0.0.201904181610/tools/bin/../lib/gcc/arm-none-eabi/7.3.1/../../../../arm-none-eabi/lib/thumb/v7e-m/fpv4-sp/hard\libm.a(lib_a-w_acos.o)
                0x0000000008012504                acos
 .text.pow      0x00000000080125b4      0x2e0 c:/st/stm32cubeide_1.3.0/stm32cubeide/plugins/com.st.stm32cube.ide.mcu.externaltools.gnu-tools-for-stm32.7-2018-q2-update.win32_1.0.0.201904181610/tools/bin/../lib/gcc/arm-none-eabi/7.3.1/../../../../arm-none-eabi/lib/thumb/v7e-m/fpv4-sp/hard\libm.a(lib_a-w_pow.o)
                0x00000000080125b4                pow
 .text.sqrt     0x0000000008012894       0xb4 c:/st/stm32cubeide_1.3.0/stm32cubeide/plugins/com.st.stm32cube.ide.mcu.externaltools.gnu-tools-for-stm32.7-2018-q2-update.win32_1.0.0.201904181610/tools/bin/../lib/gcc/arm-none-eabi/7.3.1/../../../../arm-none-eabi/lib/thumb/v7e-m/fpv4-sp/hard\libm.a(lib_a-w_sqrt.o)
                0x0000000008012894                sqrt
 .text.powf     0x0000000008012948      0x2c8 c:/st/stm32cubeide_1.3.0/stm32cubeide/plugins/com.st.stm32cube.ide.mcu.externaltools.gnu-tools-for-stm32.7-2018-q2-update.win32_1.0.0.201904181610/tools/bin/../lib/gcc/arm-none-eabi/7.3.1/../../../../arm-none-eabi/lib/thumb/v7e-m/fpv4-sp/hard\libm.a(lib_a-wf_pow.o)
                0x0000000008012948                powf
 .text.__ieee754_acos
                0x0000000008012c10      0x4b8 c:/st/stm32cubeide_1.3.0/stm32cubeide/plugins/com.st.stm32cube.ide.mcu.externaltools.gnu-tools-for-stm32.7-2018-q2-update.win32_1.0.0.201904181610/tools/bin/../lib/gcc/arm-none-eabi/7.3.1/../../../../arm-none-eabi/lib/thumb/v7e-m/fpv4-sp/hard\libm.a(lib_a-e_acos.o)
                0x0000000008012c10                __ieee754_acos
 .text.__ieee754_pow
                0x00000000080130c8      0xa1c c:/st/stm32cubeide_1.3.0/stm32cubeide/plugins/com.st.stm32cube.ide.mcu.externaltools.gnu-tools-for-stm32.7-2018-q2-update.win32_1.0.0.201904181610/tools/bin/../lib/gcc/arm-none-eabi/7.3.1/../../../../arm-none-eabi/lib/thumb/v7e-m/fpv4-sp/hard\libm.a(lib_a-e_pow.o)
                0x00000000080130c8                __ieee754_pow
 *fill*         0x0000000008013ae4        0x4 
 .text.__ieee754_rem_pio2
                0x0000000008013ae8      0x3e4 c:/st/stm32cubeide_1.3.0/stm32cubeide/plugins/com.st.stm32cube.ide.mcu.externaltools.gnu-tools-for-stm32.7-2018-q2-update.win32_1.0.0.201904181610/tools/bin/../lib/gcc/arm-none-eabi/7.3.1/../../../../arm-none-eabi/lib/thumb/v7e-m/fpv4-sp/hard\libm.a(lib_a-e_rem_pio2.o)
                0x0000000008013ae8                __ieee754_rem_pio2
 .text.__ieee754_sqrt
                0x0000000008013ecc      0x160 c:/st/stm32cubeide_1.3.0/stm32cubeide/plugins/com.st.stm32cube.ide.mcu.externaltools.gnu-tools-for-stm32.7-2018-q2-update.win32_1.0.0.201904181610/tools/bin/../lib/gcc/arm-none-eabi/7.3.1/../../../../arm-none-eabi/lib/thumb/v7e-m/fpv4-sp/hard\libm.a(lib_a-e_sqrt.o)
                0x0000000008013ecc                __ieee754_sqrt
 .text.__ieee754_powf
                0x000000000801402c      0x580 c:/st/stm32cubeide_1.3.0/stm32cubeide/plugins/com.st.stm32cube.ide.mcu.externaltools.gnu-tools-for-stm32.7-2018-q2-update.win32_1.0.0.201904181610/tools/bin/../lib/gcc/arm-none-eabi/7.3.1/../../../../arm-none-eabi/lib/thumb/v7e-m/fpv4-sp/hard\libm.a(lib_a-ef_pow.o)
                0x000000000801402c                __ieee754_powf
 .text.__ieee754_rem_pio2f
                0x00000000080145ac      0x258 c:/st/stm32cubeide_1.3.0/stm32cubeide/plugins/com.st.stm32cube.ide.mcu.externaltools.gnu-tools-for-stm32.7-2018-q2-update.win32_1.0.0.201904181610/tools/bin/../lib/gcc/arm-none-eabi/7.3.1/../../../../arm-none-eabi/lib/thumb/v7e-m/fpv4-sp/hard\libm.a(lib_a-ef_rem_pio2.o)
                0x00000000080145ac                __ieee754_rem_pio2f
 .text.__ieee754_sqrtf
                0x0000000008014804        0x6 c:/st/stm32cubeide_1.3.0/stm32cubeide/plugins/com.st.stm32cube.ide.mcu.externaltools.gnu-tools-for-stm32.7-2018-q2-update.win32_1.0.0.201904181610/tools/bin/../lib/gcc/arm-none-eabi/7.3.1/../../../../arm-none-eabi/lib/thumb/v7e-m/fpv4-sp/hard\libm.a(lib_a-ef_sqrt.o)
                0x0000000008014804                __ieee754_sqrtf
 *fill*         0x000000000801480a        0x6 
 .text.__kernel_cos
                0x0000000008014810      0x18c c:/st/stm32cubeide_1.3.0/stm32cubeide/plugins/com.st.stm32cube.ide.mcu.externaltools.gnu-tools-for-stm32.7-2018-q2-update.win32_1.0.0.201904181610/tools/bin/../lib/gcc/arm-none-eabi/7.3.1/../../../../arm-none-eabi/lib/thumb/v7e-m/fpv4-sp/hard\libm.a(lib_a-k_cos.o)
                0x0000000008014810                __kernel_cos
 *fill*         0x000000000801499c        0x4 
 .text.__kernel_rem_pio2
                0x00000000080149a0      0x680 c:/st/stm32cubeide_1.3.0/stm32cubeide/plugins/com.st.stm32cube.ide.mcu.externaltools.gnu-tools-for-stm32.7-2018-q2-update.win32_1.0.0.201904181610/tools/bin/../lib/gcc/arm-none-eabi/7.3.1/../../../../arm-none-eabi/lib/thumb/v7e-m/fpv4-sp/hard\libm.a(lib_a-k_rem_pio2.o)
                0x00000000080149a0                __kernel_rem_pio2
 .text.__kernel_sin
                0x0000000008015020      0x174 c:/st/stm32cubeide_1.3.0/stm32cubeide/plugins/com.st.stm32cube.ide.mcu.externaltools.gnu-tools-for-stm32.7-2018-q2-update.win32_1.0.0.201904181610/tools/bin/../lib/gcc/arm-none-eabi/7.3.1/../../../../arm-none-eabi/lib/thumb/v7e-m/fpv4-sp/hard\libm.a(lib_a-k_sin.o)
                0x0000000008015020                __kernel_sin
 *fill*         0x0000000008015194        0x4 
 .text.__kernel_tan
                0x0000000008015198      0x398 c:/st/stm32cubeide_1.3.0/stm32cubeide/plugins/com.st.stm32cube.ide.mcu.externaltools.gnu-tools-for-stm32.7-2018-q2-update.win32_1.0.0.201904181610/tools/bin/../lib/gcc/arm-none-eabi/7.3.1/../../../../arm-none-eabi/lib/thumb/v7e-m/fpv4-sp/hard\libm.a(lib_a-k_tan.o)
                0x0000000008015198                __kernel_tan
 .text.__kernel_cosf
                0x0000000008015530       0xbc c:/st/stm32cubeide_1.3.0/stm32cubeide/plugins/com.st.stm32cube.ide.mcu.externaltools.gnu-tools-for-stm32.7-2018-q2-update.win32_1.0.0.201904181610/tools/bin/../lib/gcc/arm-none-eabi/7.3.1/../../../../arm-none-eabi/lib/thumb/v7e-m/fpv4-sp/hard\libm.a(lib_a-kf_cos.o)
                0x0000000008015530                __kernel_cosf
 .text.__kernel_rem_pio2f
                0x00000000080155ec      0x504 c:/st/stm32cubeide_1.3.0/stm32cubeide/plugins/com.st.stm32cube.ide.mcu.externaltools.gnu-tools-for-stm32.7-2018-q2-update.win32_1.0.0.201904181610/tools/bin/../lib/gcc/arm-none-eabi/7.3.1/../../../../arm-none-eabi/lib/thumb/v7e-m/fpv4-sp/hard\libm.a(lib_a-kf_rem_pio2.o)
                0x00000000080155ec                __kernel_rem_pio2f
 .text.__kernel_sinf
                0x0000000008015af0       0x90 c:/st/stm32cubeide_1.3.0/stm32cubeide/plugins/com.st.stm32cube.ide.mcu.externaltools.gnu-tools-for-stm32.7-2018-q2-update.win32_1.0.0.201904181610/tools/bin/../lib/gcc/arm-none-eabi/7.3.1/../../../../arm-none-eabi/lib/thumb/v7e-m/fpv4-sp/hard\libm.a(lib_a-kf_sin.o)
                0x0000000008015af0                __kernel_sinf
 .text.fabs     0x0000000008015b80       0x12 c:/st/stm32cubeide_1.3.0/stm32cubeide/plugins/com.st.stm32cube.ide.mcu.externaltools.gnu-tools-for-stm32.7-2018-q2-update.win32_1.0.0.201904181610/tools/bin/../lib/gcc/arm-none-eabi/7.3.1/../../../../arm-none-eabi/lib/thumb/v7e-m/fpv4-sp/hard\libm.a(lib_a-s_fabs.o)
                0x0000000008015b80                fabs
 .text.finite   0x0000000008015b92       0x10 c:/st/stm32cubeide_1.3.0/stm32cubeide/plugins/com.st.stm32cube.ide.mcu.externaltools.gnu-tools-for-stm32.7-2018-q2-update.win32_1.0.0.201904181610/tools/bin/../lib/gcc/arm-none-eabi/7.3.1/../../../../arm-none-eabi/lib/thumb/v7e-m/fpv4-sp/hard\libm.a(lib_a-s_finite.o)
                0x0000000008015b92                finite
 *fill*         0x0000000008015ba2        0x6 
 .text.floor    0x0000000008015ba8      0x108 c:/st/stm32cubeide_1.3.0/stm32cubeide/plugins/com.st.stm32cube.ide.mcu.externaltools.gnu-tools-for-stm32.7-2018-q2-update.win32_1.0.0.201904181610/tools/bin/../lib/gcc/arm-none-eabi/7.3.1/../../../../arm-none-eabi/lib/thumb/v7e-m/fpv4-sp/hard\libm.a(lib_a-s_floor.o)
                0x0000000008015ba8                floor
 .text.matherr  0x0000000008015cb0        0x4 c:/st/stm32cubeide_1.3.0/stm32cubeide/plugins/com.st.stm32cube.ide.mcu.externaltools.gnu-tools-for-stm32.7-2018-q2-update.win32_1.0.0.201904181610/tools/bin/../lib/gcc/arm-none-eabi/7.3.1/../../../../arm-none-eabi/lib/thumb/v7e-m/fpv4-sp/hard\libm.a(lib_a-s_matherr.o)
                0x0000000008015cb0                matherr
 *fill*         0x0000000008015cb4        0x4 
 .text.nan      0x0000000008015cb8       0x10 c:/st/stm32cubeide_1.3.0/stm32cubeide/plugins/com.st.stm32cube.ide.mcu.externaltools.gnu-tools-for-stm32.7-2018-q2-update.win32_1.0.0.201904181610/tools/bin/../lib/gcc/arm-none-eabi/7.3.1/../../../../arm-none-eabi/lib/thumb/v7e-m/fpv4-sp/hard\libm.a(lib_a-s_nan.o)
                0x0000000008015cb8                nan
 .text.rint     0x0000000008015cc8      0x108 c:/st/stm32cubeide_1.3.0/stm32cubeide/plugins/com.st.stm32cube.ide.mcu.externaltools.gnu-tools-for-stm32.7-2018-q2-update.win32_1.0.0.201904181610/tools/bin/../lib/gcc/arm-none-eabi/7.3.1/../../../../arm-none-eabi/lib/thumb/v7e-m/fpv4-sp/hard\libm.a(lib_a-s_rint.o)
                0x0000000008015cc8                rint
 .text.scalbn   0x0000000008015dd0       0xec c:/st/stm32cubeide_1.3.0/stm32cubeide/plugins/com.st.stm32cube.ide.mcu.externaltools.gnu-tools-for-stm32.7-2018-q2-update.win32_1.0.0.201904181610/tools/bin/../lib/gcc/arm-none-eabi/7.3.1/../../../../arm-none-eabi/lib/thumb/v7e-m/fpv4-sp/hard\libm.a(lib_a-s_scalbn.o)
                0x0000000008015dd0                scalbn
 .text.fabsf    0x0000000008015ebc        0xe c:/st/stm32cubeide_1.3.0/stm32cubeide/plugins/com.st.stm32cube.ide.mcu.externaltools.gnu-tools-for-stm32.7-2018-q2-update.win32_1.0.0.201904181610/tools/bin/../lib/gcc/arm-none-eabi/7.3.1/../../../../arm-none-eabi/lib/thumb/v7e-m/fpv4-sp/hard\libm.a(lib_a-sf_fabs.o)
                0x0000000008015ebc                fabsf
 .text.finitef  0x0000000008015eca       0x14 c:/st/stm32cubeide_1.3.0/stm32cubeide/plugins/com.st.stm32cube.ide.mcu.externaltools.gnu-tools-for-stm32.7-2018-q2-update.win32_1.0.0.201904181610/tools/bin/../lib/gcc/arm-none-eabi/7.3.1/../../../../arm-none-eabi/lib/thumb/v7e-m/fpv4-sp/hard\libm.a(lib_a-sf_finite.o)
                0x0000000008015eca                finitef
 *fill*         0x0000000008015ede        0x2 
 .text.floorf   0x0000000008015ee0       0x84 c:/st/stm32cubeide_1.3.0/stm32cubeide/plugins/com.st.stm32cube.ide.mcu.externaltools.gnu-tools-for-stm32.7-2018-q2-update.win32_1.0.0.201904181610/tools/bin/../lib/gcc/arm-none-eabi/7.3.1/../../../../arm-none-eabi/lib/thumb/v7e-m/fpv4-sp/hard\libm.a(lib_a-sf_floor.o)
                0x0000000008015ee0                floorf
 .text.rintf    0x0000000008015f64       0xb4 c:/st/stm32cubeide_1.3.0/stm32cubeide/plugins/com.st.stm32cube.ide.mcu.externaltools.gnu-tools-for-stm32.7-2018-q2-update.win32_1.0.0.201904181610/tools/bin/../lib/gcc/arm-none-eabi/7.3.1/../../../../arm-none-eabi/lib/thumb/v7e-m/fpv4-sp/hard\libm.a(lib_a-sf_rint.o)
                0x0000000008015f64                rintf
 .text.scalbnf  0x0000000008016018       0xc0 c:/st/stm32cubeide_1.3.0/stm32cubeide/plugins/com.st.stm32cube.ide.mcu.externaltools.gnu-tools-for-stm32.7-2018-q2-update.win32_1.0.0.201904181610/tools/bin/../lib/gcc/arm-none-eabi/7.3.1/../../../../arm-none-eabi/lib/thumb/v7e-m/fpv4-sp/hard\libm.a(lib_a-sf_scalbn.o)
                0x0000000008016018                scalbnf
 .text.copysign
                0x00000000080160d8       0x1e c:/st/stm32cubeide_1.3.0/stm32cubeide/plugins/com.st.stm32cube.ide.mcu.externaltools.gnu-tools-for-stm32.7-2018-q2-update.win32_1.0.0.201904181610/tools/bin/../lib/gcc/arm-none-eabi/7.3.1/../../../../arm-none-eabi/lib/thumb/v7e-m/fpv4-sp/hard\libm.a(lib_a-s_copysign.o)
                0x00000000080160d8                copysign
 .text.copysignf
                0x00000000080160f6       0x18 c:/st/stm32cubeide_1.3.0/stm32cubeide/plugins/com.st.stm32cube.ide.mcu.externaltools.gnu-tools-for-stm32.7-2018-q2-update.win32_1.0.0.201904181610/tools/bin/../lib/gcc/arm-none-eabi/7.3.1/../../../../arm-none-eabi/lib/thumb/v7e-m/fpv4-sp/hard\libm.a(lib_a-sf_copysign.o)
                0x00000000080160f6                copysignf
 *(.glue_7)
 .glue_7        0x000000000801610e        0x0 linker stubs
 *(.glue_7t)
 .glue_7t       0x000000000801610e        0x0 linker stubs
 *(.eh_frame)
 *fill*         0x000000000801610e        0x2 
 .eh_frame      0x0000000008016110        0x0 c:/st/stm32cubeide_1.3.0/stm32cubeide/plugins/com.st.stm32cube.ide.mcu.externaltools.gnu-tools-for-stm32.7-2018-q2-update.win32_1.0.0.201904181610/tools/bin/../lib/gcc/arm-none-eabi/7.3.1/thumb/v7e-m/fpv4-sp/hard/crtbegin.o
 *(.init)
 .init          0x0000000008016110        0x4 c:/st/stm32cubeide_1.3.0/stm32cubeide/plugins/com.st.stm32cube.ide.mcu.externaltools.gnu-tools-for-stm32.7-2018-q2-update.win32_1.0.0.201904181610/tools/bin/../lib/gcc/arm-none-eabi/7.3.1/thumb/v7e-m/fpv4-sp/hard/crti.o
                0x0000000008016110                _init
 .init          0x0000000008016114        0x8 c:/st/stm32cubeide_1.3.0/stm32cubeide/plugins/com.st.stm32cube.ide.mcu.externaltools.gnu-tools-for-stm32.7-2018-q2-update.win32_1.0.0.201904181610/tools/bin/../lib/gcc/arm-none-eabi/7.3.1/thumb/v7e-m/fpv4-sp/hard/crtn.o
 *(.fini)
 .fini          0x000000000801611c        0x4 c:/st/stm32cubeide_1.3.0/stm32cubeide/plugins/com.st.stm32cube.ide.mcu.externaltools.gnu-tools-for-stm32.7-2018-q2-update.win32_1.0.0.201904181610/tools/bin/../lib/gcc/arm-none-eabi/7.3.1/thumb/v7e-m/fpv4-sp/hard/crti.o
                0x000000000801611c                _fini
 .fini          0x0000000008016120        0x8 c:/st/stm32cubeide_1.3.0/stm32cubeide/plugins/com.st.stm32cube.ide.mcu.externaltools.gnu-tools-for-stm32.7-2018-q2-update.win32_1.0.0.201904181610/tools/bin/../lib/gcc/arm-none-eabi/7.3.1/thumb/v7e-m/fpv4-sp/hard/crtn.o
                0x0000000008016128                . = ALIGN (0x4)
                0x0000000008016128                _etext = .

.vfp11_veneer   0x0000000008016128        0x0
 .vfp11_veneer  0x0000000008016128        0x0 linker stubs

.v4_bx          0x0000000008016128        0x0
 .v4_bx         0x0000000008016128        0x0 linker stubs

.iplt           0x0000000008016128        0x0
 .iplt          0x0000000008016128        0x0 c:/st/stm32cubeide_1.3.0/stm32cubeide/plugins/com.st.stm32cube.ide.mcu.externaltools.gnu-tools-for-stm32.7-2018-q2-update.win32_1.0.0.201904181610/tools/bin/../lib/gcc/arm-none-eabi/7.3.1/thumb/v7e-m/fpv4-sp/hard/crtbegin.o

.rodata         0x0000000008016128      0xb00
                0x0000000008016128                . = ALIGN (0x4)
 *(.rodata)
 .rodata        0x0000000008016128       0x40 Core/Src/EKF.o
 .rodata        0x0000000008016168       0x40 Core/Src/Sensors_functions.o
 .rodata        0x00000000080161a8      0x107 Core/Src/main.o
 *fill*         0x00000000080162af        0x1 
 .rodata        0x00000000080162b0        0xc Core/Src/stm32l4xx_it.o
 .rodata        0x00000000080162bc        0x8 Core/Src/uarts.o
 .rodata        0x00000000080162c4       0x10 Drivers/STM32L4xx_HAL_Driver/Src/stm32l4xx_hal_uart_ex.o
 .rodata        0x00000000080162d4        0x5 Middlewares/Third_Party/FreeRTOS/Source/tasks.o
 *fill*         0x00000000080162d9        0x3 
 .rodata        0x00000000080162dc        0xd Middlewares/Third_Party/FreeRTOS/Source/timers.o
 *(.rodata*)
 *fill*         0x00000000080162e9        0x3 
 .rodata.Fusion_Localiza_attributes
                0x00000000080162ec       0x24 Core/Src/main.o
                0x00000000080162ec                Fusion_Localiza_attributes
 .rodata.Data_sensors_Rx_attributes
                0x0000000008016310       0x24 Core/Src/main.o
                0x0000000008016310                Data_sensors_Rx_attributes
 .rodata.Control_Motors_attributes
                0x0000000008016334       0x24 Core/Src/main.o
                0x0000000008016334                Control_Motors_attributes
 .rodata.AHBPrescTable
                0x0000000008016358       0x10 Core/Src/system_stm32l4xx.o
                0x0000000008016358                AHBPrescTable
 .rodata.APBPrescTable
                0x0000000008016368        0x8 Core/Src/system_stm32l4xx.o