Sensors_functions.c:27:6:Init_localization	368	static
Sensors_functions.c:68:6:HCSR4_Init	16	static
Sensors_functions.c:73:10:HCSR4_Meas	40	static
Sensors_functions.c:149:6:i2c_write_register	16	static
Sensors_functions.c:170:6:i2c_read_registers	16	static
Sensors_functions.c:190:6:mpu6050_read_sensors	232	static
Sensors_functions.c:221:6:IMU_star_com	8	static
Sensors_functions.c:231:10:IMU_Meas	48	static
Sensors_functions.c:315:6:PID_Init	24	static
Sensors_functions.c:327:6:PID_UpdateError	24	static
Sensors_functions.c:335:7:PID_TotalError	4	static
Sensors_functions.c:344:6:getdata_Radar	40	static
Sensors_functions.c:438:6:getPos_Radar	32	static
