******************************************************************************
               TMS320C6x Linker PC v8.3.3                      
******************************************************************************
>> Linked Fri Jul  3 12:06:17 2020

OUTPUT FILE NAME:   <pa_18xx_dss.xe674>
ENTRY POINT SYMBOL: "_c_int00"  address: 00800ba0


MEMORY CONFIGURATION

         name            origin    length      used     unused   attr    fill
----------------------  --------  ---------  --------  --------  ----  --------
PAGE 0:
  L2SRAM_UMAP1          007e0000   00020000  00020000  00000000  RWIX
  L2SRAM_UMAP0          00800000   00020000  0001e3d9  00001c27  RWIX
  L1PSRAM               00e00000   00004000  00000b40  000034c0  RWIX
  L1DSRAM               00f00000   00004000  00004000  00000000  RWIX
  L3SRAM                20000000   00100000  00000ca0  000ff360  RWIX
  HWA_RAM               21030000   00010000  00000000  00010000  RWIX
  HSRAM                 21080000   00008000  00008000  00000000  RWIX

PAGE 1:
  L3SRAM                20000000   00100000  00100000  00000000  RWIX


SEGMENT ALLOCATION MAP

run origin  load origin   length   init length attrs members
----------  ----------- ---------- ----------- ----- -------
007e0000    007e0000    000257a0   000257a0    r-x
  007e0000    007e0000    00000200   00000200    r-x .vecs
  007e0200    007e0200    0001fe00   0001fe00    r-x .text.1
  00800000    00800000    000057a0   000057a0    r-x .text.2
008057a0    008057a0    00015de4   00000000    rw-
  008057a0    008057a0    0000f000   00000000    rw- .l2data
  008147a0    008147a0    00004000   00000000    rw- systemHeap
  008187a0    008187a0    00002de4   00000000    rw- .far
0081b588    0081b588    000014a1   000014a1    r--
  0081b588    0081b588    000014a1   000014a1    r-- .const
0081ca30    0081ca30    000018c8   00000fa4    rw-
  0081ca30    0081ca30    00000fa4   00000fa4    rw- .fardata
  0081d9d8    0081d9d8    00000800   00000000    rw- .stack
  0081e1d8    0081e1d8    00000120   00000000    rw- .cio
0081e2f8    0081e2f8    000000d8   000000d8    r--
  0081e2f8    0081e2f8    000000d8   000000d8    r-- .switch
0081e3d0    0081e3d0    00000008   00000008    rw-
  0081e3d0    0081e3d0    00000008   00000008    rw- .neardata
0081e3d8    0081e3d8    00000010   00000010    r--
  0081e3d8    0081e3d8    00000010   00000010    r-- .ovly
00e00000    20000000    00000b40   00000b40    r-x
  00e00000    20000000    00000b40   00000b40    r-x .fastCode
00f00000    00f00000    00004000   00000000    rw-
  00f00000    00f00000    00004000   00000000    rw- .l1data
20000b40    20000b40    00000160   00000160    r-x
  20000b40    20000b40    00000160   00000160    r-x .overlay
21080000    21080000    00008000   00000000    rw-
  21080000    21080000    00008000   00000000    rw- .demoSharedMem
20000000    20000000    00100000   00000000    rw-
  20000000    20000000    00100000   00000000    rw- .l3data


SECTION ALLOCATION MAP

 output                                  attributes/
section   page    origin      length       input sections
--------  ----  ----------  ----------   ----------------
.vecs      0    007e0000    00000200     
                  007e0000    00000200     dss_pa_pe674.oe674 (.vecs)

.text.1    0    007e0200    0001fe00     
                  007e0200    00002460     RADARDEMO_detectionCFAR_priv.oe674 (.text:RADARDEMO_detectionCFAR_CAAll)
                  007e2660    000022c0     RADARDEMO_detectionCFAR_priv.oe674 (.text:RADARDEMO_detectionCFAR_raCAAll)
                  007e4920    00002040     rts6740_elf.lib : _printfi.c.obj (.text:__TI_printfi)
                  007e6960    00000c00     RADARDEMO_aoaEstBF_priv.oe674 (.text:RADARDEMO_aoaEstimationBFSinglePeak)
                  007e7560    00000c00     radarProcess.oe674 (.text:radarProcessCreate)
                  007e8160    00000ba0     RADARDEMO_aoaEstBF_priv.oe674 (.text:RADARDEMO_aoaEstimationBFMultiPeak)
                  007e8d00    00000a40     RADARDEMO_detectionCFAR_priv.oe674 (.text:RADARDEMO_detectionCFAR_OS)
                  007e9740    00000960     RADARDEMO_dopplerProc_priv.oe674 (.text:RADARDEMO_dopplerProcIntegrationFltpAllAnt)
                  007ea0a0    000008a0     ti.targets.rts6000.ae674 : System.oe674 (.text:xdc_runtime_System_doPrint__I)
                  007ea940    00000840     rts6740_elf.lib : pow.c.obj (.text:pow)
                  007eb180    00000740     RADARDEMO_aoaEstBF.oe674 (.text:RADARDEMO_aoaEstimationBF_run)
                  007eb8c0    00000700     sysbios.ae674 : BIOS.obj (.text:ti_sysbios_family_c64p_Exception_handler__I)
                  007ebfc0    00000660     rts6740_elf.lib : _printfi.c.obj (.text:_pconv_a)
                  007ec620    00000640     RADARDEMO_dopplerProc_utils.oe674 (.text:gen_twiddle_fft16x16_imre)
                  007ecc60    00000620     RADARDEMO_dopplerProc.oe674 (.text:RADARDEMO_dopplerProc_run)
                  007ed280    000005e0     libadcbuf_xwr18xx.ae674 : adcbuf_mmwave.oe674 (.text:ADCBUF_MMWave_control)
                  007ed860    000005e0     dss_data_path.oe674 (.text:MmwDemo_dataPathConfigEdma)
                  007ede40    000005e0     rts6740_elf.lib : divd.c.obj (.text:__c6xabi_divd)
                  007ee420    000005c0     dss_data_path.oe674 (.text:MmwDemo_interFrameProcessing)
                  007ee9e0    00000520     RADARDEMO_dopplerProc.oe674 (.text:RADARDEMO_dopplerProc_create)
                  007eef00    00000500     sysbios.ae674 : BIOS.obj (.text:ti_sysbios_knl_Semaphore_pend__E)
                  007ef400    000004e0     dss_main.oe674 (.text:main)
                  007ef8e0    000004c0     dss_data_path.oe674 (.text:MmwDemo_dataPathConfigBuffers)
                  007efda0    000004a0     RADARDEMO_clusteringDBscan3D.oe674 (.text:RADARDEMO_clusteringDBscanRun)
                  007f0240    00000480     sysbios.ae674 : BIOS.obj (.text:ti_sysbios_heaps_HeapMem_allocUnprotected__E)
                  007f06c0    00000460     RADARDEMO_aoaEstBF.oe674 (.text:RADARDEMO_aoaEstimationBF_create)
                  007f0b20    00000460     sysbios.ae674 : BIOS.obj (.text:ti_sysbios_heaps_HeapMem_freeUnprotected__E)
                  007f0f80    00000440     radarProcess.oe674 (.text:radarProcess_gernerateGTrackerInput)
                  007f13c0    00000420     libmailbox_xwr18xx.ae674 : mailbox.oe674 (.text:Mailbox_open)
                  007f17e0    00000420     sysbios.ae674 : BIOS.obj (.text:ti_sysbios_knl_Task_Instance_finalize__E)
                  007f1c00    00000400     rts6740_elf.lib : _printfi.c.obj (.text:_pconv_g)
                  007f2000    000003e0     radarProcess.oe674 (.text:radarFrameProcessRun)
                  007f23e0    000003a0     dsplib.ae674 : DSPF_sp_fftSPxSP.oe674 (.text:optimized)
                  007f2780    00000340     sysbios.ae674 : BIOS.obj (.text:ti_sysbios_knl_Task_Instance_init__E)
                  007f2ac0    00000320     dss_main.oe674 (.text:MRR_DSS_initTask)
                  007f2de0    00000320     dss_main.oe674 (.text:MRR_DSS_mmWaveTask)
                  007f3100    00000320     rts6740_elf.lib : cos.c.obj (.text:cos)
                  007f3420    00000320                     : fputs.c.obj (.text:fputs)
                  007f3740    000002e0     dss_main.oe674 (.text:MRR_DSS_SendProcessOutputToMSS)
                  007f3a20    000002e0     rts6740_elf.lib : sin.c.obj (.text:sin)
                  007f3d00    000002c0     libedma_xwr18xx.ae674 : edma.oe674 (.text:EDMA_configChannel)
                  007f3fc0    000002c0                           : edma.oe674 (.text:EDMA_configErrorMonitoring)
                  007f4280    000002a0                           : edma.oe674 (.text:EDMA_open)
                  007f4520    000002a0     rts6740_elf.lib : _printfi.c.obj (.text:_pconv_e)
                  007f47c0    000002a0                     : _printfi.c.obj (.text:fcvt)
                  007f4a60    00000280                     : divf.c.obj (.text:__c6xabi_divf)
                  007f4ce0    00000280     sysbios.ae674 : BIOS.obj (.text:ti_sysbios_knl_Clock_workFunc__E)
                  007f4f60    00000260     RADARDEMO_clusteringDBscan3D_priv.oe674 (.text:RADARDEMO_clusteringDBscan3D_calcInfo)
                  007f51c0    00000260     RADARDEMO_clusteringDBscan3D_priv.oe674 (.text:RADARDEMO_clusteringDBscan3D_calcInfoFixed)
                  007f5420    00000260     RADARDEMO_detectionCFAR.oe674 (.text:RADARDEMO_detectionCFAR_create)
                  007f5680    00000260     rts6740_elf.lib : imath64.c.obj (.text:__c6xabi_divull)
                  007f58e0    00000260     radarOsal_malloc.oe674 (.text:radarOsal_memAlloc)
                  007f5b40    00000260     ti.targets.rts6000.ae674 : Startup.oe674 (.text:xdc_runtime_Startup_startMods__I)
                  007f5da0    00000240     sysbios.ae674 : BIOS.obj (.text:ti_sysbios_knl_Task_schedule__I)
                  007f5fe0    00000240     ti.targets.rts6000.ae674 : Core-mem.oe674 (.text:xdc_runtime_Core_createObject__I)
                  007f6220    00000240     dss_pa_pe674.oe674 (.text:xdc_runtime_System_printfExtend__I)
                  007f6460    00000220     libedma_xwr18xx.ae674 : edma.oe674 (.text:EDMA_transferComplete_isr)
                  007f6680    00000220     libmailbox_xwr18xx.ae674 : mailbox.oe674 (.text:Mailbox_write)
                  007f68a0    00000220     sysbios.ae674 : BIOS.obj (.text:ti_sysbios_heaps_HeapMem_Instance_init__E)
                  007f6ac0    00000220                   : BIOS.obj (.text:ti_sysbios_utils_Load_updateThreadContexts__E)
                  007f6ce0    00000220     RADARDEMO_dopplerProc_utils.oe674 (.text:tw_gen_float)
                  007f6f00    00000200     dss_main.oe674 (.text:MmwDemo_edmaBlockCopy)
                  007f7100    00000200     rts6740_elf.lib : _printfi.c.obj (.text:_ltostr)
                  007f7300    00000200     sysbios.ae674 : c64p_Hwi_disp_always.obj (.text:_ti_sysbios_family_c64p_Hwi_dispatchAlways)
                  007f7500    00000200     rts6740_elf.lib : atan.c.obj (.text:atan)
                  007f7700    00000200     sysbios.ae674 : BIOS.obj (.text:ti_sysbios_family_c64p_Hwi_dispatchCore__I)
                  007f7900    00000200                   : BIOS.obj (.text:ti_sysbios_knl_Semaphore_post__E)
                  007f7b00    00000200     ti.targets.rts6000.ae674 : Error.oe674 (.text:xdc_runtime_Error_policyDefault__E)
                  007f7d00    000001e0     libedma_xwr18xx.ae674 : edma.oe674 (.text:EDMA_init)
                  007f7ee0    000001e0     sysbios.ae674 : BIOS.obj (.text:ti_sysbios_knl_Task_postInit__I)
                  007f80c0    000001e0                   : BIOS.obj (.text:ti_sysbios_knl_Task_startCore__E)
                  007f82a0    000001e0     ti.targets.rts6000.ae674 : Text.oe674 (.text:xdc_runtime_Text_putSite__E)
                  007f8480    000001c0     libmailbox_xwr18xx.ae674 : mailbox.oe674 (.text:Mailbox_read)
                  007f8640    000001c0     RADARDEMO_detectionCFAR.oe674 (.text:RADARDEMO_detectionCFAR_run)
                  007f8800    000001c0     rts6740_elf.lib : imath40.c.obj (.text:__c6xabi_divul)
                  007f89c0    000001c0                     : atan2.c.obj (.text:atan2)
                  007f8b80    000001c0                     : fputc.c.obj (.text:fputc)
                  007f8d40    000001c0                     : frexp.c.obj (.text:frexp)
                  007f8f00    000001c0                     : setvbuf.c.obj (.text:setvbuf)
                  007f90c0    000001c0     sysbios.ae674 : BIOS.obj (.text:ti_sysbios_timers_rti_Timer_getFreq__E)
                  007f9280    000001a0     libedma_xwr18xx.ae674 : edma.oe674 (.text:EDMA_paramConfig_assist)
                  007f9420    000001a0     rts6740_elf.lib : hostrename.c.obj (.text:HOSTrename)
                  007f95c0    000001a0                     : asin.c.obj (.text:asin)
                  007f9760    000001a0     sysbios.ae674 : BIOS.obj (.text:ti_sysbios_family_c64p_EventCombiner_dispatch__E)
                  007f9900    000001a0     ti.targets.rts6000.ae674 : Core-smem.oe674 (.text:xdc_runtime_Core_constructObject__I)
                  007f9aa0    00000180     libadcbuf_xwr18xx.ae674 : adcbuf_mmwave.oe674 (.text:ADCBUFCmdParamCheck)
                  007f9c20    00000180                             : adcbuf_mmwave.oe674 (.text:ADCBUF_MMWave_open)
                  007f9da0    00000180     dss_main.oe674 (.text:MRR_DSS_DataPathOutputLogging)
                  007f9f20    00000180     rts6740_elf.lib : ldexp.c.obj (.text:ldexp)
                  007fa0a0    00000180     sysbios.ae674 : c64p_Exception_asm.obj (.text)
                  007fa220    00000180                   : BIOS.obj (.text:ti_sysbios_family_c64p_Exception_internalHandler__I)
                  007fa3a0    00000180                   : BIOS.obj (.text:ti_sysbios_knl_Task_exit__E)
                  007fa520    00000180                   : BIOS.obj (.text:ti_sysbios_utils_Load_logLoads__I)
                  007fa6a0    00000180                   : BIOS.obj (.text:ti_sysbios_utils_Load_startup__E)
                  007fa820    00000160     libedma_xwr18xx.ae674 : edma.oe674 (.text:EDMA_getErrorStatusInfo)
                  007fa980    00000160     RADARDEMO_dopplerProc_priv.oe674 (.text:RADARDEMO_dopplerProcCRDCremoval)
                  007faae0    00000160     libsoc_xwr18xx.ae674 : soc.oe674 (.text:SOC_registerSysIntListener)
                  007fac40    00000160     rts6740_elf.lib : sqrt.c.obj (.text:sqrt)
                  007fada0    00000160     sysbios.ae674 : BIOS.obj (.text:ti_sysbios_knl_Task_checkStacks__E)
                  007faf00    00000160                   : BIOS.obj (.text:ti_sysbios_timers_rti_Timer_postInit__I)
                  007fb060    00000160                   : BIOS.obj (.text:ti_sysbios_utils_Load_idleFxn__E)
                  007fb1c0    00000160                   : BIOS.obj (.text:ti_sysbios_utils_Load_updateLoads__E)
                  007fb320    00000160     ti.targets.rts6000.ae674 : Text.oe674 (.text:xdc_runtime_Text_putMod__E)
                  007fb480    00000140     libedma_xwr18xx.ae674 : edma_low_level.oe674 (.text:EDMA3Init)
                  007fb5c0    00000140                           : edma.oe674 (.text:EDMA_clearErrors)
                  007fb700    00000140     dss_config_edma_util.oe674 (.text:EDMAutil_configType1)
                  007fb840    00000140     dss_config_edma_util.oe674 (.text:EDMAutil_configType2a)
                  007fb980    00000140     dss_config_edma_util.oe674 (.text:EDMAutil_configType3)
                  007fbac0    00000140     dss_data_path.oe674 (.text:MmwDemo_dataPathConfigFFTs)
                  007fbc00    00000140     sysbios.ae674 : BIOS.obj (.text:ti_sysbios_gates_GateMutex_enter__E)
                  007fbd40    00000140                   : BIOS.obj (.text:ti_sysbios_knl_Task_Module_startup__E)
                  007fbe80    00000140                   : BIOS.obj (.text:ti_sysbios_knl_Task_blockI__E)
                  007fbfc0    00000140                   : BIOS.obj (.text:ti_sysbios_timers_rti_Timer_Module_startup__E)
                  007fc100    00000140     ti.targets.rts6000.ae674 : Core-mem.oe674 (.text:xdc_runtime_Core_deleteObject__I)
                  007fc240    00000140                              : Text.oe674 (.text:xdc_runtime_Text_putLab__E)
                  007fc380    00000120     libadcbuf_xwr18xx.ae674 : adcbuf_mmwave.oe674 (.text:ADCBUF_MMWave_getChanBufAddr)
                  007fc4a0    00000120     libedma_xwr18xx.ae674 : edma.oe674 (.text:EDMA_configParamSet)
                  007fc5c0    00000120     RADARDEMO_clusteringDBscan3D_priv.oe674 (.text:RADARDEMO_clusteringDBscan3D_findNeighbors2)
                  007fc6e0    00000120     RADARDEMO_clusteringDBscan3D_priv.oe674 (.text:RADARDEMO_clusteringDBscan3D_findNeighbors2Fixed)
                  007fc800    00000120     libsoc_xwr18xx.ae674 : soc.oe674 (.text:SOC_init)
                  007fc920    00000120     boot.ae674 : autoinit.oe674 (.text:_auto_init_elf)
                  007fca40    00000120     rts6740_elf.lib : _printfi.c.obj (.text:_pconv_f)
                  007fcb60    00000120                     : getdevice.c.obj (.text:getdevice)
                  007fcc80    00000120     radarOsal_malloc.oe674 (.text:radarOsal_memInit)
                  007fcda0    00000120     sysbios.ae674 : BIOS.obj (.text:ti_sysbios_family_c64p_EventCombiner_disableEvent__E)
                  007fcec0    00000120                   : BIOS.obj (.text:ti_sysbios_family_c64p_EventCombiner_dispatchPlug__E)
                  007fcfe0    00000120                   : BIOS.obj (.text:ti_sysbios_family_c64p_EventCombiner_enableEvent__E)
                  007fd100    00000120                   : BIOS.obj (.text:ti_sysbios_knl_Semaphore_Instance_init__E)
                  007fd220    00000100     libmailbox_xwr18xx.ae674 : mailbox.oe674 (.text:Mailbox_readFlush)
                  007fd320    00000100     dss_main.oe674 (.text:MmwDemo_mboxReadProc)
                  007fd420    00000100     RADARDEMO_dopplerProc_priv.oe674 (.text:RADARDEMO_dopplerProcWin2DFxdpinFltOut)
                  007fd520    00000100     libsoc_xwr18xx.ae674 : soc_xwr18xx_dss.oe674 (.text:SOC_deviceInit)
                  007fd620    00000100                          : soc_xwr18xx.oe674 (.text:SOC_translateAddress)
                  007fd720    00000100     dss_main.oe674 (.text:_MmwDemo_dssAssert)
                  007fd820    00000100     rts6740_elf.lib : fclose.c.obj (.text:__TI_closefile)
                  007fd920    00000100                     : _printfi.c.obj (.text:_mcpy)
                  007fda20    00000100                     : atoi.c.obj (.text:atoi)
                  007fdb20    00000100                     : fflush.c.obj (.text:fflush)
                  007fdc20    00000100                     : fseek.c.obj (.text:fseek)
                  007fdd20    00000100     sysbios.ae674 : BIOS.obj (.text:ti_sysbios_knl_Task_unblockI__E)
                  007fde20    00000100                   : BIOS.obj (.text:ti_sysbios_timers_rti_Timer_initDevice__I)
                  007fdf20    00000100                   : BIOS.obj (.text:ti_sysbios_timers_rti_Timer_start__E)
                  007fe020    00000100     ti.targets.rts6000.ae674 : Error.oe674 (.text:xdc_runtime_Error_print__E)
                  007fe120    00000100                              : Memory.oe674 (.text:xdc_runtime_Memory_alloc__E)
                  007fe220    00000100                              : Startup.oe674 (.text:xdc_runtime_Startup_exec__E)
                  007fe320    000000e0     libedma_xwr18xx.ae674 : edma.oe674 (.text:EDMA_isTransferComplete)
                  007fe400    000000e0                           : edma.oe674 (.text:EDMA_transferController_error_isr)
                  007fe4e0    000000e0     dss_config_edma_util.oe674 (.text:EDMAutil_triggerType3)
                  007fe5c0    000000e0     rts6740_elf.lib : hostlseek.c.obj (.text:HOSTlseek)
                  007fe6a0    000000e0                     : hostopen.c.obj (.text:HOSTopen)
                  007fe780    000000e0                     : hostwrite.c.obj (.text:HOSTwrite)
                  007fe860    000000e0     libmailbox_xwr18xx.ae674 : mailbox.oe674 (.text:Mailbox_boxFullISRMssDss)
                  007fe940    000000e0                              : mailbox.oe674 (.text:Mailbox_init)
                  007fea20    000000e0     dss_data_path.oe674 (.text:MmwDemo_dataPathWait1DInputData)
                  007feb00    000000e0     dss_data_path.oe674 (.text:MmwDemo_dataPathWait1DOutputData)
                  007febe0    000000e0     RADARDEMO_clusteringDBscan3D.oe674 (.text:RADARDEMO_clusteringDBscanCreate)
                  007fecc0    000000e0     rts6740_elf.lib : _ltoa.c.obj (.text:__TI_ltoa)
                  007feda0    000000e0                     : _io_perm.c.obj (.text:__TI_wrt_ok)
                  007fee80    000000e0                     : close.c.obj (.text:close)
                  007fef60    000000e0                     : exit.c.obj (.text:exit)
                  007ff040    000000e0                     : memset.c.obj (.text:memset)
                  007ff120    000000e0                     : printf.c.obj (.text:printf)
                  007ff200    000000e0     sysbios.ae674 : BIOS.obj (.text:ti_sysbios_family_c64p_Cache_Module_startup__E)
                  007ff2e0    000000e0                   : BIOS.obj (.text:ti_sysbios_family_c64p_Cache_getL2InitSize__I)
                  007ff3c0    000000e0                   : BIOS.obj (.text:ti_sysbios_utils_Load_updateCurrentThreadTime__E)
                  007ff4a0    000000c0     libedma_xwr18xx.ae674 : edma.oe674 (.text:EDMA_error_isr)
                  007ff560    000000c0     dss_config_edma_util.oe674 (.text:EDMA_setup_shadow_link)
                  007ff620    000000c0     libedma_xwr18xx.ae674 : edma.oe674 (.text:EDMA_startDmaTransfer)
                  007ff6e0    000000c0     rts6740_elf.lib : hostread.c.obj (.text:HOSTread)
                  007ff7a0    000000c0                     : hostunlink.c.obj (.text:HOSTunlink)
                  007ff860    000000c0     libmailbox_xwr18xx.ae674 : mailbox.oe674 (.text:Mailbox_boxFullISRProcessing)
                  007ff920    000000c0     RADARDEMO_aoaEstBF_priv.oe674 (.text:RADARDEMO_aoaEstimationBFOnePoint)
                  007ff9e0    000000c0     rts6740_elf.lib : fflush.c.obj (.text:__TI_doflush)
                  007ffaa0    000000c0                     : divu.asm.obj (.text:__divu)
                  007ffb60    000000c0                     : modf.c.obj (.text:modf)
                  007ffc20    000000c0     sysbios.ae674 : BIOS.obj (.text:ti_sysbios_family_c64p_Cache_getL1DInitSize__I)
                  007ffce0    000000c0                   : BIOS.obj (.text:ti_sysbios_family_c64p_Cache_getL1PInitSize__I)
                  007ffda0    000000c0                   : BIOS.obj (.text:ti_sysbios_heaps_HeapMem_getStats__E)
                  007ffe60    000000c0                   : BIOS.obj (.text:ti_sysbios_knl_Clock_logTick__E)
                  007fff20    000000a0     libedma_xwr18xx.ae674 : edma_low_level.oe674 (.text:EDMA3EnableChInShadowReg)
                  007fffc0    00000010     dss_data_path.oe674 ($Tramp$S$$MmwDemo_waitEndOfChirps)
                  007fffd0    00000010     dss_data_path.oe674 ($Tramp$S$$MmwDemo_processChirp)
                  007fffe0    00000010     dss_data_path.oe674 ($Tramp$S$$MmwDemo_dataPathInitEdma)
                  007ffff0    00000010     --HOLE-- [fill = 00000000]

.text.2    0    00800000    000057a0     
                  00800000    000000c0     dss_pa_pe674.oe674 (.text:ti_sysbios_knl_Task_create)
                  008000c0    000000c0     sysbios.ae674 : BIOS.obj (.text:ti_sysbios_timers_rti_Timer_startup__E)
                  00800180    000000c0                   : BIOS.obj (.text:ti_sysbios_utils_Load_logCPULoad__I)
                  00800240    000000c0                   : BIOS.obj (.text:ti_sysbios_utils_Load_taskCreateHook__E)
                  00800300    000000c0                   : BIOS.obj (.text:ti_sysbios_utils_Load_taskSwitchHook__E)
                  008003c0    000000c0     rts6740_elf.lib : tls.c.obj (.text:tls:init:__TI_tls_init)
                  00800480    000000c0     ti.targets.rts6000.ae674 : Assert.oe674 (.text:xdc_runtime_Assert_raise__I)
                  00800540    000000c0                              : Error.oe674 (.text:xdc_runtime_Error_setX__E)
                  00800600    000000a0     libedma_xwr18xx.ae674 : edma.oe674 (.text:EDMA_disableChannel)
                  008006a0    000000a0                           : edma.oe674 (.text:EDMA_enableChannel)
                  00800740    000000a0     rts6740_elf.lib : hostclose.c.obj (.text:HOSTclose)
                  008007e0    000000a0     libmailbox_xwr18xx.ae674 : mailbox.oe674 (.text:Mailbox_boxEmptyISRProcessing)
                  00800880    000000a0     libsoc_xwr18xx.ae674 : soc.oe674 (.text:SOC_SystemISR)
                  00800920    000000a0     rts6740_elf.lib : fopen.c.obj (.text:__TI_cleanup)
                  008009c0    000000a0                     : fixfu.c.obj (.text:__c6xabi_fixfu)
                  00800a60    000000a0                     : round.c.obj (.text:__c6xabi_nround)
                  00800b00    000000a0                     : remu.asm.obj (.text:__remu)
                  00800ba0    000000a0     boot.ae674 : boot.oe674 (.text:_c_int00)
                  00800c40    000000a0     rts6740_elf.lib : _printfi.c.obj (.text:_ecpy)
                  00800ce0    000000a0     RADARDEMO_dopplerProc_utils.oe674 (.text:d2s)
                  00800d80    000000a0     rts6740_elf.lib : getdevice.c.obj (.text:finddevice)
                  00800e20    000000a0                     : memcpy64.asm.obj (.text:memcpy)
                  00800ec0    000000a0     radarProcess.oe674 (.text:radarDopplerProcessRun)
                  00800f60    000000a0     sysbios.ae674 : BIOS.obj (.text:ti_sysbios_family_c64p_Hwi_Module_startup__E)
                  00801000    000000a0                   : BIOS.obj (.text:ti_sysbios_family_c64p_Hwi_eventMap__E)
                  008010a0    000000a0                   : BIOS.obj (.text:ti_sysbios_heaps_HeapMem_alloc__E)
                  00801140    000000a0                   : BIOS.obj (.text:ti_sysbios_knl_Task_allBlockedFunction__I)
                  008011e0    000000a0                   : BIOS.obj (.text:ti_sysbios_timers_rti_Timer_setPeriodMicroSecs__E)
                  00801280    000000a0                   : BIOS.obj (.text:ti_sysbios_utils_Load_addTask__E)
                  00801320    000000a0                   : BIOS.obj (.text:ti_sysbios_utils_Load_taskDeleteHook__E)
                  008013c0    000000a0     ti.targets.rts6000.ae674 : Core-params.oe674 (.text:xdc_runtime_Core_assignParams__I)
                  00801460    000000a0                              : System.oe674 (.text:xdc_runtime_System_formatNum__I)
                  00801500    000000a0                              : System.oe674 (.text:xdc_runtime_System_putchar__I)
                  008015a0    000000a0                              : Text.oe674 (.text:xdc_runtime_Text_printVisFxn__I)
                  00801640    000000a0                              : Text.oe674 (.text:xdc_runtime_Text_xprintf__I)
                  008016e0    00000080     libadcbuf_xwr18xx.ae674 : ADCBuf.oe674 (.text:ADCBuf_init)
                  00801760    00000080     libedma_xwr18xx.ae674 : edma_low_level.oe674 (.text:EDMA3MapChToEvtQ)
                  008017e0    00000080                           : edma.oe674 (.text:EDMA_getTransferControllerErrorStatusInfo)
                  00801860    00000080                           : edma.oe674 (.text:EDMA_linkParamSets)
                  008018e0    00000080     dss_data_path.oe674 (.text:MmwDemo_edmaTransferControllerErrorCallbackFxn)
                  00801960    00000080     libosal_xwr18xx.ae674 : SemaphoreP_tirtos.oe674 (.text:SemaphoreP_create)
                  008019e0    00000080     rts6740_elf.lib : trgmsg.c.obj (.text:__TI_readmsg)
                  00801a60    00000080                     : llshift.c.obj (.text:__c6xabi_llshl)
                  00801ae0    00000080     sysbios.ae674 : c62_TaskSupport_asm.obj (.text:_ti_sysbios_family_c62_TaskSupport_swap__E)
                  00801b60    00000080     dss_pa_pe674.oe674 (.text:ti_sysbios_BIOS_atExitFunc__I)
                  00801be0    00000080     dss_pa_pe674.oe674 (.text:ti_sysbios_BIOS_registerRTSLock__I)
                  00801c60    00000080     sysbios.ae674 : BIOS.obj (.text:ti_sysbios_family_c64p_Cache_marInit__I)
                  00801ce0    00000080                   : BIOS.obj (.text:ti_sysbios_family_c64p_Exception_Module_startup__E)
                  00801d60    00000080                   : BIOS.obj (.text:ti_sysbios_family_c64p_Hwi_getStackInfo__E)
                  00801de0    00000080     dss_pa_pe674.oe674 (.text:ti_sysbios_gates_GateHwi_Object__create__S)
                  00801e60    00000080     dss_pa_pe674.oe674 (.text:ti_sysbios_gates_GateMutex_Object__create__S)
                  00801ee0    00000080     sysbios.ae674 : BIOS.obj (.text:ti_sysbios_hal_Hwi_checkStack)
                  00801f60    00000080                   : BIOS.obj (.text:ti_sysbios_hal_Hwi_initStack)
                  00801fe0    00000080     dss_pa_pe674.oe674 (.text:ti_sysbios_heaps_HeapMem_Object__create__S)
                  00802060    00000080     sysbios.ae674 : BIOS.obj (.text:ti_sysbios_heaps_HeapMem_free__E)
                  008020e0    00000080                   : BIOS.obj (.text:ti_sysbios_heaps_HeapMem_init__I)
                  00802160    00000080     dss_pa_pe674.oe674 (.text:ti_sysbios_knl_Clock_doTick__I)
                  008021e0    00000080     sysbios.ae674 : BIOS.obj (.text:ti_sysbios_knl_Idle_run__E)
                  00802260    00000080     dss_pa_pe674.oe674 (.text:ti_sysbios_knl_Semaphore_create)
                  008022e0    00000080     sysbios.ae674 : BIOS.obj (.text:ti_sysbios_knl_Task_processVitalTaskFlag__I)
                  00802360    00000080     dss_pa_pe674.oe674 (.text:ti_sysbios_rts_MemAlloc_alloc)
                  008023e0    00000080     sysbios.ae674 : BIOS.obj (.text:ti_sysbios_timers_rti_Timer_setPeriod__E)
                  00802460    00000080                   : BIOS.obj (.text:ti_sysbios_timers_rti_Timer_stop__E)
                  008024e0    00000080                   : BIOS.obj (.text:ti_sysbios_utils_Load_removeTask__E)
                  00802560    00000080     rts6740_elf.lib : unlink.c.obj (.text:unlink)
                  008025e0    00000080     ti.targets.rts6000.ae674 : Core-label.oe674 (.text:xdc_runtime_Core_assignLabel__I)
                  00802660    00000080                              : SysStd.oe674 (.text:xdc_runtime_SysStd_abort__E)
                  008026e0    00000080                              : System.oe674 (.text:xdc_runtime_System_atexit__E)
                  00802760    00000080                              : System.oe674 (.text:xdc_runtime_System_avprintf__E)
                  008027e0    00000080                              : System.oe674 (.text:xdc_runtime_System_processAtExit__E)
                  00802860    00000080                              : System.oe674 (.text:xdc_runtime_System_vprintf__E)
                  008028e0    00000060     libadcbuf_xwr18xx.ae674 : adcbuf_mmwave.oe674 (.text:ADCBUF_MMWave_close)
                  00802940    00000060                             : ADCBuf.oe674 (.text:ADCBuf_open)
                  008029a0    00000060     libedma_xwr18xx.ae674 : edma_low_level.oe674 (.text:EDMA3ClrEvt)
                  00802a00    00000060                           : edma_low_level.oe674 (.text:EDMA3ClrIntr)
                  00802a60    00000060                           : edma_low_level.oe674 (.text:EDMA3ClrMissEvt)
                  00802ac0    00000060                           : edma_low_level.oe674 (.text:EDMA3DisableEvtIntr)
                  00802b20    00000060                           : edma_low_level.oe674 (.text:EDMA3EnableDmaEvt)
                  00802b80    00000060                           : edma_low_level.oe674 (.text:EDMA3EnableEvtIntr)
                  00802be0    00000060                           : edma_low_level.oe674 (.text:EDMA3SetEvt)
                  00802c40    00000060                           : edma.oe674 (.text:EDMA_configTransferControllerError)
                  00802ca0    00000060                           : edma.oe674 (.text:EDMA_isError)
                  00802d00    00000060                           : edma.oe674 (.text:EDMA_setDestinationAddress)
                  00802d60    00000060                           : edma.oe674 (.text:EDMA_setSourceAddress)
                  00802dc0    00000060                           : edma.oe674 (.text:EDMA_validate_channelIdchannelType)
                  00802e20    00000060     libmailbox_xwr18xx.ae674 : mailbox.oe674 (.text:Mailbox_Config_init)
                  00802e80    00000060     libsoc_xwr18xx.ae674 : soc.oe674 (.text:SOC_unhaltBSS)
                  00802ee0    00000060     rts6740_elf.lib : trgmsg.c.obj (.text:__TI_writemsg)
                  00802f40    00000060                     : llshift.c.obj (.text:__c6xabi_llshru)
                  00802fa0    00000060                     : imath64.c.obj (.text:_subcull)
                  00803000    00000060     sysbios.ae674 : c64p_Hwi_asm_switch.obj (.text:_ti_sysbios_family_c64p_Hwi_switchAndDispatch__I)
                  00803060    00000060     cycle_measure.oe674 (.text:cache_setMar)
                  008030c0    00000060     rts6740_elf.lib : lseek.c.obj (.text:lseek)
                  00803120    00000060                     : memccpy.c.obj (.text:memccpy)
                  00803180    00000060     dss_pa_pe674.oe674 (.text:ti_sysbios_BIOS_errorRaiseHook__I)
                  008031e0    00000060     dss_pa_pe674.oe674 (.text:ti_sysbios_BIOS_removeRTSLock__I)
                  00803240    00000060     dss_pa_pe674.oe674 (.text:ti_sysbios_BIOS_startFunc__I)
                  008032a0    00000060     sysbios.ae674 : BIOS.obj (.text:ti_sysbios_family_c62_TaskSupport_start__E)
                  00803300    00000060                   : BIOS.obj (.text:ti_sysbios_family_c64p_Cache_setMar__E)
                  00803360    00000060                   : BIOS.obj (.text:ti_sysbios_family_c64p_Cache_setSize__E)
                  008033c0    00000060                   : BIOS.obj (.text:ti_sysbios_family_c64p_EventCombiner_Module_startup__E)
                  00803420    00000060                   : BIOS.obj (.text:ti_sysbios_family_c64p_EventCombiner_unused__E)
                  00803480    00000060     dss_pa_pe674.oe674 (.text:ti_sysbios_gates_GateMutex_Object__delete__S)
                  008034e0    00000060     sysbios.ae674 : BIOS.obj (.text:ti_sysbios_knl_Clock_Module_startup__E)
                  00803540    00000060     dss_pa_pe674.oe674 (.text:ti_sysbios_knl_Queue_construct)
                  008035a0    00000060     dss_pa_pe674.oe674 (.text:ti_sysbios_knl_Semaphore_construct)
                  00803600    00000060     sysbios.ae674 : BIOS.obj (.text:ti_sysbios_knl_Task_enter__I)
                  00803660    00000060                   : BIOS.obj (.text:ti_sysbios_knl_Task_getMode__E)
                  008036c0    00000060                   : BIOS.obj (.text:ti_sysbios_knl_Task_restoreHwi__E)
                  00803720    00000060                   : BIOS.obj (.text:ti_sysbios_knl_Task_restore__E)
                  00803780    00000060     rts6740_elf.lib : write.c.obj (.text:write)
                  008037e0    00000060     ti.targets.rts6000.ae674 : Memory.oe674 (.text:xdc_runtime_Memory_valloc__E)
                  00803840    00000060                              : Text.oe674 (.text:xdc_runtime_Text_cordText__E)
                  008038a0    00000040     libadcbuf_xwr18xx.ae674 : adcbuf_mmwave.oe674 (.text:ADCBUFContinuousModeCtrl)
                  008038e0    00000040                             : adcbuf_mmwave.oe674 (.text:ADCBUFSetPingNumChirpThreshhold)
                  00803920    00000040                             : adcbuf_mmwave.oe674 (.text:ADCBUFSetPongNumChirpThreshhold)
                  00803960    00000040                             : adcbuf_mmwave.oe674 (.text:ADCBUFSrcSelect)
                  008039a0    00000040                             : adcbuf_mmwave.oe674 (.text:CSL_FEXTR)
                  008039e0    00000040     libsoc_xwr18xx.ae674 : soc.oe674 (.text:CSL_FEXTR)
                  00803a20    00000040     libadcbuf_xwr18xx.ae674 : adcbuf_mmwave.oe674 (.text:CSL_FINSR)
                  00803a60    00000040     libmailbox_xwr18xx.ae674 : mailbox.oe674 (.text:CSL_FINSR)
                  00803aa0    00000040     libsoc_xwr18xx.ae674 : soc.oe674 (.text:CSL_FINSR)
                  00803ae0    00000040                          : soc_xwr18xx_dss.oe674 (.text:CSL_FINSR)
                  00803b20    00000040     libedma_xwr18xx.ae674 : edma_low_level.oe674 (.text:EDMA3DisableDmaEvt)
                  00803b60    00000040                           : edma_low_level.oe674 (.text:EDMA3MapQdmaChToPaRAM)
                  00803ba0    00000040                           : edma_low_level.oe674 (.text:EDMA3SetPaRAM)
                  00803be0    00000040                           : edma_low_level.oe674 (.text:EDMA3SetQdmaTrigWord)
                  00803c20    00000040     libosal_xwr18xx.ae674 : HwiP_tirtos.oe674 (.text:HwiP_create)
                  00803c60    00000040     dss_main.oe674 (.text:MRR_DSS_chirpIntCallback)
                  00803ca0    00000040     dss_main.oe674 (.text:MRR_DSS_frameStartIntCallback)
                  00803ce0    00000040     libmailbox_xwr18xx.ae674 : mailbox.oe674 (.text:Mailbox_boxEmptyISRBss)
                  00803d20    00000040                              : mailbox.oe674 (.text:Mailbox_boxEmptyISRMssDss)
                  00803d60    00000040                              : mailbox.oe674 (.text:Mailbox_boxFullISRBss)
                  00803da0    00000040     dss_data_path.oe674 (.text:MmwDemo_dataPathInit1Dstate)
                  00803de0    00000040     dss_data_path.oe674 (.text:MmwDemo_edmaErrorCallbackFxn)
                  00803e20    00000040     libsoc_xwr18xx.ae674 : soc_xwr18xx_dss.oe674 (.text:SOC_getInAddr_LUTType)
                  00803e60    00000040                          : soc_xwr18xx_dss.oe674 (.text:SOC_getOutAddr_LUTType)
                  00803ea0    00000040     rts6740_elf.lib : frcmpyd_div.c.obj (.text:__TI_frcmpyd_div)
                  00803ee0    00000040                     : isinf.c.obj (.text:__c6xabi_isinf)
                  00803f20    00000040                     : _printfi.c.obj (.text:__c6xabi_isnan)
                  00803f60    00000040                     : args_main.c.obj (.text:_args_main)
                  00803fa0    00000040     sysbios.ae674 : c62_TaskSupport_asm.obj (.text:_ti_sysbios_family_c62_TaskSupport_buildTaskStack)
                  00803fe0    00000040     dss_pa_pe674.oe674 (.text:free)
                  00804020    00000040     dss_pa_pe674.oe674 (.text:ti_sysbios_BIOS_exitFunc__I)
                  00804060    00000040     dss_pa_pe674.oe674 (.text:ti_sysbios_BIOS_rtsLock__I)
                  008040a0    00000040     dss_pa_pe674.oe674 (.text:ti_sysbios_BIOS_rtsUnlock__I)
                  008040e0    00000040     sysbios.ae674 : BIOS.obj (.text:ti_sysbios_family_c64p_Exception_externalHandler__I)
                  00804120    00000040                   : BIOS.obj (.text:ti_sysbios_family_c64p_Exception_nmiHandler__I)
                  00804160    00000040                   : BIOS.obj (.text:ti_sysbios_family_c64p_Hwi_disableIER__E)
                  008041a0    00000040                   : BIOS.obj (.text:ti_sysbios_family_c64p_Hwi_dispatchC__I)
                  008041e0    00000040                   : BIOS.obj (.text:ti_sysbios_family_c64p_Hwi_enableIER__E)
                  00804220    00000040                   : BIOS.obj (.text:ti_sysbios_family_c64p_Hwi_getEventId__E)
                  00804260    00000040     dss_pa_pe674.oe674 (.text:ti_sysbios_gates_GateHwi_Handle__label__S)
                  008042a0    00000040     dss_pa_pe674.oe674 (.text:ti_sysbios_gates_GateHwi_Object__delete__S)
                  008042e0    00000040     dss_pa_pe674.oe674 (.text:ti_sysbios_gates_GateMutex_Handle__label__S)
                  00804320    00000040     sysbios.ae674 : BIOS.obj (.text:ti_sysbios_gates_GateMutex_Instance_finalize__E)
                  00804360    00000040                   : BIOS.obj (.text:ti_sysbios_gates_GateMutex_Instance_init__E)
                  008043a0    00000040                   : BIOS.obj (.text:ti_sysbios_gates_GateMutex_leave__E)
                  008043e0    00000040     dss_pa_pe674.oe674 (.text:ti_sysbios_heaps_HeapMem_Handle__label__S)
                  00804420    00000040     dss_pa_pe674.oe674 (.text:ti_sysbios_heaps_HeapMem_Object__delete__S)
                  00804460    00000040     dss_pa_pe674.oe674 (.text:ti_sysbios_heaps_HeapMem_Object__get__S)
                  008044a0    00000040     sysbios.ae674 : BIOS.obj (.text:ti_sysbios_knl_Clock_addI__E)
                  008044e0    00000040                   : BIOS.obj (.text:ti_sysbios_knl_Semaphore_Instance_finalize__E)
                  00804520    00000040     dss_pa_pe674.oe674 (.text:ti_sysbios_knl_Semaphore_destruct)
                  00804560    00000040     sysbios.ae674 : BIOS.obj (.text:ti_sysbios_knl_Semaphore_pendTimeout__I)
                  008045a0    00000040     dss_pa_pe674.oe674 (.text:ti_sysbios_knl_Task_Object__get__S)
                  008045e0    00000040     sysbios.ae674 : BIOS.obj (.text:ti_sysbios_knl_Task_unblock__E)
                  00804620    00000040                   : BIOS.obj (.text:ti_sysbios_timers_rti_Timer_ackInterrupt__E)
                  00804660    00000040                   : BIOS.obj (.text:ti_sysbios_timers_rti_Timer_checkOverflow__I)
                  008046a0    00000040                   : BIOS.obj (.text:ti_sysbios_utils_Load_getTaskLoad__E)
                  008046e0    00000040     rts6740_elf.lib : wcslen.c.obj (.text:wcslen)
                  00804720    00000040     ti.targets.rts6000.ae674 : Error.oe674 (.text:xdc_runtime_Error_check__E)
                  00804760    00000040                              : Error.oe674 (.text:xdc_runtime_Error_init__E)
                  008047a0    00000040                              : Registry.oe674 (.text:xdc_runtime_Registry_findById__E)
                  008047e0    00000040                              : System.oe674 (.text:xdc_runtime_System_abort__E)
                  00804820    00000040     dss_pa_pe674.oe674 (.text:xdc_runtime_System_aprintf__E)
                  00804860    00000040     ti.targets.rts6000.ae674 : System.oe674 (.text:xdc_runtime_System_exit__E)
                  008048a0    00000040     dss_pa_pe674.oe674 (.text:xdc_runtime_System_printf__E)
                  008048e0    00000020     libadcbuf_xwr18xx.ae674 : adcbuf_mmwave.oe674 (.text:ADCBUF_MMWave_init)
                  00804900    00000020                             : ADCBuf.oe674 (.text:ADCBuf_Params_init)
                  00804920    00000020                             : ADCBuf.oe674 (.text:ADCBuf_control)
                  00804940    00000020     libedma_xwr18xx.ae674 : edma_low_level.oe674 (.text:EDMA3ChannelToParamMap)
                  00804960    00000020                           : edma_low_level.oe674 (.text:EDMA3ClrCCErr)
                  00804980    00000020                           : edma_low_level.oe674 (.text:EDMA3DisableQdmaEvt)
                  008049a0    00000020                           : edma_low_level.oe674 (.text:EDMA3EnableQdmaEvt)
                  008049c0    00000020                           : edma_low_level.oe674 (.text:EDMA3ErrIntrHighStatusGet)
                  008049e0    00000020                           : edma_low_level.oe674 (.text:EDMA3GetCCErrStatus)
                  00804a00    00000020                           : edma_low_level.oe674 (.text:EDMA3GetErrIntrStatus)
                  00804a20    00000020                           : edma_low_level.oe674 (.text:EDMA3GetIntrStatus)
                  00804a40    00000020                           : edma_low_level.oe674 (.text:EDMA3IntrStatusHighGet)
                  00804a60    00000020                           : edma_low_level.oe674 (.text:EDMA3QdmaClrMissEvt)
                  00804a80    00000020                           : edma_low_level.oe674 (.text:EDMA3QdmaGetErrIntrStatus)
                  00804aa0    00000020                           : edma.oe674 (.text:EDMA_getNumInstances)
                  00804ac0    00000020                           : edma_low_level.oe674 (.text:EDMAsetRegion)
                  00804ae0    00000020     libosal_xwr18xx.ae674 : HwiP_tirtos.oe674 (.text:HwiP_Params_init)
                  00804b00    00000020                           : HwiP_tirtos.oe674 (.text:HwiP_disable)
                  00804b20    00000020                           : HwiP_tirtos.oe674 (.text:HwiP_disableInterrupt)
                  00804b40    00000020                           : HwiP_tirtos.oe674 (.text:HwiP_enableInterrupt)
                  00804b60    00000020                           : HwiP_tirtos.oe674 (.text:HwiP_restore)
                  00804b80    00000020                           : MemoryP_tirtos.oe674 (.text:MemoryP_ctrlAlloc)
                  00804ba0    00000020                           : MemoryP_tirtos.oe674 (.text:MemoryP_ctrlFree)
                  00804bc0    00000020     dss_main.oe674 (.text:MmwDemo_mboxCallback)
                  00804be0    00000020     dss_main.oe674 (.text:MmwDemo_sleep)
                  00804c00    00000020     libosal_xwr18xx.ae674 : SemaphoreP_tirtos.oe674 (.text:SemaphoreP_Params_init)
                  00804c20    00000020                           : SemaphoreP_tirtos.oe674 (.text:SemaphoreP_pend)
                  00804c40    00000020                           : SemaphoreP_tirtos.oe674 (.text:SemaphoreP_post)
                  00804c60    00000020                           : DebugP_tirtos.oe674 (.text:_DebugP_assert)
                  00804c80    00000020     rts6740_elf.lib : errno.c.obj (.text:__c6xabi_errno_addr)
                  00804ca0    00000020                     : trunc.c.obj (.text:__c6xabi_trunc)
                  00804cc0    00000020                     : push.asm.obj (.text:__pop_rts)
                  00804ce0    00000020                     : push.asm.obj (.text:__push_rts)
                  00804d00    00000020                     : _lock.c.obj (.text:_nop)
                  00804d20    00000020                     : printf.c.obj (.text:_outc)
                  00804d40    00000020                     : printf.c.obj (.text:_outs)
                  00804d60    00000020                     : _lock.c.obj (.text:_register_lock)
                  00804d80    00000020                     : _lock.c.obj (.text:_register_unlock)
                  00804da0    00000020                     : signbit.c.obj (.text:_signbit)
                  00804dc0    00000020     sysbios.ae674 : c62_TaskSupport_asm.obj (.text:_ti_sysbios_family_c62_TaskSupport_glue)
                  00804de0    00000020     rts6740_elf.lib : exit.c.obj (.text:abort)
                  00804e00    00000020     cycle_measure.oe674 (.text:cache_setL2Size)
                  00804e20    00000020     cycle_measure.oe674 (.text:cache_wbInvAllL2Wait)
                  00804e40    00000020     rts6740_elf.lib : fputc.c.obj (.text:putchar)
                  00804e60    00000020     radarOsal_malloc.oe674 (.text:radarOsal_memDeInit)
                  00804e80    00000020     cycle_measure.oe674 (.text:ranClock)
                  00804ea0    00000020     cycle_measure.oe674 (.text:startClock)
                  00804ec0    00000020     dss_pa_pe674.oe674 (.text:ti_sysbios_BIOS_RtsGateProxy_enter__E)
                  00804ee0    00000020     dss_pa_pe674.oe674 (.text:ti_sysbios_BIOS_RtsGateProxy_leave__E)
                  00804f00    00000020     sysbios.ae674 : BIOS.obj (.text:ti_sysbios_BIOS_getCpuFreq__E)
                  00804f20    00000020                   : BIOS.obj (.text:ti_sysbios_BIOS_linkedWithIncorrectBootLibrary__E)
                  00804f40    00000020     dss_pa_pe674.oe674 (.text:ti_sysbios_BIOS_nullFunc__I)
                  00804f60    00000020     sysbios.ae674 : BIOS.obj (.text:ti_sysbios_BIOS_setThreadType__E)
                  00804f80    00000020                   : BIOS.obj (.text:ti_sysbios_BIOS_start__E)
                  00804fa0    00000020     dss_pa_pe674.oe674 (.text:ti_sysbios_family_c62_TaskSupport_Module__startupDone__S)
                  00804fc0    00000020     sysbios.ae674 : BIOS.obj (.text:ti_sysbios_family_c62_TaskSupport_checkStack__E)
                  00804fe0    00000020                   : BIOS.obj (.text:ti_sysbios_family_c62_TaskSupport_getStackAlignment__E)
                  00805000    00000020     dss_pa_pe674.oe674 (.text:ti_sysbios_family_c64p_Hwi_Module__startupDone__F)
                  00805020    00000020     sysbios.ae674 : BIOS.obj (.text:ti_sysbios_family_c64p_Hwi_clearInterrupt__E)
                  00805040    00000020                   : BIOS.obj (.text:ti_sysbios_family_c64p_Hwi_disableInterrupt__E)
                  00805060    00000020                   : BIOS.obj (.text:ti_sysbios_family_c64p_Hwi_enableInterrupt__E)
                  00805080    00000020                   : BIOS.obj (.text:ti_sysbios_family_c64p_Hwi_getIsrStackAddress__I)
                  008050a0    00000020                   : BIOS.obj (.text:ti_sysbios_family_c64p_Hwi_startup__E)
                  008050c0    00000020                   : BIOS.obj (.text:ti_sysbios_family_c64p_Hwi_switchFromBootStack__E)
                  008050e0    00000020                   : BIOS.obj (.text:ti_sysbios_family_c64p_TimestampProvider_Module_startup__E)
                  00805100    00000020                   : BIOS.obj (.text:ti_sysbios_family_c64p_TimestampProvider_get32__E)
                  00805120    00000020                   : BIOS.obj (.text:ti_sysbios_gates_GateHwi_Instance_init__E)
                  00805140    00000020                   : BIOS.obj (.text:ti_sysbios_gates_GateHwi_enter__E)
                  00805160    00000020                   : BIOS.obj (.text:ti_sysbios_gates_GateHwi_leave__E)
                  00805180    00000020                   : BIOS.obj (.text:ti_sysbios_gates_GateHwi_query__E)
                  008051a0    00000020                   : BIOS.obj (.text:ti_sysbios_gates_GateMutex_query__E)
                  008051c0    00000020                   : BIOS.obj (.text:ti_sysbios_hal_Hwi_Module_startup__E)
                  008051e0    00000020     dss_pa_pe674.oe674 (.text:ti_sysbios_heaps_HeapMem_Module_GateProxy_enter__E)
                  00805200    00000020     dss_pa_pe674.oe674 (.text:ti_sysbios_heaps_HeapMem_Module_GateProxy_leave__E)
                  00805220    00000020     sysbios.ae674 : BIOS.obj (.text:ti_sysbios_heaps_HeapMem_isBlocking__E)
                  00805240    00000020                   : BIOS.obj (.text:ti_sysbios_heaps_HeapMem_restore__E)
                  00805260    00000020     dss_pa_pe674.oe674 (.text:ti_sysbios_knl_Clock_TimerProxy_getMaxTicks__E)
                  00805280    00000020     sysbios.ae674 : BIOS.obj (.text:ti_sysbios_knl_Clock_removeI__E)
                  008052a0    00000020                   : BIOS.obj (.text:ti_sysbios_knl_Clock_startI__E)
                  008052c0    00000020                   : BIOS.obj (.text:ti_sysbios_knl_Idle_loop__E)
                  008052e0    00000020                   : BIOS.obj (.text:ti_sysbios_knl_Queue_Instance_init__E)
                  00805300    00000020     dss_pa_pe674.oe674 (.text:ti_sysbios_knl_Queue_Object__get__S)
                  00805320    00000020     sysbios.ae674 : BIOS.obj (.text:ti_sysbios_knl_Queue_dequeue__E)
                  00805340    00000020     dss_pa_pe674.oe674 (.text:ti_sysbios_knl_Queue_destruct)
                  00805360    00000020     sysbios.ae674 : BIOS.obj (.text:ti_sysbios_knl_Queue_empty__E)
                  00805380    00000020                   : BIOS.obj (.text:ti_sysbios_knl_Queue_enqueue__E)
                  008053a0    00000020                   : BIOS.obj (.text:ti_sysbios_knl_Queue_put__E)
                  008053c0    00000020                   : BIOS.obj (.text:ti_sysbios_knl_Queue_remove__E)
                  008053e0    00000020     dss_pa_pe674.oe674 (.text:ti_sysbios_knl_Semaphore_Params__init__S)
                  00805400    00000020     dss_pa_pe674.oe674 (.text:ti_sysbios_knl_Task_Params__init__S)
                  00805420    00000020     sysbios.ae674 : BIOS.obj (.text:ti_sysbios_knl_Task_disable__E)
                  00805440    00000020                   : BIOS.obj (.text:ti_sysbios_knl_Task_enabled__E)
                  00805460    00000020                   : BIOS.obj (.text:ti_sysbios_knl_Task_startup__E)
                  00805480    00000020     dss_pa_pe674.oe674 (.text:ti_sysbios_timers_rti_Timer_Module__startupDone__F)
                  008054a0    00000020     sysbios.ae674 : BIOS.obj (.text:ti_sysbios_timers_rti_Timer_getMaxTicks__E)
                  008054c0    00000020                   : BIOS.obj (.text:ti_sysbios_timers_rti_Timer_periodicStub__E)
                  008054e0    00000020                   : BIOS.obj (.text:ti_sysbios_utils_Load_taskRegHook__E)
                  00805500    00000020     ti.targets.rts6000.ae674 : Error.oe674 (.text:xdc_runtime_Error_getSite__E)
                  00805520    00000020                              : Error.oe674 (.text:xdc_runtime_Error_raiseX__E)
                  00805540    00000020                              : Gate.oe674 (.text:xdc_runtime_Gate_enterSystem__E)
                  00805560    00000020                              : Gate.oe674 (.text:xdc_runtime_Gate_leaveSystem__E)
                  00805580    00000020     dss_pa_pe674.oe674 (.text:xdc_runtime_IHeap_alloc)
                  008055a0    00000020     dss_pa_pe674.oe674 (.text:xdc_runtime_IHeap_free)
                  008055c0    00000020     ti.targets.rts6000.ae674 : Memory.oe674 (.text:xdc_runtime_Memory_calloc__E)
                  008055e0    00000020                              : Memory.oe674 (.text:xdc_runtime_Memory_free__E)
                  00805600    00000020                              : Memory.oe674 (.text:xdc_runtime_Memory_getMaxDefaultTypeAlign__E)
                  00805620    00000020     dss_pa_pe674.oe674 (.text:xdc_runtime_Startup_exec__I)
                  00805640    00000020     dss_pa_pe674.oe674 (.text:xdc_runtime_Startup_reset__I)
                  00805660    00000020     ti.targets.rts6000.ae674 : Startup.oe674 (.text:xdc_runtime_Startup_rtsDone__E)
                  00805680    00000020                              : SysStd.oe674 (.text:xdc_runtime_SysStd_exit__E)
                  008056a0    00000020                              : SysStd.oe674 (.text:xdc_runtime_SysStd_putch__E)
                  008056c0    00000020                              : SysStd.oe674 (.text:xdc_runtime_SysStd_ready__E)
                  008056e0    00000020     dss_pa_pe674.oe674 (.text:xdc_runtime_System_Module_GateProxy_enter__E)
                  00805700    00000020     dss_pa_pe674.oe674 (.text:xdc_runtime_System_Module_GateProxy_leave__E)
                  00805720    00000020     ti.targets.rts6000.ae674 : System.oe674 (.text:xdc_runtime_System_Module_startup__E)
                  00805740    00000020                              : System.oe674 (.text:xdc_runtime_System_vsnprintf__E)
                  00805760    00000020                              : Text.oe674 (.text:xdc_runtime_Text_ropeText__E)
                  00805780    00000020     dss_pa_pe674.oe674 (.text:xdc_runtime_Text_visitRope__I)

.l2data    0    008057a0    0000f000     UNINITIALIZED
                  008057a0    0000f000     dss_data_path.oe674 (.l2data)

systemHeap 
*          0    008147a0    00004000     UNINITIALIZED
                  008147a0    00004000     dss_pa_pe674.oe674 (systemHeap)

.stack     0    0081d9d8    00000800     UNINITIALIZED
                  0081d9d8    00000008     boot.ae674 : boot.oe674 (.stack)
                  0081d9e0    000007f8     --HOLE--

.neardata 
*          0    0081e3d0    00000008     
                  0081e3d0    00000004     libadcbuf_xwr18xx.ae674 : ADCBuf.oe674 (.neardata)
                  0081e3d4    00000004     libedma_xwr18xx.ae674 : edma_low_level.oe674 (.neardata)

.cinit     0    00800000    00000000     UNINITIALIZED

.far       0    008187a0    00002de4     UNINITIALIZED
                  008187a0    00002000     (.common:gMmwL2Scratch)
                  0081a7a0    000004d8     libedma_xwr18xx.ae674 : edma.oe674 (.far:EDMA_object)
                  0081ac78    00000400     (.common:gMrrDSSMCB)
                  0081b078    00000320     dss_pa_pe674.oe674 (.far:taskStackSection)
                  0081b398    00000140     (.common:__TI_tmpnams)
                  0081b4d8    00000070     (.common:gRadarOsal_heapObj)
                  0081b548    00000020     (.common:gCycleLog)
                  0081b568    00000010     (.common:edmaDbg)
                  0081b578    00000008     (.common:parmbuf)
                  0081b580    00000004     (.common:ti_sysbios_knl_Task_Instance_State_0_hookEnv__A)

.const     0    0081b588    000014a1     
                  0081b588    00000518     sysbios.ae674 : BIOS.obj (.const:.string)
                  0081baa0    00000300     radarOsal_malloc.oe674 (.const:.string)
                  0081bda0    000001c8     radarProcess.oe674 (.const:.string)
                  0081bf68    00000134     dss_data_path.oe674 (.const:.string)
                  0081c09c    00000004     ti.targets.rts6000.ae674 : Assert.oe674 (.const:.string)
                  0081c0a0    00000101     rts6740_elf.lib : ctype.c.obj (.const:.string:_ctypes_)
                  0081c1a1    00000001     --HOLE-- [fill = 0]
                  0081c1a2    00000002     dss_pa_pe674.oe674 (.const:ti_sysbios_family_c64p_Cache_Module__id__C)
                  0081c1a4    00000074     dss_pa_pe674.oe674 (.const:.string)
                  0081c218    00000058     libedma_xwr18xx.ae674 : edma.oe674 (.const:.string)
                  0081c270    00000058     ti.targets.rts6000.ae674 : Error.oe674 (.const:.string)
                  0081c2c8    0000004c     libmailbox_xwr18xx.ae674 : mailbox.oe674 (.const:.string)
                  0081c314    00000044     dss_main.oe674 (.const:.string)
                  0081c358    00000044     dss_pa_pe674.oe674 (.const:ti_sysbios_knl_Task_Object__PARAMS__C)
                  0081c39c    00000040     ti.targets.rts6000.ae674 : Text.oe674 (.const:.string)
                  0081c3dc    0000003c     libsoc_xwr18xx.ae674 : soc_xwr18xx_dss.oe674 (.const:.string)
                  0081c418    00000038     libedma_xwr18xx.ae674 : edma_xwr1xxx.oe674 (.const:gEdmaHwAttrs)
                  0081c450    0000002c     ti.targets.rts6000.ae674 : Startup.oe674 (.const:.string)
                  0081c47c    00000028     dss_pa_pe674.oe674 (.const:ti_sysbios_heaps_HeapMem_Module__FXNS__C)
                  0081c4a4    00000004     dss_pa_pe674.oe674 (.const:ti_sysbios_family_c62_TaskSupport_stackAlignment__C)
                  0081c4a8    00000028     dss_pa_pe674.oe674 (.const:xdc_runtime_Startup_sfxnTab__A)
                  0081c4d0    00000024     rts6740_elf.lib : _printfi.c.obj (.const:.string)
                  0081c4f4    00000024     libmailbox_xwr18xx.ae674 : mailbox.oe674 (.const:Mailbox_defaultCfg)
                  0081c518    00000024     dss_pa_pe674.oe674 (.const:ti_sysbios_gates_GateHwi_Module__FXNS__C)
                  0081c53c    00000024     dss_pa_pe674.oe674 (.const:ti_sysbios_gates_GateMutex_Module__FXNS__C)
                  0081c560    00000024     dss_pa_pe674.oe674 (.const:ti_sysbios_heaps_HeapMem_Object__PARAMS__C)
                  0081c584    00000024     dss_pa_pe674.oe674 (.const:ti_sysbios_knl_Semaphore_Object__PARAMS__C)
                  0081c5a8    00000020     libosal_xwr18xx.ae674 : SemaphoreP_tirtos.oe674 (.const:.string)
                  0081c5c8    00000020     dss_pa_pe674.oe674 (.const:ti_sysbios_gates_GateHwi_Object__DESC__C)
                  0081c5e8    00000020     dss_pa_pe674.oe674 (.const:ti_sysbios_gates_GateMutex_Object__DESC__C)
                  0081c608    00000020     dss_pa_pe674.oe674 (.const:ti_sysbios_heaps_HeapMem_Object__DESC__C)
                  0081c628    00000020     dss_pa_pe674.oe674 (.const:ti_sysbios_knl_Queue_Object__DESC__C)
                  0081c648    00000020     dss_pa_pe674.oe674 (.const:ti_sysbios_knl_Semaphore_Object__DESC__C)
                  0081c668    00000020     dss_pa_pe674.oe674 (.const:ti_sysbios_knl_Task_Object__DESC__C)
                  0081c688    00000018     ti.targets.rts6000.ae674 : System.oe674 (.const:.string)
                  0081c6a0    00000018     dss_pa_pe674.oe674 (.const:ti_sysbios_gates_GateHwi_Object__PARAMS__C)
                  0081c6b8    00000018     dss_pa_pe674.oe674 (.const:ti_sysbios_gates_GateMutex_Object__PARAMS__C)
                  0081c6d0    00000018     dss_pa_pe674.oe674 (.const:ti_sysbios_knl_Queue_Object__PARAMS__C)
                  0081c6e8    00000018     dss_pa_pe674.oe674 (.const:ti_sysbios_knl_Task_hooks__A)
                  0081c700    00000014     libadcbuf_xwr18xx.ae674 : adcbuf_mmwave.oe674 (.const:.string)
                  0081c714    00000014                             : adcbuf_mmwave.oe674 (.const:gADCBufFxnTable)
                  0081c728    00000014     dss_pa_pe674.oe674 (.const:xdc_runtime_Startup_sfxnRts__A)
                  0081c73c    00000004     dss_pa_pe674.oe674 (.const:ti_sysbios_family_c64p_Cache_E_invalidL1CacheSize__C)
                  0081c740    00000010     libedma_xwr18xx.ae674 : edma.oe674 (.const:EDMA_config$1)
                  0081c750    00000010     libadcbuf_xwr18xx.ae674 : adcbuf_xwr1xxx.oe674 (.const:gADCBufHwCfg)
                  0081c760    00000010     dss_pa_pe674.oe674 (.const:ti_sysbios_family_c64p_EventCombiner_EVTMASK__C)
                  0081c770    0000000c     libadcbuf_xwr18xx.ae674 : ADCBuf.oe674 (.const:ADCBuf_defaultParams)
                  0081c77c    00000004     dss_pa_pe674.oe674 (.const:ti_sysbios_family_c64p_Cache_E_invalidL2CacheSize__C)
                  0081c780    0000000c     dss_pa_pe674.oe674 (.const:ti_sysbios_knl_Idle_funcList__A)
                  0081c78c    00000008     dss_pa_pe674.oe674 (.const:ti_sysbios_knl_Idle_funcList__C)
                  0081c794    00000008     dss_pa_pe674.oe674 (.const:ti_sysbios_knl_Task_hooks__C)
                  0081c79c    00000004     dss_pa_pe674.oe674 (.const:ti_sysbios_family_c64p_Cache_MAR0_31__C)
                  0081c7a0    00000008     dss_pa_pe674.oe674 (.const:xdc_runtime_Startup_firstFxns__A)
                  0081c7a8    00000008     dss_pa_pe674.oe674 (.const:xdc_runtime_Startup_firstFxns__C)
                  0081c7b0    00000008     dss_pa_pe674.oe674 (.const:xdc_runtime_Startup_lastFxns__C)
                  0081c7b8    00000004     dss_pa_pe674.oe674 (.const:ti_sysbios_family_c64p_Cache_MAR128_159__C)
                  0081c7bc    00000004     dss_pa_pe674.oe674 (.const:ti_sysbios_family_c64p_Cache_MAR160_191__C)
                  0081c7c0    00000004     dss_pa_pe674.oe674 (.const:ti_sysbios_family_c64p_Cache_MAR192_223__C)
                  0081c7c4    00000004     dss_pa_pe674.oe674 (.const:ti_sysbios_family_c64p_Cache_MAR224_255__C)
                  0081c7c8    00000004     dss_pa_pe674.oe674 (.const:ti_sysbios_family_c64p_Cache_MAR32_63__C)
                  0081c7cc    00000004     dss_pa_pe674.oe674 (.const:ti_sysbios_family_c64p_Cache_MAR64_95__C)
                  0081c7d0    00000004     dss_pa_pe674.oe674 (.const:ti_sysbios_family_c64p_Cache_MAR96_127__C)
                  0081c7d4    00000004     dss_pa_pe674.oe674 (.const:ti_sysbios_family_c64p_EventCombiner_A_invalidEventId__C)
                  0081c7d8    00000004     dss_pa_pe674.oe674 (.const:ti_sysbios_family_c64p_EventCombiner_EVTRegs__C)
                  0081c7dc    00000004     dss_pa_pe674.oe674 (.const:ti_sysbios_family_c64p_EventCombiner_E_unpluggedEvent__C)
                  0081c7e0    00000004     dss_pa_pe674.oe674 (.const:ti_sysbios_family_c64p_EventCombiner_Module__diagsEnabled__C)
                  0081c7e4    00000004     dss_pa_pe674.oe674 (.const:ti_sysbios_family_c64p_EventCombiner_Module__diagsIncluded__C)
                  0081c7e8    00000004     dss_pa_pe674.oe674 (.const:ti_sysbios_family_c64p_EventCombiner_Module__diagsMask__C)
                  0081c7ec    00000004     dss_pa_pe674.oe674 (.const:ti_sysbios_family_c64p_Exception_E_exceptionMax__C)
                  0081c7f0    00000004     dss_pa_pe674.oe674 (.const:ti_sysbios_family_c64p_Exception_exceptionHook__C)
                  0081c7f4    00000004     dss_pa_pe674.oe674 (.const:ti_sysbios_family_c64p_Exception_externalHook__C)
                  0081c7f8    00000004     dss_pa_pe674.oe674 (.const:ti_sysbios_family_c64p_Exception_internalHook__C)
                  0081c7fc    00000004     dss_pa_pe674.oe674 (.const:ti_sysbios_family_c64p_Exception_nmiHook__C)
                  0081c800    00000004     dss_pa_pe674.oe674 (.const:ti_sysbios_family_c64p_Hwi_INTRMUX1Address__C)
                  0081c804    00000004     dss_pa_pe674.oe674 (.const:ti_sysbios_family_c64p_Hwi_LD_end__C)
                  0081c808    00000004     dss_pa_pe674.oe674 (.const:ti_sysbios_family_c64p_Hwi_LM_begin__C)
                  0081c80c    00000004     dss_pa_pe674.oe674 (.const:ti_sysbios_family_c64p_Hwi_Module__diagsEnabled__C)
                  0081c810    00000004     dss_pa_pe674.oe674 (.const:ti_sysbios_family_c64p_Hwi_Module__diagsIncluded__C)
                  0081c814    00000004     dss_pa_pe674.oe674 (.const:ti_sysbios_family_c64p_Hwi_Module__diagsMask__C)
                  0081c818    00000004     dss_pa_pe674.oe674 (.const:ti_sysbios_family_c64p_Hwi_Module__loggerFxn1__C)
                  0081c81c    00000004     dss_pa_pe674.oe674 (.const:ti_sysbios_family_c64p_Hwi_Module__loggerFxn8__C)
                  0081c820    00000004     dss_pa_pe674.oe674 (.const:ti_sysbios_family_c64p_Hwi_Module__loggerObj__C)
                  0081c824    00000004     dss_pa_pe674.oe674 (.const:ti_sysbios_gates_GateMutex_A_badContext__C)
                  0081c828    00000004     dss_pa_pe674.oe674 (.const:ti_sysbios_gates_GateMutex_Instance_State_sem__O)
                  0081c82c    00000004     dss_pa_pe674.oe674 (.const:ti_sysbios_gates_GateMutex_Module__diagsEnabled__C)
                  0081c830    00000004     dss_pa_pe674.oe674 (.const:ti_sysbios_gates_GateMutex_Module__diagsIncluded__C)
                  0081c834    00000004     dss_pa_pe674.oe674 (.const:ti_sysbios_gates_GateMutex_Module__diagsMask__C)
                  0081c838    00000004     dss_pa_pe674.oe674 (.const:ti_sysbios_hal_Hwi_E_stackOverflow__C)
                  0081c83c    00000004     dss_pa_pe674.oe674 (.const:ti_sysbios_heaps_HeapMem_A_align__C)
                  0081c840    00000004     dss_pa_pe674.oe674 (.const:ti_sysbios_heaps_HeapMem_A_heapSize__C)
                  0081c844    00000004     dss_pa_pe674.oe674 (.const:ti_sysbios_heaps_HeapMem_A_invalidFree__C)
                  0081c848    00000004     dss_pa_pe674.oe674 (.const:ti_sysbios_heaps_HeapMem_A_zeroBlock__C)
                  0081c84c    00000004     dss_pa_pe674.oe674 (.const:ti_sysbios_heaps_HeapMem_E_memory__C)
                  0081c850    00000004     dss_pa_pe674.oe674 (.const:ti_sysbios_heaps_HeapMem_Module__diagsEnabled__C)
                  0081c854    00000004     dss_pa_pe674.oe674 (.const:ti_sysbios_heaps_HeapMem_Module__diagsIncluded__C)
                  0081c858    00000004     dss_pa_pe674.oe674 (.const:ti_sysbios_heaps_HeapMem_Module__diagsMask__C)
                  0081c85c    00000004     dss_pa_pe674.oe674 (.const:ti_sysbios_heaps_HeapMem_Module__gateObj__C)
                  0081c860    00000004     dss_pa_pe674.oe674 (.const:ti_sysbios_heaps_HeapMem_Object__count__C)
                  0081c864    00000004     dss_pa_pe674.oe674 (.const:ti_sysbios_heaps_HeapMem_reqAlign__C)
                  0081c868    00000004     dss_pa_pe674.oe674 (.const:ti_sysbios_knl_Clock_LM_begin__C)
                  0081c86c    00000004     dss_pa_pe674.oe674 (.const:ti_sysbios_knl_Clock_LM_tick__C)
                  0081c870    00000004     dss_pa_pe674.oe674 (.const:ti_sysbios_knl_Clock_LW_delayed__C)
                  0081c874    00000004     dss_pa_pe674.oe674 (.const:ti_sysbios_knl_Clock_Module_State_clockQ__O)
                  0081c878    00000004     dss_pa_pe674.oe674 (.const:ti_sysbios_knl_Clock_Module__diagsEnabled__C)
                  0081c87c    00000004     dss_pa_pe674.oe674 (.const:ti_sysbios_knl_Clock_Module__diagsIncluded__C)
                  0081c880    00000004     dss_pa_pe674.oe674 (.const:ti_sysbios_knl_Clock_Module__diagsMask__C)
                  0081c884    00000004     dss_pa_pe674.oe674 (.const:ti_sysbios_knl_Clock_Module__loggerFxn1__C)
                  0081c888    00000004     dss_pa_pe674.oe674 (.const:ti_sysbios_knl_Clock_Module__loggerFxn2__C)
                  0081c88c    00000004     dss_pa_pe674.oe674 (.const:ti_sysbios_knl_Clock_Module__loggerObj__C)
                  0081c890    00000004     dss_pa_pe674.oe674 (.const:ti_sysbios_knl_Semaphore_A_badContext__C)
                  0081c894    00000004     dss_pa_pe674.oe674 (.const:ti_sysbios_knl_Semaphore_A_noEvents__C)
                  0081c898    00000004     dss_pa_pe674.oe674 (.const:ti_sysbios_knl_Semaphore_A_overflow__C)
                  0081c89c    00000004     dss_pa_pe674.oe674 (.const:ti_sysbios_knl_Semaphore_A_pendTaskDisabled__C)
                  0081c8a0    00000004     dss_pa_pe674.oe674 (.const:ti_sysbios_knl_Semaphore_Instance_State_pendQ__O)
                  0081c8a4    00000004     dss_pa_pe674.oe674 (.const:ti_sysbios_knl_Semaphore_LM_pend__C)
                  0081c8a8    00000004     dss_pa_pe674.oe674 (.const:ti_sysbios_knl_Semaphore_LM_post__C)
                  0081c8ac    00000004     dss_pa_pe674.oe674 (.const:ti_sysbios_knl_Semaphore_Module__diagsEnabled__C)
                  0081c8b0    00000004     dss_pa_pe674.oe674 (.const:ti_sysbios_knl_Semaphore_Module__diagsIncluded__C)
                  0081c8b4    00000004     dss_pa_pe674.oe674 (.const:ti_sysbios_knl_Semaphore_Module__diagsMask__C)
                  0081c8b8    00000004     dss_pa_pe674.oe674 (.const:ti_sysbios_knl_Semaphore_Module__loggerFxn2__C)
                  0081c8bc    00000004     dss_pa_pe674.oe674 (.const:ti_sysbios_knl_Semaphore_Module__loggerFxn4__C)
                  0081c8c0    00000004     dss_pa_pe674.oe674 (.const:ti_sysbios_knl_Semaphore_Module__loggerObj__C)
                  0081c8c4    00000004     dss_pa_pe674.oe674 (.const:ti_sysbios_knl_Task_A_badPriority__C)
                  0081c8c8    00000004     dss_pa_pe674.oe674 (.const:ti_sysbios_knl_Task_A_badTaskState__C)
                  0081c8cc    00000004     dss_pa_pe674.oe674 (.const:ti_sysbios_knl_Task_A_badThreadType__C)
                  0081c8d0    00000004     dss_pa_pe674.oe674 (.const:ti_sysbios_knl_Task_A_noPendElem__C)
                  0081c8d4    00000004     dss_pa_pe674.oe674 (.const:ti_sysbios_knl_Task_E_spOutOfBounds__C)
                  0081c8d8    00000004     dss_pa_pe674.oe674 (.const:ti_sysbios_knl_Task_E_stackOverflow__C)
                  0081c8dc    00000004     dss_pa_pe674.oe674 (.const:ti_sysbios_knl_Task_LD_block__C)
                  0081c8e0    00000004     dss_pa_pe674.oe674 (.const:ti_sysbios_knl_Task_LD_exit__C)
                  0081c8e4    00000004     dss_pa_pe674.oe674 (.const:ti_sysbios_knl_Task_LD_ready__C)
                  0081c8e8    00000004     dss_pa_pe674.oe674 (.const:ti_sysbios_knl_Task_LM_switch__C)
                  0081c8ec    00000004     dss_pa_pe674.oe674 (.const:ti_sysbios_knl_Task_Module_State_inactiveQ__O)
                  0081c8f0    00000004     dss_pa_pe674.oe674 (.const:ti_sysbios_knl_Task_Module__diagsEnabled__C)
                  0081c8f4    00000004     dss_pa_pe674.oe674 (.const:ti_sysbios_knl_Task_Module__diagsIncluded__C)
                  0081c8f8    00000004     dss_pa_pe674.oe674 (.const:ti_sysbios_knl_Task_Module__diagsMask__C)
                  0081c8fc    00000004     dss_pa_pe674.oe674 (.const:ti_sysbios_knl_Task_Module__loggerFxn2__C)
                  0081c900    00000004     dss_pa_pe674.oe674 (.const:ti_sysbios_knl_Task_Module__loggerFxn4__C)
                  0081c904    00000004     dss_pa_pe674.oe674 (.const:ti_sysbios_knl_Task_Module__loggerObj__C)
                  0081c908    00000004     dss_pa_pe674.oe674 (.const:ti_sysbios_knl_Task_Object__count__C)
                  0081c90c    00000004     dss_pa_pe674.oe674 (.const:ti_sysbios_knl_Task_Object__heap__C)
                  0081c910    00000004     dss_pa_pe674.oe674 (.const:ti_sysbios_knl_Task_allBlockedFunc__C)
                  0081c914    00000004     dss_pa_pe674.oe674 (.const:ti_sysbios_knl_Task_defaultStackHeap__C)
                  0081c918    00000004     dss_pa_pe674.oe674 (.const:ti_sysbios_knl_Task_defaultStackSize__C)
                  0081c91c    00000004     dss_pa_pe674.oe674 (.const:ti_sysbios_knl_Task_numConstructedTasks__C)
                  0081c920    00000004     dss_pa_pe674.oe674 (.const:ti_sysbios_timers_rti_Timer_E_cannotSupport__C)
                  0081c924    00000004     dss_pa_pe674.oe674 (.const:ti_sysbios_timers_rti_Timer_Module__diagsEnabled__C)
                  0081c928    00000004     dss_pa_pe674.oe674 (.const:ti_sysbios_timers_rti_Timer_Module__diagsIncluded__C)
                  0081c92c    00000004     dss_pa_pe674.oe674 (.const:ti_sysbios_timers_rti_Timer_Module__diagsMask__C)
                  0081c930    00000004     dss_pa_pe674.oe674 (.const:ti_sysbios_timers_rti_Timer_numTimerDevices__C)
                  0081c934    00000004     dss_pa_pe674.oe674 (.const:ti_sysbios_timers_rti_Timer_startupNeeded__C)
                  0081c938    00000004     dss_pa_pe674.oe674 (.const:ti_sysbios_utils_Load_LS_cpuLoad__C)
                  0081c93c    00000004     dss_pa_pe674.oe674 (.const:ti_sysbios_utils_Load_LS_taskLoad__C)
                  0081c940    00000004     dss_pa_pe674.oe674 (.const:ti_sysbios_utils_Load_Module_State_taskList__O)
                  0081c944    00000004     dss_pa_pe674.oe674 (.const:ti_sysbios_utils_Load_Module__diagsEnabled__C)
                  0081c948    00000004     dss_pa_pe674.oe674 (.const:ti_sysbios_utils_Load_Module__diagsIncluded__C)
                  0081c94c    00000004     dss_pa_pe674.oe674 (.const:ti_sysbios_utils_Load_Module__diagsMask__C)
                  0081c950    00000004     dss_pa_pe674.oe674 (.const:ti_sysbios_utils_Load_Module__loggerFxn1__C)
                  0081c954    00000004     dss_pa_pe674.oe674 (.const:ti_sysbios_utils_Load_Module__loggerFxn4__C)
                  0081c958    00000004     dss_pa_pe674.oe674 (.const:ti_sysbios_utils_Load_Module__loggerObj__C)
                  0081c95c    00000004     dss_pa_pe674.oe674 (.const:ti_sysbios_utils_Load_postUpdate__C)
                  0081c960    00000004     dss_pa_pe674.oe674 (.const:ti_sysbios_utils_Load_windowInMs__C)
                  0081c964    00000004     dss_pa_pe674.oe674 (.const:xdc_runtime_Assert_E_assertFailed__C)
                  0081c968    00000004     dss_pa_pe674.oe674 (.const:xdc_runtime_Core_A_initializedParams__C)
                  0081c96c    00000004     dss_pa_pe674.oe674 (.const:xdc_runtime_Core_Module__diagsEnabled__C)
                  0081c970    00000004     dss_pa_pe674.oe674 (.const:xdc_runtime_Core_Module__diagsIncluded__C)
                  0081c974    00000004     dss_pa_pe674.oe674 (.const:xdc_runtime_Core_Module__diagsMask__C)
                  0081c978    00000004     dss_pa_pe674.oe674 (.const:xdc_runtime_Error_E_memory__C)
                  0081c97c    00000004     dss_pa_pe674.oe674 (.const:xdc_runtime_Error_Module__diagsEnabled__C)
                  0081c980    00000004     dss_pa_pe674.oe674 (.const:xdc_runtime_Error_Module__diagsIncluded__C)
                  0081c984    00000004     dss_pa_pe674.oe674 (.const:xdc_runtime_Error_Module__diagsMask__C)
                  0081c988    00000004     dss_pa_pe674.oe674 (.const:xdc_runtime_Error_Module__loggerFxn8__C)
                  0081c98c    00000004     dss_pa_pe674.oe674 (.const:xdc_runtime_Error_Module__loggerObj__C)
                  0081c990    00000004     dss_pa_pe674.oe674 (.const:xdc_runtime_Error_policyFxn__C)
                  0081c994    00000004     dss_pa_pe674.oe674 (.const:xdc_runtime_Error_policy__C)
                  0081c998    00000004     dss_pa_pe674.oe674 (.const:xdc_runtime_Error_raiseHook__C)
                  0081c99c    00000004     dss_pa_pe674.oe674 (.const:xdc_runtime_IGateProvider_Interface__BASE__C)
                  0081c9a0    00000004     dss_pa_pe674.oe674 (.const:xdc_runtime_IHeap_Interface__BASE__C)
                  0081c9a4    00000004     dss_pa_pe674.oe674 (.const:xdc_runtime_IModule_Interface__BASE__C)
                  0081c9a8    00000004     dss_pa_pe674.oe674 (.const:xdc_runtime_Log_L_error__C)
                  0081c9ac    00000004     dss_pa_pe674.oe674 (.const:xdc_runtime_Memory_defaultHeapInstance__C)
                  0081c9b0    00000004     dss_pa_pe674.oe674 (.const:xdc_runtime_Startup_execImpl__C)
                  0081c9b4    00000004     dss_pa_pe674.oe674 (.const:xdc_runtime_Startup_maxPasses__C)
                  0081c9b8    00000004     dss_pa_pe674.oe674 (.const:xdc_runtime_Startup_sfxnRts__C)
                  0081c9bc    00000004     dss_pa_pe674.oe674 (.const:xdc_runtime_Startup_sfxnTab__C)
                  0081c9c0    00000004     dss_pa_pe674.oe674 (.const:xdc_runtime_System_Module__gateObj__C)
                  0081c9c4    00000004     dss_pa_pe674.oe674 (.const:xdc_runtime_System_abortFxn__C)
                  0081c9c8    00000004     dss_pa_pe674.oe674 (.const:xdc_runtime_System_exitFxn__C)
                  0081c9cc    00000004     dss_pa_pe674.oe674 (.const:xdc_runtime_System_extendFxn__C)
                  0081c9d0    00000004     dss_pa_pe674.oe674 (.const:xdc_runtime_System_maxAtexitHandlers__C)
                  0081c9d4    00000004     dss_pa_pe674.oe674 (.const:xdc_runtime_Text_charTab__C)
                  0081c9d8    00000004     dss_pa_pe674.oe674 (.const:xdc_runtime_Text_nameEmpty__C)
                  0081c9dc    00000004     dss_pa_pe674.oe674 (.const:xdc_runtime_Text_nameStatic__C)
                  0081c9e0    00000004     dss_pa_pe674.oe674 (.const:xdc_runtime_Text_nameUnknown__C)
                  0081c9e4    00000004     dss_pa_pe674.oe674 (.const:xdc_runtime_Text_visitRopeFxn__C)
                  0081c9e8    00000002     dss_pa_pe674.oe674 (.const:ti_sysbios_family_c64p_EventCombiner_Module__id__C)
                  0081c9ea    00000002     dss_pa_pe674.oe674 (.const:ti_sysbios_family_c64p_Exception_Module__id__C)
                  0081c9ec    00000002     dss_pa_pe674.oe674 (.const:ti_sysbios_family_c64p_Exception_useInternalBuffer__C)
                  0081c9ee    00000002     dss_pa_pe674.oe674 (.const:ti_sysbios_family_c64p_Hwi_Module__id__C)
                  0081c9f0    00000002     dss_pa_pe674.oe674 (.const:ti_sysbios_family_c64p_Hwi_Module__loggerDefined__C)
                  0081c9f2    00000002     dss_pa_pe674.oe674 (.const:ti_sysbios_gates_GateMutex_Module__id__C)
                  0081c9f4    00000002     dss_pa_pe674.oe674 (.const:ti_sysbios_hal_Hwi_Module__id__C)
                  0081c9f6    00000002     dss_pa_pe674.oe674 (.const:ti_sysbios_heaps_HeapMem_Module__id__C)
                  0081c9f8    00000002     dss_pa_pe674.oe674 (.const:ti_sysbios_knl_Clock_Module__id__C)
                  0081c9fa    00000002     dss_pa_pe674.oe674 (.const:ti_sysbios_knl_Clock_Module__loggerDefined__C)
                  0081c9fc    00000002     dss_pa_pe674.oe674 (.const:ti_sysbios_knl_Semaphore_Module__id__C)
                  0081c9fe    00000002     dss_pa_pe674.oe674 (.const:ti_sysbios_knl_Semaphore_Module__loggerDefined__C)
                  0081ca00    00000002     dss_pa_pe674.oe674 (.const:ti_sysbios_knl_Task_Module__id__C)
[...]
0081c668  ti_sysbios_knl_Task_Object__DESC__C                          
0081c6a0  ti_sysbios_gates_GateHwi_Object__PARAMS__C                   
0081c6b8  ti_sysbios_gates_GateMutex_Object__PARAMS__C                 
0081c6d0  ti_sysbios_knl_Queue_Object__PARAMS__C                       
0081c6e8  ti_sysbios_knl_Task_hooks__A                                 
0081c714  gADCBufFxnTable                                              
0081c728  xdc_runtime_Startup_sfxnRts__A                               
0081c73c  ti_sysbios_family_c64p_Cache_E_invalidL1CacheSize__C         
0081c750  gADCBufHwCfg                                                 
0081c760  ti_sysbios_family_c64p_EventCombiner_EVTMASK__C              
0081c770  ADCBuf_defaultParams                                         
0081c77c  ti_sysbios_family_c64p_Cache_E_invalidL2CacheSize__C         
0081c780  ti_sysbios_knl_Idle_funcList__A                              
0081c78c  ti_sysbios_knl_Idle_funcList__C                              
0081c794  ti_sysbios_knl_Task_hooks__C                                 
0081c79c  ti_sysbios_family_c64p_Cache_MAR0_31__C                      
0081c7a0  xdc_runtime_Startup_firstFxns__A                             
0081c7a8  xdc_runtime_Startup_firstFxns__C                             
0081c7b0  xdc_runtime_Startup_lastFxns__C                              
0081c7b8  ti_sysbios_family_c64p_Cache_MAR128_159__C                   
0081c7bc  ti_sysbios_family_c64p_Cache_MAR160_191__C                   
0081c7c0  ti_sysbios_family_c64p_Cache_MAR192_223__C                   
0081c7c4  ti_sysbios_family_c64p_Cache_MAR224_255__C                   
0081c7c8  ti_sysbios_family_c64p_Cache_MAR32_63__C                     
0081c7cc  ti_sysbios_family_c64p_Cache_MAR64_95__C                     
0081c7d0  ti_sysbios_family_c64p_Cache_MAR96_127__C                    
0081c7d4  ti_sysbios_family_c64p_EventCombiner_A_invalidEventId__C     
0081c7d8  ti_sysbios_family_c64p_EventCombiner_EVTRegs__C              
0081c7dc  ti_sysbios_family_c64p_EventCombiner_E_unpluggedEvent__C     
0081c7e0  ti_sysbios_family_c64p_EventCombiner_Module__diagsEnabled__C 
0081c7e4  ti_sysbios_family_c64p_EventCombiner_Module__diagsIncluded__C
0081c7e8  ti_sysbios_family_c64p_EventCombiner_Module__diagsMask__C    
0081c7ec  ti_sysbios_family_c64p_Exception_E_exceptionMax__C           
0081c7f0  ti_sysbios_family_c64p_Exception_exceptionHook__C            
0081c7f4  ti_sysbios_family_c64p_Exception_externalHook__C             
0081c7f8  ti_sysbios_family_c64p_Exception_internalHook__C             
0081c7fc  ti_sysbios_family_c64p_Exception_nmiHook__C                  
0081c800  ti_sysbios_family_c64p_Hwi_INTRMUX1Address__C                
0081c804  ti_sysbios_family_c64p_Hwi_LD_end__C                         
0081c808  ti_sysbios_family_c64p_Hwi_LM_begin__C                       
0081c80c  ti_sysbios_family_c64p_Hwi_Module__diagsEnabled__C           
0081c810  ti_sysbios_family_c64p_Hwi_Module__diagsIncluded__C          
0081c814  ti_sysbios_family_c64p_Hwi_Module__diagsMask__C              
0081c818  ti_sysbios_family_c64p_Hwi_Module__loggerFxn1__C             
0081c81c  ti_sysbios_family_c64p_Hwi_Module__loggerFxn8__C             
0081c820  ti_sysbios_family_c64p_Hwi_Module__loggerObj__C              
0081c824  ti_sysbios_gates_GateMutex_A_badContext__C                   
0081c828  ti_sysbios_gates_GateMutex_Instance_State_sem__O             
0081c82c  ti_sysbios_gates_GateMutex_Module__diagsEnabled__C           
0081c830  ti_sysbios_gates_GateMutex_Module__diagsIncluded__C          
0081c834  ti_sysbios_gates_GateMutex_Module__diagsMask__C              
0081c838  ti_sysbios_hal_Hwi_E_stackOverflow__C                        
0081c83c  ti_sysbios_heaps_HeapMem_A_align__C                          
0081c840  ti_sysbios_heaps_HeapMem_A_heapSize__C                       
0081c844  ti_sysbios_heaps_HeapMem_A_invalidFree__C                    
0081c848  ti_sysbios_heaps_HeapMem_A_zeroBlock__C                      
0081c84c  ti_sysbios_heaps_HeapMem_E_memory__C                         
0081c850  ti_sysbios_heaps_HeapMem_Module__diagsEnabled__C             
0081c854  ti_sysbios_heaps_HeapMem_Module__diagsIncluded__C            
0081c858  ti_sysbios_heaps_HeapMem_Module__diagsMask__C                
0081c85c  ti_sysbios_heaps_HeapMem_Module__gateObj__C                  
0081c860  ti_sysbios_heaps_HeapMem_Object__count__C                    
0081c864  ti_sysbios_heaps_HeapMem_reqAlign__C                         
0081c868  ti_sysbios_knl_Clock_LM_begin__C                             
0081c86c  ti_sysbios_knl_Clock_LM_tick__C                              
0081c870  ti_sysbios_knl_Clock_LW_delayed__C                           
0081c874  ti_sysbios_knl_Clock_Module_State_clockQ__O                  
0081c878  ti_sysbios_knl_Clock_Module__diagsEnabled__C                 
0081c87c  ti_sysbios_knl_Clock_Module__diagsIncluded__C                
0081c880  ti_sysbios_knl_Clock_Module__diagsMask__C                    
0081c884  ti_sysbios_knl_Clock_Module__loggerFxn1__C                   
0081c888  ti_sysbios_knl_Clock_Module__loggerFxn2__C                   
0081c88c  ti_sysbios_knl_Clock_Module__loggerObj__C                    
0081c890  ti_sysbios_knl_Semaphore_A_badContext__C                     
0081c894  ti_sysbios_knl_Semaphore_A_noEvents__C                       
0081c898  ti_sysbios_knl_Semaphore_A_overflow__C                       
0081c89c  ti_sysbios_knl_Semaphore_A_pendTaskDisabled__C               
0081c8a0  ti_sysbios_knl_Semaphore_Instance_State_pendQ__O             
0081c8a4  ti_sysbios_knl_Semaphore_LM_pend__C                          
0081c8a8  ti_sysbios_knl_Semaphore_LM_post__C                          
0081c8ac  ti_sysbios_knl_Semaphore_Module__diagsEnabled__C             
0081c8b0  ti_sysbios_knl_Semaphore_Module__diagsIncluded__C            
0081c8b4  ti_sysbios_knl_Semaphore_Module__diagsMask__C                
0081c8b8  ti_sysbios_knl_Semaphore_Module__loggerFxn2__C               
0081c8bc  ti_sysbios_knl_Semaphore_Module__loggerFxn4__C               
0081c8c0  ti_sysbios_knl_Semaphore_Module__loggerObj__C                
0081c8c4  ti_sysbios_knl_Task_A_badPriority__C                         
0081c8c8  ti_sysbios_knl_Task_A_badTaskState__C                        
0081c8cc  ti_sysbios_knl_Task_A_badThreadType__C                       
0081c8d0  ti_sysbios_knl_Task_A_noPendElem__C                          
0081c8d4  ti_sysbios_knl_Task_E_spOutOfBounds__C                       
0081c8d8  ti_sysbios_knl_Task_E_stackOverflow__C                       
0081c8dc  ti_sysbios_knl_Task_LD_block__C                              
0081c8e0  ti_sysbios_knl_Task_LD_exit__C                               
0081c8e4  ti_sysbios_knl_Task_LD_ready__C                              
0081c8e8  ti_sysbios_knl_Task_LM_switch__C                             
0081c8ec  ti_sysbios_knl_Task_Module_State_inactiveQ__O                
0081c8f0  ti_sysbios_knl_Task_Module__diagsEnabled__C                  
0081c8f4  ti_sysbios_knl_Task_Module__diagsIncluded__C                 
0081c8f8  ti_sysbios_knl_Task_Module__diagsMask__C                     
0081c8fc  ti_sysbios_knl_Task_Module__loggerFxn2__C                    
0081c900  ti_sysbios_knl_Task_Module__loggerFxn4__C                    
0081c904  ti_sysbios_knl_Task_Module__loggerObj__C                     
0081c908  ti_sysbios_knl_Task_Object__count__C                         
0081c90c  ti_sysbios_knl_Task_Object__heap__C                          
0081c910  ti_sysbios_knl_Task_allBlockedFunc__C                        
0081c914  ti_sysbios_knl_Task_defaultStackHeap__C                      
0081c918  ti_sysbios_knl_Task_defaultStackSize__C                      
0081c91c  ti_sysbios_knl_Task_numConstructedTasks__C                   
0081c920  ti_sysbios_timers_rti_Timer_E_cannotSupport__C               
0081c924  ti_sysbios_timers_rti_Timer_Module__diagsEnabled__C          
0081c928  ti_sysbios_timers_rti_Timer_Module__diagsIncluded__C         
0081c92c  ti_sysbios_timers_rti_Timer_Module__diagsMask__C             
0081c930  ti_sysbios_timers_rti_Timer_numTimerDevices__C               
0081c934  ti_sysbios_timers_rti_Timer_startupNeeded__C                 
0081c938  ti_sysbios_utils_Load_LS_cpuLoad__C                          
0081c93c  ti_sysbios_utils_Load_LS_taskLoad__C                         
0081c940  ti_sysbios_utils_Load_Module_State_taskList__O               
0081c944  ti_sysbios_utils_Load_Module__diagsEnabled__C                
0081c948  ti_sysbios_utils_Load_Module__diagsIncluded__C               
0081c94c  ti_sysbios_utils_Load_Module__diagsMask__C                   
0081c950  ti_sysbios_utils_Load_Module__loggerFxn1__C                  
0081c954  ti_sysbios_utils_Load_Module__loggerFxn4__C                  
0081c958  ti_sysbios_utils_Load_Module__loggerObj__C                   
0081c95c  ti_sysbios_utils_Load_postUpdate__C                          
0081c960  ti_sysbios_utils_Load_windowInMs__C                          
0081c964  xdc_runtime_Assert_E_assertFailed__C                         
0081c968  xdc_runtime_Core_A_initializedParams__C                      
0081c96c  xdc_runtime_Core_Module__diagsEnabled__C                     
0081c970  xdc_runtime_Core_Module__diagsIncluded__C                    
0081c974  xdc_runtime_Core_Module__diagsMask__C                        
0081c978  xdc_runtime_Error_E_memory__C                                
0081c97c  xdc_runtime_Error_Module__diagsEnabled__C                    
0081c980  xdc_runtime_Error_Module__diagsIncluded__C                   
0081c984  xdc_runtime_Error_Module__diagsMask__C                       
0081c988  xdc_runtime_Error_Module__loggerFxn8__C                      
0081c98c  xdc_runtime_Error_Module__loggerObj__C                       
0081c990  xdc_runtime_Error_policyFxn__C                               
0081c994  xdc_runtime_Error_policy__C                                  
0081c998  xdc_runtime_Error_raiseHook__C                               
0081c99c  xdc_runtime_IGateProvider_Interface__BASE__C                 
0081c9a0  xdc_runtime_IHeap_Interface__BASE__C                         
0081c9a4  xdc_runtime_IModule_Interface__BASE__C                       
0081c9a8  xdc_runtime_Log_L_error__C                                   
0081c9ac  xdc_runtime_Memory_defaultHeapInstance__C                    
0081c9b0  xdc_runtime_Startup_execImpl__C                              
0081c9b4  xdc_runtime_Startup_maxPasses__C                             
0081c9b8  xdc_runtime_Startup_sfxnRts__C                               
0081c9bc  xdc_runtime_Startup_sfxnTab__C                               
0081c9c0  xdc_runtime_System_Module__gateObj__C                        
0081c9c4  xdc_runtime_System_abortFxn__C                               
0081c9c8  xdc_runtime_System_exitFxn__C                                
0081c9cc  xdc_runtime_System_extendFxn__C                              
0081c9d0  xdc_runtime_System_maxAtexitHandlers__C                      
0081c9d4  xdc_runtime_Text_charTab__C                                  
0081c9d8  xdc_runtime_Text_nameEmpty__C                                
0081c9dc  xdc_runtime_Text_nameStatic__C                               
0081c9e0  xdc_runtime_Text_nameUnknown__C                              
0081c9e4  xdc_runtime_Text_visitRopeFxn__C                             
0081c9e8  ti_sysbios_family_c64p_EventCombiner_Module__id__C           
0081c9ea  ti_sysbios_family_c64p_Exception_Module__id__C               
0081c9ec  ti_sysbios_family_c64p_Exception_useInternalBuffer__C        
0081c9ee  ti_sysbios_family_c64p_Hwi_Module__id__C                     
0081c9f0  ti_sysbios_family_c64p_Hwi_Module__loggerDefined__C          
0081c9f2  ti_sysbios_gates_GateMutex_Module__id__C                     
0081c9f4  ti_sysbios_hal_Hwi_Module__id__C                             
0081c9f6  ti_sysbios_heaps_HeapMem_Module__id__C                       
0081c9f8  ti_sysbios_knl_Clock_Module__id__C                           
0081c9fa  ti_sysbios_knl_Clock_Module__loggerDefined__C                
0081c9fc  ti_sysbios_knl_Semaphore_Module__id__C                       
0081c9fe  ti_sysbios_knl_Semaphore_Module__loggerDefined__C            
0081ca00  ti_sysbios_knl_Task_Module__id__C                            
0081ca02  ti_sysbios_knl_Task_Module__loggerDefined__C                 
0081ca04  ti_sysbios_timers_rti_Timer_Module__id__C                    
0081ca06  ti_sysbios_timers_rti_Timer_continueOnSuspend__C             
0081ca08  ti_sysbios_utils_Load_Module__id__C                          
0081ca0a  ti_sysbios_utils_Load_Module__loggerDefined__C               
0081ca0c  ti_sysbios_utils_Load_autoAddTasks__C                        
0081ca0e  ti_sysbios_utils_Load_updateInIdle__C                        
0081ca10  xdc_runtime_Core_Module__id__C                               
0081ca12  xdc_runtime_Error_Module__loggerDefined__C                   
0081ca14  xdc_runtime_Error_maxDepth__C                                
0081ca16  xdc_runtime_Main_Module__id__C                               
0081ca18  xdc_runtime_Memory_Module__id__C                             
0081ca1a  xdc_runtime_Text_charCnt__C                                  
0081ca1c  xdc_runtime_Text_isLoaded__C                                 
0081ca1e  xdc_runtime_Text_registryModsLastId__C                       
0081ca20  xdc_runtime_Text_unnamedModsLastId__C                        
0081ca28  xdc_runtime_Text_charTab__A                                  
0081ca30  ti_sysbios_family_c64p_EventCombiner_Module__state__V        
0081ce30  _ftable                                                      
0081d010  _stream                                                      
0081d0b0  ti_sysbios_utils_Load_Module__state__V                       
0081d1d0  ti_sysbios_knl_Task_Module_State_0_readyQ__A                 
0081d250  _device                                                      
0081d2c8  ti_sysbios_family_c64p_Hwi_Object__table__V                  
0081d340  ti_sysbios_family_c64p_Hwi_Module__state__V                  
0081d3ac  _lock                                                        
0081d410  ti_sysbios_knl_Task_Object__table__V                         
0081d46c  gMailboxMCB                                                  
0081d4bc  ti_sysbios_knl_Task_Module__state__V                         
0081d504  _unlock                                                      
0081d5c8  SOC_TranslateAddr_LUT                                        
0081d688  ti_math_logtable                                             
0081d6c8  ti_sysbios_gates_GateMutex_Object__table__V                  
0081d708  ti_sysbios_timers_rti_Timer_Object__table__V                 
0081d744  __TI_ft_end                                                  
0081d780  ti_sysbios_family_c64p_Exception_Module__state__V            
0081d7b0  ti_sysbios_knl_Clock_Module__state__V                        
0081d7dc  ti_sysbios_BIOS_Module__state__V                             
0081d840  xdc_runtime_Error_IgnoreBlock                                
0081d860  ti_sysbios_utils_Load_Module_State_0_taskEnv__A              
0081d87c  __errno                                                      
0081d87c  errno                                                        
0081d880  ADCBuf_config                                                
0081d898  gMailboxDssBssHwCfg                                          
0081d8b0  gMailboxDssMssHwCfg                                          
0081d8c8  gSOCHwAttrib                                                 
0081d8e0  ti_sysbios_heaps_HeapMem_Object__table__V                    
0081d8f8  ti_sysbios_timers_rti_Timer_Module_State_0_device__A         
0081d910  aziAntennaMap                                                
0081d920  ti_sysbios_timers_rti_Timer_Module_State_0_intFreqs__A       
0081d930  ti_sysbios_timers_rti_Timer_Module__state__V                 
0081d940  __TI_cleanup_ptr                                             
0081d944  __TI_dtors_ptr                                               
0081d948  __TI_enable_exit_profile_output                              
0081d94c  ti_sysbios_family_c64p_Cache_Module__state__V                
0081d950  ele0AntennaMap                                               
0081d958  ele1AntennaMap                                               
0081d960  ti_sysbios_gates_GateHwi_Module__root__V                     
0081d968  ti_sysbios_gates_GateMutex_Module__root__V                   
0081d970  ti_sysbios_hal_Hwi_Object__table__V                          
0081d978  ti_sysbios_heaps_HeapMem_Module__root__V                     
0081d980  ti_sysbios_knl_Queue_Module__root__V                         
0081d988  ti_sysbios_knl_Semaphore_Module__root__V                     
0081d990  ti_sysbios_knl_Task_Module__root__V                          
0081d998  ti_sysbios_timers_rti_Timer_Module_State_0_handles__A        
0081d9a0  xdc_runtime_Registry_Module__state__V                        
0081d9a8  xdc_runtime_Startup_Module__state__V                         
0081d9b0  xdc_runtime_System_Module__state__V                          
0081d9b8  ti_sysbios_gates_GateHwi_Object__table__V                    
0081d9bc  xdc_runtime_Memory_Module__state__V                          
0081d9c0  ti_sysbios_knl_Task_Module_State_0_idleTask__A               
0081d9c4  xdc_runtime_Error_Module__state__V                           
0081d9c8  ti_sysbios_utils_Load_Module_State_0_runningTask__A          
0081d9d0  ti_sysbios_utils_Load_Module_State_0_taskStartTime__A        
0081d9d8  _stack                                                       
0081e1d8  __CIOBUF_                                                    
0081e1d8  __TI_STACK_END                                               
0081e3d0  __TI_STATIC_BASE                                             
0081e3d4  regionId                                                     
0081e3d8  _MmwDemo_fastCode_L1PSRAM_copy_table                         
0081e3d8  __TI_table__MmwDemo_fastCode_L1PSRAM_copy_table              
00e00000  DSP_fft16x16_imre                                            
00e00300  mmwavelib_windowing16x16                                     
00e00460  MmwDemo_processChirp                                         
00e00800  MmwDemo_interChirpProcessing                                 
00e00ae0  MmwDemo_waitEndOfChirps                                      
00f00000  gMmwL1                                                       
20000000  _L3data_start                                                
20000000  gMmwL3                                                       
20000b40  MmwDemo_dataPathInitEdma                                     
21080000  gHSRAM                                                       
ffffffff  __TI_pprof_out_hndl                                          
ffffffff  __TI_prof_data_size                                          
ffffffff  __TI_prof_data_start                                         
ffffffff  __binit__                                                    
ffffffff  __c_args__                                                   
ffffffff  binit                                                        
UNDEFED   __TI_CINIT_Base                                              
UNDEFED   __TI_CINIT_Limit                                             
UNDEFED   __TI_Handler_Table_Base                                      
UNDEFED   __TI_Handler_Table_Limit                                     
UNDEFED   __TI_INITARRAY_Base                                          
UNDEFED   __TI_INITARRAY_Limit                                         
UNDEFED   __TI_TLS_INIT_Base                                           
UNDEFED   __TI_TLS_INIT_Limit                                          

[835 symbols]
